Archive member included to satisfy reference by file (symbol)

app/libapp.a(main.c.obj)      (--whole-archive)
zephyr/libzephyr.a(cbprintf_packaged.c.obj)
                              (--whole-archive)
zephyr/libzephyr.a(dec.c.obj)
                              (--whole-archive)
zephyr/libzephyr.a(fdtable.c.obj)
                              (--whole-archive)
zephyr/libzephyr.a(hex.c.obj)
                              (--whole-archive)
zephyr/libzephyr.a(printk.c.obj)
                              (--whole-archive)
zephyr/libzephyr.a(rb.c.obj)  (--whole-archive)
zephyr/libzephyr.a(sem.c.obj)
                              (--whole-archive)
zephyr/libzephyr.a(thread_entry.c.obj)
                              (--whole-archive)
zephyr/libzephyr.a(timeutil.c.obj)
                              (--whole-archive)
zephyr/libzephyr.a(heap.c.obj)
                              (--whole-archive)
zephyr/libzephyr.a(heap-validate.c.obj)
                              (--whole-archive)
zephyr/libzephyr.a(bitarray.c.obj)
                              (--whole-archive)
zephyr/libzephyr.a(multi_heap.c.obj)
                              (--whole-archive)
zephyr/libzephyr.a(onoff.c.obj)
                              (--whole-archive)
zephyr/libzephyr.a(notify.c.obj)
                              (--whole-archive)
zephyr/libzephyr.a(crc32c_sw.c.obj)
                              (--whole-archive)
zephyr/libzephyr.a(crc32_sw.c.obj)
                              (--whole-archive)
zephyr/libzephyr.a(crc16_sw.c.obj)
                              (--whole-archive)
zephyr/libzephyr.a(crc8_sw.c.obj)
                              (--whole-archive)
zephyr/libzephyr.a(crc7_sw.c.obj)
                              (--whole-archive)
zephyr/libzephyr.a(cbprintf_complete.c.obj)
                              (--whole-archive)
zephyr/libzephyr.a(cbprintf.c.obj)
                              (--whole-archive)
zephyr/libzephyr.a(assert.c.obj)
                              (--whole-archive)
zephyr/libzephyr.a(reboot.c.obj)
                              (--whole-archive)
zephyr/libzephyr.a(configs.c.obj)
                              (--whole-archive)
zephyr/libzephyr.a(soc.c.obj)
                              (--whole-archive)
zephyr/libzephyr.a(soc_nrf_common.S.obj)
                              (--whole-archive)
zephyr/libzephyr.a(validate_base_addresses.c.obj)
                              (--whole-archive)
zephyr/libzephyr.a(validate_enabled_instances.c.obj)
                              (--whole-archive)
zephyr/libzephyr.a(log_minimal.c.obj)
                              (--whole-archive)
zephyr/libzephyr.a(stream_flash.c.obj)
                              (--whole-archive)
zephyr/libzephyr.a(tracing_none.c.obj)
                              (--whole-archive)
zephyr/libzephyr.a(flash_map_partition_manager.c.obj)
                              (--whole-archive)
zephyr/arch/common/libarch__common.a(sw_isr_common.c.obj)
                              (--whole-archive)
zephyr/arch/arch/arm/core/aarch32/libarch__arm__core__aarch32.a(cpu_idle.S.obj)
                              (--whole-archive)
zephyr/arch/arch/arm/core/aarch32/libarch__arm__core__aarch32.a(fatal.c.obj)
                              (--whole-archive)
zephyr/arch/arch/arm/core/aarch32/libarch__arm__core__aarch32.a(irq_manage.c.obj)
                              (--whole-archive)
zephyr/arch/arch/arm/core/aarch32/libarch__arm__core__aarch32.a(nmi.c.obj)
                              (--whole-archive)
zephyr/arch/arch/arm/core/aarch32/libarch__arm__core__aarch32.a(nmi_on_reset.S.obj)
                              (--whole-archive)
zephyr/arch/arch/arm/core/aarch32/libarch__arm__core__aarch32.a(prep_c.c.obj)
                              (--whole-archive)
zephyr/arch/arch/arm/core/aarch32/libarch__arm__core__aarch32.a(swap.c.obj)
                              (--whole-archive)
zephyr/arch/arch/arm/core/aarch32/libarch__arm__core__aarch32.a(swap_helper.S.obj)
                              (--whole-archive)
zephyr/arch/arch/arm/core/aarch32/libarch__arm__core__aarch32.a(thread.c.obj)
                              (--whole-archive)
zephyr/arch/arch/arm/core/aarch32/libarch__arm__core__aarch32.a(isr_wrapper.S.obj)
                              (--whole-archive)
zephyr/arch/arch/arm/core/aarch32/cortex_m/libarch__arm__core__aarch32__cortex_m.a(exc_exit.S.obj)
                              (--whole-archive)
zephyr/arch/arch/arm/core/aarch32/cortex_m/libarch__arm__core__aarch32__cortex_m.a(fault.c.obj)
                              (--whole-archive)
zephyr/arch/arch/arm/core/aarch32/cortex_m/libarch__arm__core__aarch32__cortex_m.a(fault_s.S.obj)
                              (--whole-archive)
zephyr/arch/arch/arm/core/aarch32/cortex_m/libarch__arm__core__aarch32__cortex_m.a(fpu.c.obj)
                              (--whole-archive)
zephyr/arch/arch/arm/core/aarch32/cortex_m/libarch__arm__core__aarch32__cortex_m.a(irq_init.c.obj)
                              (--whole-archive)
[...]
Memory Configuration

Name             Origin             Length             Attributes
FLASH            0x0000000001000000 0x0000000000008580 xr
RAM              0x0000000021000000 0x0000000000010000 xw
SRAM1            0x0000000021000000 0x0000000000010000
IDT_LIST         0x00000000fffff7ff 0x0000000000000800 xw
*default*        0x0000000000000000 0xffffffffffffffff

Linker script and memory map

LOAD zephyr/CMakeFiles/zephyr_final.dir/misc/empty_file.c.obj
LOAD zephyr/CMakeFiles/zephyr_final.dir/dev_handles.c.obj
LOAD zephyr/CMakeFiles/zephyr_final.dir/isr_tables.c.obj
LOAD app/libapp.a
LOAD zephyr/libzephyr.a
LOAD zephyr/arch/common/libarch__common.a
LOAD zephyr/arch/arch/arm/core/aarch32/libarch__arm__core__aarch32.a
LOAD zephyr/arch/arch/arm/core/aarch32/cortex_m/libarch__arm__core__aarch32__cortex_m.a
LOAD zephyr/arch/arch/arm/core/aarch32/cortex_m/cmse/libarch__arm__core__aarch32__cortex_m__cmse.a
LOAD zephyr/lib/libc/minimal/liblib__libc__minimal.a
LOAD zephyr/drivers/clock_control/libdrivers__clock_control.a
LOAD zephyr/drivers/console/libdrivers__console.a
LOAD zephyr/drivers/flash/libdrivers__flash.a
LOAD zephyr/drivers/pinctrl/libdrivers__pinctrl.a
LOAD zephyr/drivers/serial/libdrivers__serial.a
LOAD zephyr/drivers/timer/libdrivers__timer.a
LOAD modules/nrf/lib/fprotect/lib..__nrf__lib__fprotect.a
LOAD modules/nrf/lib/fatal_error/lib..__nrf__lib__fatal_error.a
LOAD modules/nrf/subsys/bootloader/bl_boot/lib..__nrf__subsys__bootloader__bl_boot.a
LOAD modules/nrf/subsys/bootloader/bl_crypto/lib..__nrf__subsys__bootloader__bl_crypto.a
LOAD modules/nrf/subsys/bootloader/bl_validation/lib..__nrf__subsys__bootloader__bl_validation.a
LOAD modules/nrf/subsys/bootloader/bl_storage/lib..__nrf__subsys__bootloader__bl_storage.a
LOAD modules/nrf/subsys/pcd/lib..__nrf__subsys__pcd.a
LOAD modules/nrf/subsys/fw_info/lib..__nrf__subsys__fw_info.a
LOAD modules/hal_nordic/nrfx/libmodules__hal_nordic__nrfx.a
LOAD zephyr/kernel/libkernel.a
LOAD zephyr/CMakeFiles/offsets.dir/./arch/arm/core/offsets/offsets.c.obj
LOAD c:/ncs/toolchains/31f4403e35/opt/zephyr-sdk/arm-zephyr-eabi/bin/../lib/gcc/arm-zephyr-eabi/12.2.0/thumb/v8-m.main/nofp\libgcc.a
LOAD zephyr/arch/common/libisr_tables.a
LOAD C:/ncs/v2.4.2/nrfxlib/crypto/nrf_oberon/lib/cortex-m33+nodsp/soft-float/liboberon_3.0.13.a
                0x0000000000000004                _region_min_align = 0x4

.rel.plt        0x0000000001000000        0x0
 *(SORT_BY_ALIGNMENT(.rel.plt))
                [!provide]                        PROVIDE (__rel_iplt_start = .)
 *(SORT_BY_ALIGNMENT(.rel.iplt))
 .rel.iplt      0x0000000001000000        0x0 zephyr/CMakeFiles/zephyr_final.dir/isr_tables.c.obj
                [!provide]                        PROVIDE (__rel_iplt_end = .)

.rela.plt       0x0000000000000000        0x0
 *(SORT_BY_ALIGNMENT(.rela.plt))
                [!provide]                        PROVIDE (__rela_iplt_start = .)
 *(SORT_BY_ALIGNMENT(.rela.iplt))
                [!provide]                        PROVIDE (__rela_iplt_end = .)

.rel.dyn
 *(SORT_BY_ALIGNMENT(.rel.*))

.rela.dyn
 *(SORT_BY_ALIGNMENT(.rela.*))

/DISCARD/
 *(SORT_BY_ALIGNMENT(.plt))

/DISCARD/
 *(SORT_BY_ALIGNMENT(.iplt))
                0x0000000001000000                __rom_region_start = 0x1000000

rom_start       0x0000000001000000      0x23c
                0x0000000000000000                . = 0x0
                0x0000000000000000                . = ALIGN (0x4)
                0x0000000000000000                . = ALIGN (0x80)
                0x0000000000000000                . = ALIGN (0x100)
                0x0000000001000000                _vector_start = .
 *(SORT_BY_ALIGNMENT(.exc_vector_table))
 *(SORT_BY_ALIGNMENT(.exc_vector_table.*))
 .exc_vector_table._vector_table_section
                0x0000000001000000       0x40 zephyr/arch/arch/arm/core/aarch32/cortex_m/libarch__arm__core__aarch32__cortex_m.a(vector_table.S.obj)
                0x0000000001000000                _vector_table
 *(SORT_BY_ALIGNMENT(.vectors))
                0x00000000010000b8                _vector_end = .
                0x0000000001000040                . = ALIGN (0x4)
 *(SORT_BY_ALIGNMENT(.gnu.linkonce.irq_vector_table*))
 .gnu.linkonce.irq_vector_table
                0x0000000001000040       0x78 zephyr/CMakeFiles/zephyr_final.dir/isr_tables.c.obj
                0x0000000001000040                _irq_vector_table
                0x00000000010000b8                _vector_end = .
                0x0000000000000200                . = 0x200
 *fill*         0x00000000010000b8      0x148 
                0x0000000001000200                _fw_info_start = .
 *(SORT_BY_NAME(SORT_BY_ALIGNMENT(.firmware_info*)))
 .firmware_info
                0x0000000001000200       0x3c modules/nrf/subsys/fw_info/lib..__nrf__subsys__fw_info.a(fw_info.c.obj)
                0x0000000001000200                m_firmware_info
                0x000000000000003c                _fw_info_size = ABSOLUTE ((. - _fw_info_start))

text            0x000000000100023c     0x4618
                0x000000000100023c                __text_region_start = .
 *(SORT_BY_ALIGNMENT(.text))
 .text          0x000000000100023c       0x30 c:/ncs/toolchains/31f4403e35/opt/zephyr-sdk/arm-zephyr-eabi/bin/../lib/gcc/arm-zephyr-eabi/12.2.0/thumb/v8-m.main/nofp\libgcc.a(_aeabi_uldivmod.o)
                0x000000000100023c                __aeabi_uldivmod
 .text          0x000000000100026c        0x4 c:/ncs/toolchains/31f4403e35/opt/zephyr-sdk/arm-zephyr-eabi/bin/../lib/gcc/arm-zephyr-eabi/12.2.0/thumb/v8-m.main/nofp\libgcc.a(_dvmd_tls.o)
                0x000000000100026c                __aeabi_idiv0
                0x000000000100026c                __aeabi_ldiv0
 .text          0x0000000001000270       0x5c C:/ncs/v2.4.2/nrfxlib/crypto/nrf_oberon/lib/cortex-m33+nodsp/soft-float/liboberon_3.0.13.a(ocrypto_constant_time.s.obj)
                0x0000000001000270                ocrypto_constant_time_equal
                0x0000000001000298                ocrypto_constant_time_is_zero
                0x00000000010002b4                ocrypto_constant_time_xor
 .text          0x00000000010002cc      0x334 C:/ncs/v2.4.2/nrfxlib/crypto/nrf_oberon/lib/cortex-m33+nodsp/soft-float/liboberon_3.0.13.a(ocrypto_sha256_loop.s.obj)
                0x00000000010002cc                ocrypto_sha256_loop
 .text          0x0000000001000600      0x29c c:/ncs/toolchains/31f4403e35/opt/zephyr-sdk/arm-zephyr-eabi/bin/../lib/gcc/arm-zephyr-eabi/12.2.0/thumb/v8-m.main/nofp\libgcc.a(_udivmoddi4.o)
                0x0000000001000600                __udivmoddi4
 *(SORT_BY_ALIGNMENT(.text.*))
 .text.main     0x000000000100089c       0xec app/libapp.a(main.c.obj)
                0x000000000100089c                main
 .text.char_out
                0x0000000001000988        0xc zephyr/libzephyr.a(printk.c.obj)
 .text.__printk_hook_install
                0x0000000001000994        0xc zephyr/libzephyr.a(printk.c.obj)
                0x0000000001000994                __printk_hook_install
 .text.vprintk  0x00000000010009a0       0x1c zephyr/libzephyr.a(printk.c.obj)
                0x00000000010009a0                vprintk
 .text.process_event
                0x00000000010009bc      0x2fc zephyr/libzephyr.a(onoff.c.obj)
 .text.onoff_request
                0x0000000001000cb8       0xd0 zephyr/libzephyr.a(onoff.c.obj)
                0x0000000001000cb8                onoff_request
 .text.sys_notify_finalize
                0x0000000001000d88       0x38 zephyr/libzephyr.a(notify.c.obj)
                0x0000000001000d88                sys_notify_finalize
 .text.z_cbvprintf_impl
                0x0000000001000dc0      0x764 zephyr/libzephyr.a(cbprintf_complete.c.obj)
                0x0000000001000dc0                z_cbvprintf_impl
 .text.nordicsemi_nrf53_init
                0x0000000001001524       0x28 zephyr/libzephyr.a(soc.c.obj)
 .text.z_arm_on_enter_cpu_idle
                0x000000000100154c       0x68 zephyr/libzephyr.a(soc.c.obj)
                0x000000000100154c                z_arm_on_enter_cpu_idle
 .text.arch_busy_wait
                0x00000000010015b4       0x14 zephyr/libzephyr.a(soc.c.obj)
                0x00000000010015b4                arch_busy_wait
 .text.z_arm_platform_init
                0x00000000010015c8        0x4 zephyr/libzephyr.a(soc_nrf_common.S.obj)
                0x00000000010015c8                z_arm_platform_init
 .text.find_flash_total_size
                0x00000000010015cc       0x28 zephyr/libzephyr.a(stream_flash.c.obj)
 .text.stream_flash_erase_page
                0x00000000010015f4       0x54 zephyr/libzephyr.a(stream_flash.c.obj)
                0x00000000010015f4                stream_flash_erase_page
 .text.flash_sync
                0x0000000001001648       0xdc zephyr/libzephyr.a(stream_flash.c.obj)
 .text.stream_flash_init
                0x0000000001001724       0xa0 zephyr/libzephyr.a(stream_flash.c.obj)
                0x0000000001001724                stream_flash_init
 .text.z_arm_cpu_idle_init
                0x00000000010017c4        0xc zephyr/arch/arch/arm/core/aarch32/libarch__arm__core__aarch32.a(cpu_idle.S.obj)
                0x00000000010017c4                z_arm_cpu_idle_init
 .text.arch_cpu_atomic_idle
                0x00000000010017d0       0x2c zephyr/arch/arch/arm/core/aarch32/libarch__arm__core__aarch32.a(cpu_idle.S.obj)
                0x00000000010017d0                arch_cpu_atomic_idle
 .text.z_arm_fatal_error
                0x00000000010017fc       0x5c zephyr/arch/arch/arm/core/aarch32/libarch__arm__core__aarch32.a(fatal.c.obj)
                0x00000000010017fc                z_arm_fatal_error
 .text.arch_irq_enable
                0x0000000001001858       0x1c zephyr/arch/arch/arm/core/aarch32/libarch__arm__core__aarch32.a(irq_manage.c.obj)
                0x0000000001001858                arch_irq_enable
 .text.arch_irq_is_enabled
                0x0000000001001874       0x1c zephyr/arch/arch/arm/core/aarch32/libarch__arm__core__aarch32.a(irq_manage.c.obj)
                0x0000000001001874                arch_irq_is_enabled
 .text.z_arm_irq_priority_set
                0x0000000001001890       0x4c zephyr/arch/arch/arm/core/aarch32/libarch__arm__core__aarch32.a(irq_manage.c.obj)
                0x0000000001001890                z_arm_irq_priority_set
 .text.z_SysNmiOnReset
                0x00000000010018dc        0x8 zephyr/arch/arch/arm/core/aarch32/libarch__arm__core__aarch32.a(nmi_on_reset.S.obj)
                0x00000000010018dc                z_SysNmiOnReset
 .text.z_arm_prep_c
                0x00000000010018e4       0x2c zephyr/arch/arch/arm/core/aarch32/libarch__arm__core__aarch32.a(prep_c.c.obj)
                0x00000000010018e4                z_arm_prep_c
 .text.z_arm_svc
                0x0000000001001910       0x20 zephyr/arch/arch/arm/core/aarch32/libarch__arm__core__aarch32.a(swap_helper.S.obj)
                0x0000000001001910                z_arm_svc
 .text.z_arm_switch_to_main_no_multithreading
                0x0000000001001930       0x3c zephyr/arch/arch/arm/core/aarch32/libarch__arm__core__aarch32.a(thread.c.obj)
                0x0000000001001930                z_arm_switch_to_main_no_multithreading
 .text._isr_wrapper
                0x000000000100196c       0x28 zephyr/arch/arch/arm/core/aarch32/libarch__arm__core__aarch32.a(isr_wrapper.S.obj)
                0x000000000100196c                _isr_wrapper
 .text._HandlerModeExit
                0x0000000001001994        0x4 zephyr/arch/arch/arm/core/aarch32/cortex_m/libarch__arm__core__aarch32__cortex_m.a(exc_exit.S.obj)
                0x0000000001001994                z_arm_int_exit
                0x0000000001001994                z_arm_exc_exit
 .text.usage_fault.constprop.0
                0x0000000001001998       0xb8 zephyr/arch/arch/arm/core/aarch32/cortex_m/libarch__arm__core__aarch32__cortex_m.a(fault.c.obj)
 .text.bus_fault.constprop.0
                0x0000000001001a50       0xb4 zephyr/arch/arch/arm/core/aarch32/cortex_m/libarch__arm__core__aarch32__cortex_m.a(fault.c.obj)
 .text.mem_manage_fault.constprop.0
                0x0000000001001b04       0xd0 zephyr/arch/arch/arm/core/aarch32/cortex_m/libarch__arm__core__aarch32__cortex_m.a(fault.c.obj)
 .text.z_arm_fault
                0x0000000001001bd4      0x1dc zephyr/arch/arch/arm/core/aarch32/cortex_m/libarch__arm__core__aarch32__cortex_m.a(fault.c.obj)
                0x0000000001001bd4                z_arm_fault
 .text.z_arm_fault_init
                0x0000000001001db0       0x18 zephyr/arch/arch/arm/core/aarch32/cortex_m/libarch__arm__core__aarch32__cortex_m.a(fault.c.obj)
                0x0000000001001db0                z_arm_fault_init
 .text.__fault  0x0000000001001dc8       0x14 zephyr/arch/arch/arm/core/aarch32/cortex_m/libarch__arm__core__aarch32__cortex_m.a(fault_s.S.obj)
                0x0000000001001dc8                z_arm_usage_fault
                0x0000000001001dc8                z_arm_mpu_fault
                0x0000000001001dc8                z_arm_exc_spurious
                0x0000000001001dc8                z_arm_debug_monitor
                0x0000000001001dc8                z_arm_hard_fault
                0x0000000001001dc8                z_arm_bus_fault
 .text.z_arm_interrupt_init
                0x0000000001001ddc       0x18 zephyr/arch/arch/arm/core/aarch32/cortex_m/libarch__arm__core__aarch32__cortex_m.a(irq_init.c.obj)
                0x0000000001001ddc                z_arm_interrupt_init
 .text._reset_section
                0x0000000001001df4       0x60 zephyr/arch/arch/arm/core/aarch32/cortex_m/libarch__arm__core__aarch32__cortex_m.a(reset.S.obj)
                0x0000000001001df4                __start
                0x0000000001001df4                z_arm_reset
 .text.sys_arch_reboot
                0x0000000001001e54       0x24 zephyr/arch/arch/arm/core/aarch32/cortex_m/libarch__arm__core__aarch32__cortex_m.a(scb.c.obj)
                0x0000000001001e54                sys_arch_reboot
 .text.z_arm_clear_arm_mpu_config
                0x0000000001001e78       0x24 zephyr/arch/arch/arm/core/aarch32/cortex_m/libarch__arm__core__aarch32__cortex_m.a(scb.c.obj)
                0x0000000001001e78                z_arm_clear_arm_mpu_config
 .text.z_arm_init_arch_hw_at_boot
                0x0000000001001e9c       0x4c zephyr/arch/arch/arm/core/aarch32/cortex_m/libarch__arm__core__aarch32__cortex_m.a(scb.c.obj)
                0x0000000001001e9c                z_arm_init_arch_hw_at_boot
 .text.__stdout_hook_install
                0x0000000001001ee8        0xc zephyr/lib/libc/minimal/liblib__libc__minimal.a(stdout_console.c.obj)
                0x0000000001001ee8                __stdout_hook_install
 .text.onoff_start
                0x0000000001001ef4       0x44 zephyr/drivers/clock_control/libdrivers__clock_control.a(clock_control_nrf.c.obj)
 .text.get_status
                0x0000000001001f38       0x34 zephyr/drivers/clock_control/libdrivers__clock_control.a(clock_control_nrf.c.obj)
 .text.stop     0x0000000001001f6c       0x74 zephyr/drivers/clock_control/libdrivers__clock_control.a(clock_control_nrf.c.obj)
 .text.onoff_stop
                0x0000000001001fe0       0x30 zephyr/drivers/clock_control/libdrivers__clock_control.a(clock_control_nrf.c.obj)
 .text.clk_init
                0x0000000001002010       0x58 zephyr/drivers/clock_control/libdrivers__clock_control.a(clock_control_nrf.c.obj)
 .text.clkstarted_handle.constprop.0
                0x0000000001002068       0x34 zephyr/drivers/clock_control/libdrivers__clock_control.a(clock_control_nrf.c.obj)
 .text.clock_event_handler
                0x000000000100209c       0x54 zephyr/drivers/clock_control/libdrivers__clock_control.a(clock_control_nrf.c.obj)
 .text.generic_hfclk_start
                0x00000000010020f0       0x64 zephyr/drivers/clock_control/libdrivers__clock_control.a(clock_control_nrf.c.obj)
 .text.generic_hfclk_stop
                0x0000000001002154       0x34 zephyr/drivers/clock_control/libdrivers__clock_control.a(clock_control_nrf.c.obj)
 .text.z_nrf_clock_control_lf_on
                0x0000000001002188      0x124 zephyr/drivers/clock_control/libdrivers__clock_control.a(clock_control_nrf.c.obj)
                0x0000000001002188                z_nrf_clock_control_lf_on
 .text.uart_console_init
                0x00000000010022ac       0x28 zephyr/drivers/console/libdrivers__console.a(uart_console.c.obj)
 .text.console_out
                0x00000000010022d4       0x28 zephyr/drivers/console/libdrivers__console.a(uart_console.c.obj)
 .text.flash_nrf_pages_layout
                0x00000000010022fc       0x10 zephyr/drivers/flash/libdrivers__flash.a(soc_flash_nrf.c.obj)
 .text.flash_nrf_get_parameters
                0x000000000100230c        0x8 zephyr/drivers/flash/libdrivers__flash.a(soc_flash_nrf.c.obj)
 .text.nrf_flash_init
                0x0000000001002314       0x18 zephyr/drivers/flash/libdrivers__flash.a(soc_flash_nrf.c.obj)
 .text.flash_nrf_erase
                0x000000000100232c       0x70 zephyr/drivers/flash/libdrivers__flash.a(soc_flash_nrf.c.obj)
 .text.flash_nrf_write
                0x000000000100239c       0x6c zephyr/drivers/flash/libdrivers__flash.a(soc_flash_nrf.c.obj)
 .text.flash_nrf_read
                0x0000000001002408       0x3c zephyr/drivers/flash/libdrivers__flash.a(soc_flash_nrf.c.obj)
 .text.nrf_gpio_pin_port_decode
                0x0000000001002444       0x58 zephyr/drivers/pinctrl/libdrivers__pinctrl.a(pinctrl_nrf.c.obj)
 .text.uarte_nrfx_poll_out
                0x000000000100249c       0xc4 zephyr/drivers/serial/libdrivers__serial.a(uart_nrfx_uarte.c.obj)
 .text.uarte_nrfx_configure
                0x0000000001002560      0x17c zephyr/drivers/serial/libdrivers__serial.a(uart_nrfx_uarte.c.obj)
 .text.uarte_0_init
                0x00000000010026dc      0x11c zephyr/drivers/serial/libdrivers__serial.a(uart_nrfx_uarte.c.obj)
 .text.z_nrf_rtc_timer_read
                0x00000000010027f8       0x44 zephyr/drivers/timer/libdrivers__timer.a(nrf_rtc_timer.c.obj)
                0x00000000010027f8                z_nrf_rtc_timer_read
 .text.rtc_nrf_isr
                0x000000000100283c       0xd0 zephyr/drivers/timer/libdrivers__timer.a(nrf_rtc_timer.c.obj)
                0x000000000100283c                rtc_nrf_isr
 .text.compare_set.constprop.0.isra.0
                0x000000000100290c      0x168 zephyr/drivers/timer/libdrivers__timer.a(nrf_rtc_timer.c.obj)
 .text.sys_clock_driver_init
                0x0000000001002a74       0x80 zephyr/drivers/timer/libdrivers__timer.a(nrf_rtc_timer.c.obj)
 .text.sys_clock_timeout_handler
                0x0000000001002af4       0x60 zephyr/drivers/timer/libdrivers__timer.a(nrf_rtc_timer.c.obj)
 .text.find_free_region
                0x0000000001002b54       0x3c modules/nrf/lib/fprotect/lib..__nrf__lib__fprotect.a(fprotect_acl.c.obj)
 .text.fprotect_set_permission
                0x0000000001002b90      0x120 modules/nrf/lib/fprotect/lib..__nrf__lib__fprotect.a(fprotect_acl.c.obj)
 .text.k_sys_fatal_error_handler
                0x0000000001002cb0       0x14 modules/nrf/lib/fatal_error/lib..__nrf__lib__fatal_error.a(fatal_error.c.obj)
                0x0000000001002cb0                k_sys_fatal_error_handler
 .text.bl_boot  0x0000000001002cc4       0xc4 modules/nrf/subsys/bootloader/bl_boot/lib..__nrf__subsys__bootloader__bl_boot.a(bl_boot.c.obj)
                0x0000000001002cc4                bl_boot
 .text.fw_info_check
                0x0000000001002d88       0x28 modules/nrf/subsys/bootloader/bl_validation/lib..__nrf__subsys__bootloader__bl_validation.a(bl_validation.c.obj)
 .text.fw_info_find
                0x0000000001002db0       0x20 modules/nrf/subsys/bootloader/bl_validation/lib..__nrf__subsys__bootloader__bl_validation.a(bl_validation.c.obj)
 .text.validate_firmware
                0x0000000001002dd0      0x21c modules/nrf/subsys/bootloader/bl_validation/lib..__nrf__subsys__bootloader__bl_validation.a(bl_validation.c.obj)
 .text.get_counter_struct
                0x0000000001002fec       0x60 modules/nrf/subsys/bootloader/bl_storage/lib..__nrf__subsys__bootloader__bl_storage.a(bl_storage.c.obj)
 .text.s0_address_read
                0x000000000100304c        0xc modules/nrf/subsys/bootloader/bl_storage/lib..__nrf__subsys__bootloader__bl_storage.a(bl_storage.c.obj)
                0x000000000100304c                s0_address_read
 .text.pcd_fw_copy_invalidate
                0x0000000001003058       0x10 modules/nrf/subsys/pcd/lib..__nrf__subsys__pcd.a(pcd.c.obj)
                0x0000000001003058                pcd_fw_copy_invalidate
 .text.pcd_fw_copy_status_get
                0x0000000001003068       0x24 modules/nrf/subsys/pcd/lib..__nrf__subsys__pcd.a(pcd.c.obj)
                0x0000000001003068                pcd_fw_copy_status_get
 .text.pcd_fw_copy
                0x000000000100308c       0x78 modules/nrf/subsys/pcd/lib..__nrf__subsys__pcd.a(pcd.c.obj)
                0x000000000100308c                pcd_fw_copy
 .text.pcd_fw_copy_done
                0x0000000001003104       0x10 modules/nrf/subsys/pcd/lib..__nrf__subsys__pcd.a(pcd.c.obj)
                0x0000000001003104                pcd_fw_copy_done
 .text.check_ext_api_requests
                0x0000000001003114       0xa0 modules/nrf/subsys/fw_info/lib..__nrf__subsys__fw_info.a(fw_info.c.obj)
 .text.fw_info_ext_api_provide
                0x00000000010031b4       0xe4 modules/nrf/subsys/fw_info/lib..__nrf__subsys__fw_info.a(fw_info.c.obj)
                0x00000000010031b4                fw_info_ext_api_provide
 .text.SystemInit
                0x0000000001003298       0xd0 modules/hal_nordic/nrfx/libmodules__hal_nordic__nrfx.a(system_nrf5340_network.c.obj)
                0x0000000001003298                SystemInit
 .text.nrfx_flag32_alloc
                0x0000000001003368       0x38 modules/hal_nordic/nrfx/libmodules__hal_nordic__nrfx.a(nrfx_flag32_allocator.c.obj)
                0x0000000001003368                nrfx_flag32_alloc
 .text.clock_stop
                0x00000000010033a0       0xe0 modules/hal_nordic/nrfx/libmodules__hal_nordic__nrfx.a(nrfx_clock.c.obj)
 .text.nrfx_clock_init
                0x0000000001003480       0x44 modules/hal_nordic/nrfx/libmodules__hal_nordic__nrfx.a(nrfx_clock.c.obj)
                0x0000000001003480                nrfx_clock_init
 .text.nrfx_clock_enable
                0x00000000010034c4       0x4c modules/hal_nordic/nrfx/libmodules__hal_nordic__nrfx.a(nrfx_clock.c.obj)
                0x00000000010034c4                nrfx_clock_enable
 .text.nrfx_clock_start
                0x0000000001003510       0xb8 modules/hal_nordic/nrfx/libmodules__hal_nordic__nrfx.a(nrfx_clock.c.obj)
                0x0000000001003510                nrfx_clock_start
 .text.nrfx_clock_stop
                0x00000000010035c8       0x34 modules/hal_nordic/nrfx/libmodules__hal_nordic__nrfx.a(nrfx_clock.c.obj)
                0x00000000010035c8                nrfx_clock_stop
 .text.nrfx_power_clock_irq_handler
                0x00000000010035fc       0x68 modules/hal_nordic/nrfx/libmodules__hal_nordic__nrfx.a(nrfx_clock.c.obj)
                0x00000000010035fc                nrfx_power_clock_irq_handler
 .text.nrfx_dppi_channel_alloc
                0x0000000001003664        0xc modules/hal_nordic/nrfx/libmodules__hal_nordic__nrfx.a(nrfx_dppi.c.obj)
                0x0000000001003664                nrfx_dppi_channel_alloc
 .text.nvmc_word_write
                0x0000000001003670       0x18 modules/hal_nordic/nrfx/libmodules__hal_nordic__nrfx.a(nrfx_nvmc.c.obj)
 .text.nrfx_nvmc_page_erase
                0x0000000001003688       0x60 modules/hal_nordic/nrfx/libmodules__hal_nordic__nrfx.a(nrfx_nvmc.c.obj)
                0x0000000001003688                nrfx_nvmc_page_erase
 .text.nrfx_nvmc_word_write
                0x00000000010036e8       0x5c modules/hal_nordic/nrfx/libmodules__hal_nordic__nrfx.a(nrfx_nvmc.c.obj)
                0x00000000010036e8                nrfx_nvmc_word_write
 .text.nrfx_nvmc_otp_halfword_read
                0x0000000001003744       0x34 modules/hal_nordic/nrfx/libmodules__hal_nordic__nrfx.a(nrfx_nvmc.c.obj)
                0x0000000001003744                nrfx_nvmc_otp_halfword_read
 .text.z_fatal_error
                0x0000000001003778       0x98 zephyr/kernel/libkernel.a(fatal.c.obj)
                0x0000000001003778                z_fatal_error
 .text.z_sys_init_run_level
                0x0000000001003810       0x48 zephyr/kernel/libkernel.a(init.c.obj)
 .text.bg_thread_main
                0x0000000001003858       0x30 zephyr/kernel/libkernel.a(init.c.obj)
 .text.z_bss_zero
                0x0000000001003888       0x18 zephyr/kernel/libkernel.a(init.c.obj)
                0x0000000001003888                z_bss_zero
 .text.z_cstart
                0x00000000010038a0       0x70 zephyr/kernel/libkernel.a(init.c.obj)
                0x00000000010038a0                z_cstart
 .text.z_data_copy
                0x0000000001003910       0x34 zephyr/kernel/libkernel.a(xip.c.obj)
                0x0000000001003910                z_data_copy
 .text.elapsed  0x0000000001003944       0x14 zephyr/kernel/libkernel.a(timeout.c.obj)
 .text.next_timeout
                0x0000000001003958       0x40 zephyr/kernel/libkernel.a(timeout.c.obj)
 .text.remove_timeout
                0x0000000001003998       0x38 zephyr/kernel/libkernel.a(timeout.c.obj)
 .text.sys_clock_announce
                0x00000000010039d0       0xd0 zephyr/kernel/libkernel.a(timeout.c.obj)
                0x00000000010039d0                sys_clock_announce
 .text.boot_banner
                0x0000000001003aa0        0xc zephyr/kernel/libkernel.a(banner.c.obj)
                0x0000000001003aa0                boot_banner
 .text.sha256_blocks
                0x0000000001003aac       0xbc C:/ncs/v2.4.2/nrfxlib/crypto/nrf_oberon/lib/cortex-m33+nodsp/soft-float/liboberon_3.0.13.a(ocrypto_sha256.c.obj)
 .text.sha256_blocks.constprop.0
                0x0000000001003b68       0x74 C:/ncs/v2.4.2/nrfxlib/crypto/nrf_oberon/lib/cortex-m33+nodsp/soft-float/liboberon_3.0.13.a(ocrypto_sha256.c.obj)
 .text.ocrypto_sha256
                0x0000000001003bdc      0x468 C:/ncs/v2.4.2/nrfxlib/crypto/nrf_oberon/lib/cortex-m33+nodsp/soft-float/liboberon_3.0.13.a(ocrypto_sha256.c.obj)
                0x0000000001003bdc                ocrypto_sha256
 .text.arch_printk_char_out
                0x0000000001004044        0x4 zephyr/libzephyr.a(printk.c.obj)
                0x0000000001004044                arch_printk_char_out
 .text.printk   0x0000000001004048       0x1a zephyr/libzephyr.a(printk.c.obj)
                0x0000000001004048                printk
 .text.process_recheck
                0x0000000001004062       0x38 zephyr/libzephyr.a(onoff.c.obj)
 .text.validate_args
                0x000000000100409a       0x20 zephyr/libzephyr.a(onoff.c.obj)
 .text.notify_one
                0x00000000010040ba       0x2c zephyr/libzephyr.a(onoff.c.obj)
 .text.transition_complete
                0x00000000010040e6       0x1c zephyr/libzephyr.a(onoff.c.obj)
 .text.onoff_manager_init
                0x0000000001004102       0x26 zephyr/libzephyr.a(onoff.c.obj)
                0x0000000001004102                onoff_manager_init
 .text.sys_notify_validate
                0x0000000001004128       0x22 zephyr/libzephyr.a(notify.c.obj)
                0x0000000001004128                sys_notify_validate
 .text.encode_uint
                0x000000000100414a       0x8c zephyr/libzephyr.a(cbprintf_complete.c.obj)
 .text.outs     0x00000000010041d6       0x2e zephyr/libzephyr.a(cbprintf_complete.c.obj)
 .text.assert_post_action
                0x0000000001004204        0xe zephyr/libzephyr.a(assert.c.obj)
                0x0000000001004204                assert_post_action
 .text.assert_print
                0x0000000001004212       0x1a zephyr/libzephyr.a(assert.c.obj)
                0x0000000001004212                assert_print
 .text._ConfigAbsSyms
                0x000000000100422c        0x2 zephyr/libzephyr.a(configs.c.obj)
                0x000000000100422c                _ConfigAbsSyms
 .text.z_log_minimal_printk
                0x000000000100422e       0x1a zephyr/libzephyr.a(log_minimal.c.obj)
                0x000000000100422e                z_log_minimal_printk
 .text.flash_get_write_block_size
                0x0000000001004248        0xc zephyr/libzephyr.a(stream_flash.c.obj)
 .text.stream_flash_buffered_write
                0x0000000001004254       0x88 zephyr/libzephyr.a(stream_flash.c.obj)
                0x0000000001004254                stream_flash_buffered_write
 .text.z_do_kernel_oops
                0x00000000010042dc        0x8 zephyr/arch/arch/arm/core/aarch32/libarch__arm__core__aarch32.a(fatal.c.obj)
                0x00000000010042dc                z_do_kernel_oops
 .text.z_irq_spurious
                0x00000000010042e4        0x8 zephyr/arch/arch/arm/core/aarch32/libarch__arm__core__aarch32.a(irq_manage.c.obj)
                0x00000000010042e4                z_irq_spurious
 .text.z_arm_nmi
                0x00000000010042ec        0xe zephyr/arch/arch/arm/core/aarch32/libarch__arm__core__aarch32.a(nmi.c.obj)
                0x00000000010042ec                z_arm_nmi
 .text.strlen   0x00000000010042fa        0xe zephyr/lib/libc/minimal/liblib__libc__minimal.a(string.c.obj)
                0x00000000010042fa                strlen
 .text.strnlen  0x0000000001004308       0x12 zephyr/lib/libc/minimal/liblib__libc__minimal.a(string.c.obj)
                0x0000000001004308                strnlen
 .text.memcmp   0x000000000100431a       0x20 zephyr/lib/libc/minimal/liblib__libc__minimal.a(string.c.obj)
                0x000000000100431a                memcmp
 .text.memcpy   0x000000000100433a       0x16 zephyr/lib/libc/minimal/liblib__libc__minimal.a(string.c.obj)
                0x000000000100433a                memcpy
 .text.memset   0x0000000001004350       0x12 zephyr/lib/libc/minimal/liblib__libc__minimal.a(string.c.obj)
                0x0000000001004350                memset
 .text._stdout_hook_default
                0x0000000001004362        0x6 zephyr/lib/libc/minimal/liblib__libc__minimal.a(stdout_console.c.obj)
 .text.set_on_state
                0x0000000001004368       0x26 zephyr/drivers/clock_control/libdrivers__clock_control.a(clock_control_nrf.c.obj)
 .text.async_start
                0x000000000100438e       0x5c zephyr/drivers/clock_control/libdrivers__clock_control.a(clock_control_nrf.c.obj)
 .text.api_start
                0x00000000010043ea        0xe zephyr/drivers/clock_control/libdrivers__clock_control.a(clock_control_nrf.c.obj)
 .text.api_blocking_start
                0x00000000010043f8        0x6 zephyr/drivers/clock_control/libdrivers__clock_control.a(clock_control_nrf.c.obj)
 .text.onoff_started_callback
                0x00000000010043fe       0x12 zephyr/drivers/clock_control/libdrivers__clock_control.a(clock_control_nrf.c.obj)
 .text.lfclk_start
                0x0000000001004410        0x6 zephyr/drivers/clock_control/libdrivers__clock_control.a(clock_control_nrf.c.obj)
 .text.lfclk_stop
                0x0000000001004416        0x6 zephyr/drivers/clock_control/libdrivers__clock_control.a(clock_control_nrf.c.obj)
 .text.api_stop
                0x000000000100441c        0x6 zephyr/drivers/clock_control/libdrivers__clock_control.a(clock_control_nrf.c.obj)
 .text.is_regular_addr_valid
                0x0000000001004422       0x22 zephyr/drivers/flash/libdrivers__flash.a(soc_flash_nrf.c.obj)
 .text.flash_get_page_info
                0x0000000001004444       0x62 zephyr/drivers/flash/libdrivers__flash.a(flash_page_layout.c.obj)
 .text.z_impl_flash_get_page_info_by_offs
                0x00000000010044a6        0x8 zephyr/drivers/flash/libdrivers__flash.a(flash_page_layout.c.obj)
                0x00000000010044a6                z_impl_flash_get_page_info_by_offs
 .text.flash_page_foreach
                0x00000000010044ae       0x58 zephyr/drivers/flash/libdrivers__flash.a(flash_page_layout.c.obj)
                0x00000000010044ae                flash_page_foreach
 .text.pinctrl_lookup_state
                0x0000000001004506       0x26 zephyr/drivers/pinctrl/libdrivers__pinctrl.a(common.c.obj)
                0x0000000001004506                pinctrl_lookup_state
 .text.pinctrl_configure_pins
                0x000000000100452c       0xbe zephyr/drivers/pinctrl/libdrivers__pinctrl.a(pinctrl_nrf.c.obj)
                0x000000000100452c                pinctrl_configure_pins
 .text.uarte_nrfx_config_get
                0x00000000010045ea       0x10 zephyr/drivers/serial/libdrivers__serial.a(uart_nrfx_uarte.c.obj)
 .text.uarte_nrfx_err_check
                0x00000000010045fa        0xe zephyr/drivers/serial/libdrivers__serial.a(uart_nrfx_uarte.c.obj)
 .text.uarte_nrfx_poll_in
                0x0000000001004608       0x28 zephyr/drivers/serial/libdrivers__serial.a(uart_nrfx_uarte.c.obj)
 .text.is_tx_ready.isra.0
                0x0000000001004630       0x20 zephyr/drivers/serial/libdrivers__serial.a(uart_nrfx_uarte.c.obj)
 .text.uarte_nrfx_isr_int
                0x0000000001004650       0x72 zephyr/drivers/serial/libdrivers__serial.a(uart_nrfx_uarte.c.obj)
 .text.sys_clock_set_timeout
                0x00000000010046c2        0x2 zephyr/drivers/timer/libdrivers__timer.a(nrf_rtc_timer.c.obj)
                0x00000000010046c2                sys_clock_set_timeout
 .text.sys_clock_elapsed
                0x00000000010046c4        0x4 zephyr/drivers/timer/libdrivers__timer.a(nrf_rtc_timer.c.obj)
                0x00000000010046c4                sys_clock_elapsed
 .text.sys_clock_cycle_get_32
                0x00000000010046c8        0x8 zephyr/drivers/timer/libdrivers__timer.a(nrf_rtc_timer.c.obj)
                0x00000000010046c8                sys_clock_cycle_get_32
 .text.fprotect_area
                0x00000000010046d0        0x6 modules/nrf/lib/fprotect/lib..__nrf__lib__fprotect.a(fprotect_acl.c.obj)
                0x00000000010046d0                fprotect_area
 .text.crypto_init_signing
                0x00000000010046d6        0x4 modules/nrf/subsys/bootloader/bl_crypto/lib..__nrf__subsys__bootloader__bl_crypto.a(bl_crypto.c.obj)
                0x00000000010046d6                crypto_init_signing
 .text.crypto_init_hash
                0x00000000010046da        0x4 modules/nrf/subsys/bootloader/bl_crypto/lib..__nrf__subsys__bootloader__bl_crypto.a(bl_crypto.c.obj)
                0x00000000010046da                crypto_init_hash
 .text.bl_crypto_init
                0x00000000010046de        0xe modules/nrf/subsys/bootloader/bl_crypto/lib..__nrf__subsys__bootloader__bl_crypto.a(bl_crypto.c.obj)
                0x00000000010046de                bl_crypto_init
 .text.bl_sha256_verify
                0x00000000010046ec       0x2e modules/nrf/subsys/bootloader/bl_crypto/lib..__nrf__subsys__bootloader__bl_crypto.a(bl_crypto.c.obj)
                0x00000000010046ec                bl_sha256_verify
 .text.get_hash
                0x000000000100471a        0xa modules/nrf/subsys/bootloader/bl_crypto/lib..__nrf__subsys__bootloader__bl_crypto.a(bl_crypto_oberon_hash.c.obj)
                0x000000000100471a                get_hash
 .text.get_monotonic_version
                0x0000000001004724       0x24 modules/nrf/subsys/bootloader/bl_validation/lib..__nrf__subsys__bootloader__bl_validation.a(bl_validation.c.obj)
                0x0000000001004724                get_monotonic_version
 .text.bl_validate_firmware
                0x0000000001004748       0x1c modules/nrf/subsys/bootloader/bl_validation/lib..__nrf__subsys__bootloader__bl_validation.a(bl_validation.c.obj)
                0x0000000001004748                bl_validate_firmware
 .text.get_counter
                0x0000000001004764       0x56 modules/nrf/subsys/bootloader/bl_storage/lib..__nrf__subsys__bootloader__bl_storage.a(bl_storage.c.obj)
 .text.get_monotonic_counter
                0x00000000010047ba        0x6 modules/nrf/subsys/bootloader/bl_storage/lib..__nrf__subsys__bootloader__bl_storage.a(bl_storage.c.obj)
                0x00000000010047ba                get_monotonic_counter
 .text.pcd_cmd_data_ptr_get
                0x00000000010047c0        0x8 modules/nrf/subsys/pcd/lib..__nrf__subsys__pcd.a(pcd.c.obj)
                0x00000000010047c0                pcd_cmd_data_ptr_get
 .text.skip_ext_apis
                0x00000000010047c8       0x16 modules/nrf/subsys/fw_info/lib..__nrf__subsys__fw_info.a(fw_info.c.obj)
                0x00000000010047c8                skip_ext_apis
 .text.nrfx_isr
                0x00000000010047de        0x2 modules/hal_nordic/nrfx/libmodules__hal_nordic__nrfx.a(nrfx_glue.c.obj)
                0x00000000010047de                nrfx_isr
 .text.nrfx_busy_wait
                0x00000000010047e0        0x4 modules/hal_nordic/nrfx/libmodules__hal_nordic__nrfx.a(nrfx_glue.c.obj)
                0x00000000010047e0                nrfx_busy_wait
 .text.is_valid_address
                0x00000000010047e4       0x28 modules/hal_nordic/nrfx/libmodules__hal_nordic__nrfx.a(nrfx_nvmc.c.obj)
 .text.nrfx_nvmc_flash_size_get
                0x000000000100480c        0x6 modules/hal_nordic/nrfx/libmodules__hal_nordic__nrfx.a(nrfx_nvmc.c.obj)
                0x000000000100480c                nrfx_nvmc_flash_size_get
 .text.nrfx_nvmc_flash_page_size_get
                0x0000000001004812        0x6 modules/hal_nordic/nrfx/libmodules__hal_nordic__nrfx.a(nrfx_nvmc.c.obj)
                0x0000000001004812                nrfx_nvmc_flash_page_size_get
 .text.nrfx_nvmc_flash_page_count_get
                0x0000000001004818        0x4 modules/hal_nordic/nrfx/libmodules__hal_nordic__nrfx.a(nrfx_nvmc.c.obj)
                0x0000000001004818                nrfx_nvmc_flash_page_count_get
 .text.z_device_state_init
                0x000000000100481c        0x2 zephyr/kernel/libkernel.a(device.c.obj)
                0x000000000100481c                z_device_state_init
 .text.z_device_is_ready
                0x000000000100481e       0x16 zephyr/kernel/libkernel.a(device.c.obj)
                0x000000000100481e                z_device_is_ready
 .text.z_early_memset
                0x0000000001004834        0x4 zephyr/kernel/libkernel.a(init.c.obj)
                0x0000000001004834                z_early_memset
 .text.z_early_memcpy
                0x0000000001004838        0x4 zephyr/kernel/libkernel.a(init.c.obj)
                0x0000000001004838                z_early_memcpy
 .text.k_is_in_isr
                0x000000000100483c        0xc zephyr/kernel/libkernel.a(thread.c.obj)
                0x000000000100483c                k_is_in_isr
 .text.z_impl_k_busy_wait
                0x0000000001004848        0x8 zephyr/kernel/libkernel.a(timeout.c.obj)
                0x0000000001004848                z_impl_k_busy_wait
 .text._OffsetAbsSyms
                0x0000000001004850        0x2 zephyr/CMakeFiles/offsets.dir/./arch/arm/core/offsets/offsets.c.obj
                0x0000000001004850                _OffsetAbsSyms
 *(SORT_BY_ALIGNMENT(.TEXT.*))
 *(SORT_BY_ALIGNMENT(.gnu.linkonce.t.*))
 *(SORT_BY_ALIGNMENT(.glue_7t))
 .glue_7t       0x0000000001004852        0x0 linker stubs
 *(SORT_BY_ALIGNMENT(.glue_7))
 .glue_7        0x0000000001004852        0x0 linker stubs
 *(SORT_BY_ALIGNMENT(.vfp11_veneer))
 .vfp11_veneer  0x0000000001004852        0x0 linker stubs
 *(SORT_BY_ALIGNMENT(.v4_bx))
 .v4_bx         0x0000000001004852        0x0 linker stubs
                0x0000000001004854                . = ALIGN (0x4)
 *fill*         0x0000000001004852        0x2 
                0x0000000001004854                __text_region_end = .

.ARM.exidx      0x0000000001004854        0x8
                0x0000000001004854                __exidx_start = .
 *(SORT_BY_ALIGNMENT(.ARM.exidx*) SORT_BY_ALIGNMENT(gnu.linkonce.armexidx.*))
 .ARM.exidx     0x0000000001004854        0x8 c:/ncs/toolchains/31f4403e35/opt/zephyr-sdk/arm-zephyr-eabi/bin/../lib/gcc/arm-zephyr-eabi/12.2.0/thumb/v8-m.main/nofp\libgcc.a(_udivmoddi4.o)
                0x000000000100485c                __exidx_end = .
                0x000000000100485c                __rodata_region_start = .

initlevel       0x000000000100485c       0x38
                0x000000000100485c                __init_start = .
                0x000000000100485c                __init_EARLY_start = .
 *(SORT_BY_NAME(SORT_BY_ALIGNMENT(.z_init_EARLY[0-9]_*)))
 *(SORT_BY_NAME(SORT_BY_ALIGNMENT(.z_init_EARLY[1-9][0-9]_*)))
                0x000000000100485c                __init_PRE_KERNEL_1_start = .
 *(SORT_BY_NAME(SORT_BY_ALIGNMENT(.z_init_PRE_KERNEL_1[0-9]_*)))
 .z_init_PRE_KERNEL_10_
                0x000000000100485c        0x8 zephyr/libzephyr.a(soc.c.obj)
 *(SORT_BY_NAME(SORT_BY_ALIGNMENT(.z_init_PRE_KERNEL_1[1-9][0-9]_*)))
 .z_init_PRE_KERNEL_130_
                0x0000000001004864        0x8 zephyr/drivers/clock_control/libdrivers__clock_control.a(clock_control_nrf.c.obj)
 .z_init_PRE_KERNEL_155_
                0x000000000100486c        0x8 zephyr/drivers/serial/libdrivers__serial.a(uart_nrfx_uarte.c.obj)
 .z_init_PRE_KERNEL_160_
                0x0000000001004874        0x8 zephyr/drivers/console/libdrivers__console.a(uart_console.c.obj)
                0x000000000100487c                __init_PRE_KERNEL_2_start = .
 *(SORT_BY_NAME(SORT_BY_ALIGNMENT(.z_init_PRE_KERNEL_2[0-9]_*)))
 .z_init_PRE_KERNEL_20_
                0x000000000100487c        0x8 zephyr/drivers/timer/libdrivers__timer.a(nrf_rtc_timer.c.obj)
 *(SORT_BY_NAME(SORT_BY_ALIGNMENT(.z_init_PRE_KERNEL_2[1-9][0-9]_*)))
                0x0000000001004884                __init_POST_KERNEL_start = .
 *(SORT_BY_NAME(SORT_BY_ALIGNMENT(.z_init_POST_KERNEL[0-9]_*)))
 *(SORT_BY_NAME(SORT_BY_ALIGNMENT(.z_init_POST_KERNEL[1-9][0-9]_*)))
 .z_init_POST_KERNEL50_
                0x0000000001004884        0x8 zephyr/drivers/flash/libdrivers__flash.a(soc_flash_nrf.c.obj)
 .z_init_POST_KERNEL90_
                0x000000000100488c        0x8 modules/nrf/subsys/fw_info/lib..__nrf__subsys__fw_info.a(fw_info.c.obj)
                0x0000000001004894                __init_APPLICATION_start = .
 *(SORT_BY_NAME(SORT_BY_ALIGNMENT(.z_init_APPLICATION[0-9]_*)))
 *(SORT_BY_NAME(SORT_BY_ALIGNMENT(.z_init_APPLICATION[1-9][0-9]_*)))
                0x0000000001004894                __init_SMP_start = .
 *(SORT_BY_NAME(SORT_BY_ALIGNMENT(.z_init_SMP[0-9]_*)))
 *(SORT_BY_NAME(SORT_BY_ALIGNMENT(.z_init_SMP[1-9][0-9]_*)))
                0x0000000001004894                __init_end = .

devices         0x0000000001004894       0x48
                0x0000000001004894                __device_start = .
                0x0000000001004894                __device_EARLY_start = .
 *(SORT_BY_NAME(SORT_BY_ALIGNMENT(.z_device_EARLY[0-9]_*)))
 *(SORT_BY_NAME(SORT_BY_ALIGNMENT(.z_device_EARLY[1-9][0-9]_*)))
                0x0000000001004894                __device_PRE_KERNEL_1_start = .
 *(SORT_BY_NAME(SORT_BY_ALIGNMENT(.z_device_PRE_KERNEL_1[0-9]_*)))
 *(SORT_BY_NAME(SORT_BY_ALIGNMENT(.z_device_PRE_KERNEL_1[1-9][0-9]_*)))
 .z_device_PRE_KERNEL_130_
                0x0000000001004894       0x18 zephyr/drivers/clock_control/libdrivers__clock_control.a(clock_control_nrf.c.obj)
                0x0000000001004894                __device_dts_ord_42
 .z_device_PRE_KERNEL_155_
                0x00000000010048ac       0x18 zephyr/drivers/serial/libdrivers__serial.a(uart_nrfx_uarte.c.obj)
                0x00000000010048ac                __device_dts_ord_65
                0x00000000010048c4                __device_PRE_KERNEL_2_start = .
 *(SORT_BY_NAME(SORT_BY_ALIGNMENT(.z_device_PRE_KERNEL_2[0-9]_*)))
 *(SORT_BY_NAME(SORT_BY_ALIGNMENT(.z_device_PRE_KERNEL_2[1-9][0-9]_*)))
                0x00000000010048c4                __device_POST_KERNEL_start = .
 *(SORT_BY_NAME(SORT_BY_ALIGNMENT(.z_device_POST_KERNEL[0-9]_*)))
 *(SORT_BY_NAME(SORT_BY_ALIGNMENT(.z_device_POST_KERNEL[1-9][0-9]_*)))
 .z_device_POST_KERNEL50_
                0x00000000010048c4       0x18 zephyr/drivers/flash/libdrivers__flash.a(soc_flash_nrf.c.obj)
                0x00000000010048c4                __device_dts_ord_69
                0x00000000010048dc                __device_APPLICATION_start = .
 *(SORT_BY_NAME(SORT_BY_ALIGNMENT(.z_device_APPLICATION[0-9]_*)))
 *(SORT_BY_NAME(SORT_BY_ALIGNMENT(.z_device_APPLICATION[1-9][0-9]_*)))
                0x00000000010048dc                __device_SMP_start = .
 *(SORT_BY_NAME(SORT_BY_ALIGNMENT(.z_device_SMP[0-9]_*)))
 *(SORT_BY_NAME(SORT_BY_ALIGNMENT(.z_device_SMP[1-9][0-9]_*)))
                0x00000000010048dc                __device_end = .

sw_isr_table    0x00000000010048dc       0xf0
                0x00000000010048dc                . = ALIGN (0x4)
 *(SORT_BY_ALIGNMENT(.gnu.linkonce.sw_isr_table*))
 .gnu.linkonce.sw_isr_table
                0x00000000010048dc       0xf0 zephyr/CMakeFiles/zephyr_final.dir/isr_tables.c.obj
                0x00000000010048dc                _sw_isr_table

initlevel_error
                0x000000000100485c        0x0
 *(SORT_BY_NAME(SORT_BY_ALIGNMENT(.z_init_[_A-Z0-9]*)))
                0x0000000000000001                ASSERT ((SIZEOF (initlevel_error) == 0x0), Undefined initialization levels used.)

app_shmem_regions
                0x00000000010049cc        0x0
                0x00000000010049cc                __app_shmem_regions_start = .
 *(SORT_BY_NAME(SORT_BY_ALIGNMENT(.app_regions.*)))
                0x00000000010049cc                __app_shmem_regions_end = .

k_p4wq_initparam_area
                0x00000000010049cc        0x0
                0x00000000010049cc                _k_p4wq_initparam_list_start = .
 *(SORT_BY_NAME(SORT_BY_ALIGNMENT(._k_p4wq_initparam.static.*)))
                0x00000000010049cc                _k_p4wq_initparam_list_end = .

_static_thread_data_area
                0x00000000010049cc        0x0
                0x00000000010049cc                __static_thread_data_list_start = .
 *(SORT_BY_NAME(SORT_BY_ALIGNMENT(.__static_thread_data.static.*)))
                0x00000000010049cc                __static_thread_data_list_end = .

device_handles  0x00000000010049cc       0x12
                0x00000000010049cc                __device_handles_start = .
 *(SORT_BY_NAME(SORT_BY_ALIGNMENT(.__device_handles_pass2*)))
 .__device_handles_pass2
                0x00000000010049cc       0x12 zephyr/CMakeFiles/zephyr_final.dir/dev_handles.c.obj
                0x00000000010049cc                __devicehdl_dts_ord_69
                0x00000000010049d2                __devicehdl_dts_ord_65
                0x00000000010049d8                __devicehdl_dts_ord_42
                0x00000000010049de                __device_handles_end = .

ztest           0x00000000010049de        0x0
                0x00000000010049de                _ztest_expected_result_entry_list_start = .
 *(SORT_BY_NAME(SORT_BY_ALIGNMENT(._ztest_expected_result_entry.static.*)))
                0x00000000010049de                _ztest_expected_result_entry_list_end = .
                0x00000000010049de                _ztest_suite_node_list_start = .
 *(SORT_BY_NAME(SORT_BY_ALIGNMENT(._ztest_suite_node.static.*)))
                0x00000000010049de                _ztest_suite_node_list_end = .
                0x00000000010049de                _ztest_unit_test_list_start = .
 *(SORT_BY_NAME(SORT_BY_ALIGNMENT(._ztest_unit_test.static.*)))
                0x00000000010049de                _ztest_unit_test_list_end = .
                0x00000000010049de                _ztest_test_rule_list_start = .
 *(SORT_BY_NAME(SORT_BY_ALIGNMENT(._ztest_test_rule.static.*)))
                0x00000000010049de                _ztest_test_rule_list_end = .

bt_l2cap_fixed_chan_area
                0x00000000010049de        0x0
                0x00000000010049de                _bt_l2cap_fixed_chan_list_start = .
 *(SORT_BY_NAME(SORT_BY_ALIGNMENT(._bt_l2cap_fixed_chan.static.*)))
                0x00000000010049de                _bt_l2cap_fixed_chan_list_end = .

bt_gatt_service_static_area
                0x00000000010049de        0x0
                0x00000000010049de                _bt_gatt_service_static_list_start = .
 *(SORT_BY_NAME(SORT_BY_ALIGNMENT(._bt_gatt_service_static.static.*)))
                0x00000000010049de                _bt_gatt_service_static_list_end = .

log_strings_sections
                0x00000000010049de        0x0
                0x00000000010049de                __log_strings_start = .
 *(SORT_BY_NAME(SORT_BY_ALIGNMENT(.log_strings*)))
                0x00000000010049de                __log_strings_end = .

log_const_sections
                0x00000000010049e0       0x58
                0x00000000010049e0                __log_const_start = .
 *(SORT_BY_NAME(SORT_BY_ALIGNMENT(.log_const_*)))
 .log_const_NRFX_CLOCK
                0x00000000010049e0        0x8 modules/hal_nordic/nrfx/libmodules__hal_nordic__nrfx.a(nrfx_clock.c.obj)
                0x00000000010049e0                log_const_NRFX_CLOCK
 .log_const_NRFX_DPPI
                0x00000000010049e8        0x8 modules/hal_nordic/nrfx/libmodules__hal_nordic__nrfx.a(nrfx_dppi.c.obj)
                0x00000000010049e8                log_const_NRFX_DPPI
 .log_const_STREAM_FLASH
                0x00000000010049f0        0x8 zephyr/libzephyr.a(stream_flash.c.obj)
                0x00000000010049f0                log_const_STREAM_FLASH
 .log_const_cbprintf_package
                0x00000000010049f8        0x8 zephyr/libzephyr.a(cbprintf_packaged.c.obj)
                0x00000000010049f8                log_const_cbprintf_package
 .log_const_clock_control
                0x0000000001004a00        0x8 zephyr/drivers/clock_control/libdrivers__clock_control.a(clock_control_nrf.c.obj)
                0x0000000001004a00                log_const_clock_control
 .log_const_fatal_error
                0x0000000001004a08        0x8 modules/nrf/lib/fatal_error/lib..__nrf__lib__fatal_error.a(fatal_error.c.obj)
                0x0000000001004a08                log_const_fatal_error
 .log_const_flash_nrf
                0x0000000001004a10        0x8 zephyr/drivers/flash/libdrivers__flash.a(soc_flash_nrf.c.obj)
                0x0000000001004a10                log_const_flash_nrf
 .log_const_os  0x0000000001004a18        0x8 zephyr/kernel/libkernel.a(init.c.obj)
                0x0000000001004a18                log_const_os
 .log_const_pcd
                0x0000000001004a20        0x8 modules/nrf/subsys/pcd/lib..__nrf__subsys__pcd.a(pcd.c.obj)
                0x0000000001004a20                log_const_pcd
 .log_const_soc
                0x0000000001004a28        0x8 zephyr/libzephyr.a(soc.c.obj)
                0x0000000001004a28                log_const_soc
 .log_const_uart_nrfx_uarte
                0x0000000001004a30        0x8 zephyr/drivers/serial/libdrivers__serial.a(uart_nrfx_uarte.c.obj)
                0x0000000001004a30                log_const_uart_nrfx_uarte
                0x0000000001004a38                __log_const_end = .

log_backend_area
                0x0000000001004a38        0x0
                0x0000000001004a38                _log_backend_list_start = .
 *(SORT_BY_NAME(SORT_BY_ALIGNMENT(._log_backend.static.*)))
                0x0000000001004a38                _log_backend_list_end = .

log_link_area   0x0000000001004a38        0x0
                0x0000000001004a38                _log_link_list_start = .
 *(SORT_BY_NAME(SORT_BY_ALIGNMENT(._log_link.static.*)))
                0x0000000001004a38                _log_link_list_end = .

tracing_backend_area
                0x0000000001004a38        0x0
                0x0000000001004a38                _tracing_backend_list_start = .
 *(SORT_BY_NAME(SORT_BY_ALIGNMENT(._tracing_backend.static.*)))
                0x0000000001004a38                _tracing_backend_list_end = .

zephyr_dbg_info
 *(SORT_BY_ALIGNMENT(.dbg_thread_info))

symbol_to_keep  0x0000000001004a38        0x0
                0x0000000001004a38                __symbol_to_keep_start = .
 *(SORT_BY_NAME(SORT_BY_ALIGNMENT(.symbol_to_keep*)))
                0x0000000001004a38                __symbol_to_keep_end = .

shell_area      0x0000000001004a38        0x0
                0x0000000001004a38                _shell_list_start = .
 *(SORT_BY_NAME(SORT_BY_ALIGNMENT(._shell.static.*)))
                0x0000000001004a38                _shell_list_end = .

shell_root_cmds_sections
                0x0000000001004a38        0x0
                0x0000000001004a38                __shell_root_cmds_start = .
 *(SORT_BY_NAME(SORT_BY_ALIGNMENT(.shell_root_cmd_*)))
                0x0000000001004a38                __shell_root_cmds_end = .

shell_subcmds_sections
                0x0000000001004a38        0x0
                0x0000000001004a38                __shell_subcmds_start = .
 *(SORT_BY_NAME(SORT_BY_ALIGNMENT(.shell_subcmd_*)))
                0x0000000001004a38                __shell_subcmds_end = .

shell_dynamic_subcmds_sections
                0x0000000001004a38        0x0
                0x0000000001004a38                __shell_dynamic_subcmds_start = .
 *(SORT_BY_NAME(SORT_BY_ALIGNMENT(.shell_dynamic_subcmd_*)))
                0x0000000001004a38                __shell_dynamic_subcmds_end = .

font_entry_sections
                0x0000000001004a38        0x0
                0x0000000001004a38                __font_entry_start = .
 *(SORT_BY_NAME(SORT_BY_ALIGNMENT(._cfb_font.*)))
                0x0000000001004a38                __font_entry_end = .

rodata          0x0000000001004a40     0x1170
 *(SORT_BY_ALIGNMENT(.rodata))
 .rodata        0x0000000001004a40        0xc app/libapp.a(main.c.obj)
 .rodata        0x0000000001004a4c       0x18 modules/nrf/subsys/bootloader/bl_validation/lib..__nrf__subsys__bootloader__bl_validation.a(bl_validation.c.obj)
 .rodata        0x0000000001004a64       0x18 modules/nrf/subsys/fw_info/lib..__nrf__subsys__fw_info.a(fw_info.c.obj)
 *(SORT_BY_ALIGNMENT(.rodata.*))
 *fill*         0x0000000001004a7c        0x4 
 .rodata.delay_machine_code.0
                0x0000000001004a80        0x6 zephyr/libzephyr.a(soc.c.obj)
 *fill*         0x0000000001004a86        0x2 
 .rodata.fw_info_allowed_offsets
                0x0000000001004a88       0x14 app/libapp.a(main.c.obj)
 .rodata.transitions.0
                0x0000000001004a9c        0xc zephyr/drivers/clock_control/libdrivers__clock_control.a(clock_control_nrf.c.obj)
 .rodata.config
                0x0000000001004aa8       0x18 zephyr/drivers/clock_control/libdrivers__clock_control.a(clock_control_nrf.c.obj)
 .rodata.clock_control_api
                0x0000000001004ac0       0x1c zephyr/drivers/clock_control/libdrivers__clock_control.a(clock_control_nrf.c.obj)
 .rodata.flash_nrf_api
                0x0000000001004adc       0x14 zephyr/drivers/flash/libdrivers__flash.a(soc_flash_nrf.c.obj)
 .rodata.flash_nrf_parameters
                0x0000000001004af0        0x8 zephyr/drivers/flash/libdrivers__flash.a(soc_flash_nrf.c.obj)
 .rodata.uarte_0z_config
                0x0000000001004af8       0x10 zephyr/drivers/serial/libdrivers__serial.a(uart_nrfx_uarte.c.obj)
 .rodata.__pinctrl_dev_config__device_dts_ord_65
                0x0000000001004b08        0xc zephyr/drivers/serial/libdrivers__serial.a(uart_nrfx_uarte.c.obj)
 .rodata.__pinctrl_states__device_dts_ord_65
                0x0000000001004b14        0x8 zephyr/drivers/serial/libdrivers__serial.a(uart_nrfx_uarte.c.obj)
 .rodata.__pinctrl_state_pins_0__device_dts_ord_65
                0x0000000001004b1c       0x10 zephyr/drivers/serial/libdrivers__serial.a(uart_nrfx_uarte.c.obj)
 .rodata.uart_nrfx_uarte_driver_api
                0x0000000001004b2c       0x14 zephyr/drivers/serial/libdrivers__serial.a(uart_nrfx_uarte.c.obj)
 .rodata.fw_info_allowed_offsets
                0x0000000001004b40       0x14 modules/nrf/subsys/bootloader/bl_validation/lib..__nrf__subsys__bootloader__bl_validation.a(bl_validation.c.obj)
 .rodata.fw_info_allowed_offsets
                0x0000000001004b54       0x14 modules/nrf/subsys/fw_info/lib..__nrf__subsys__fw_info.a(fw_info.c.obj)
 .rodata.CSWTCH.479
                0x0000000001004b68       0x14 zephyr/kernel/libkernel.a(fatal.c.obj)
 .rodata.levels.0
                0x0000000001004b7c       0x18 zephyr/kernel/libkernel.a(init.c.obj)
 .rodata.const_table
                0x0000000001004b94      0x100 C:/ncs/v2.4.2/nrfxlib/crypto/nrf_oberon/lib/cortex-m33+nodsp/soft-float/liboberon_3.0.13.a(ocrypto_sha256.c.obj)
 .rodata.main.str1.1
                0x0000000001004c94       0xb1 app/libapp.a(main.c.obj)
 .rodata.str1.1
                0x0000000001004d45       0x11 zephyr/libzephyr.a(cbprintf_packaged.c.obj)
 .rodata.process_event.str1.1
                0x0000000001004d56       0x3a zephyr/libzephyr.a(onoff.c.obj)
 .rodata.sys_notify_finalize.str1.1
                0x0000000001004d90       0x23 zephyr/libzephyr.a(notify.c.obj)
                                         0x3b (size before relaxing)
 .rodata.z_cbvprintf_impl.str1.1
                0x0000000001004db3        0x6 zephyr/libzephyr.a(cbprintf_complete.c.obj)
 .rodata.str1.1
                0x0000000001004db9        0x4 zephyr/libzephyr.a(soc.c.obj)
 .rodata.find_flash_total_size.str1.1
                0x0000000001004dbd       0x25 zephyr/libzephyr.a(stream_flash.c.obj)
 .rodata.stream_flash_erase_page.str1.1
                0x0000000001004de2       0x47 zephyr/libzephyr.a(stream_flash.c.obj)
 .rodata.flash_sync.str1.1
                0x0000000001004e29       0x90 zephyr/libzephyr.a(stream_flash.c.obj)
 .rodata.stream_flash_init.str1.1
                0x0000000001004eb9       0x55 zephyr/libzephyr.a(stream_flash.c.obj)
 .rodata.str1.1
                0x0000000001004f0e        0xd zephyr/libzephyr.a(stream_flash.c.obj)
 .rodata.z_arm_fatal_error.str1.1
                0x0000000001004f1b       0xaf zephyr/arch/arch/arm/core/aarch32/libarch__arm__core__aarch32.a(fatal.c.obj)
 .rodata.z_arm_irq_priority_set.str1.1
                0x0000000001004fca       0x36 zephyr/arch/arch/arm/core/aarch32/libarch__arm__core__aarch32.a(irq_manage.c.obj)
                                         0x4e (size before relaxing)
 .rodata.usage_fault.constprop.0.str1.1
                0x0000000001005000      0x11f zephyr/arch/arch/arm/core/aarch32/cortex_m/libarch__arm__core__aarch32__cortex_m.a(fault.c.obj)
 .rodata.bus_fault.constprop.0.str1.1
                0x000000000100511f       0xbe zephyr/arch/arch/arm/core/aarch32/cortex_m/libarch__arm__core__aarch32__cortex_m.a(fault.c.obj)
 .rodata.mem_manage_fault.constprop.0.str1.1
                0x00000000010051dd       0xe9 zephyr/arch/arch/arm/core/aarch32/cortex_m/libarch__arm__core__aarch32__cortex_m.a(fault.c.obj)
                                        0x101 (size before relaxing)
 .rodata.z_arm_fault.str1.1
                0x00000000010052c6      0x139 zephyr/arch/arch/arm/core/aarch32/cortex_m/libarch__arm__core__aarch32__cortex_m.a(fault.c.obj)
 .rodata.get_status.str1.1
                0x00000000010053ff       0x3d zephyr/drivers/clock_control/libdrivers__clock_control.a(clock_control_nrf.c.obj)
                                         0x55 (size before relaxing)
 .rodata.str1.1
                0x000000000100543c       0x29 zephyr/drivers/clock_control/libdrivers__clock_control.a(clock_control_nrf.c.obj)
 .rodata.flash_nrf_erase.str1.1
                0x0000000001005465       0x46 zephyr/drivers/flash/libdrivers__flash.a(soc_flash_nrf.c.obj)
 .rodata.flash_nrf_write.str1.1
                0x00000000010054ab       0x23 zephyr/drivers/flash/libdrivers__flash.a(soc_flash_nrf.c.obj)
 .rodata.str1.1
                0x00000000010054ce       0x24 zephyr/drivers/flash/libdrivers__flash.a(soc_flash_nrf.c.obj)
 .rodata.nrf_gpio_pin_port_decode.str1.1
                0x00000000010054f2       0x33 zephyr/drivers/pinctrl/libdrivers__pinctrl.a(pinctrl_nrf.c.obj)
                                         0x4b (size before relaxing)
 .rodata.uarte_0_init.str1.1
                0x0000000001005525       0x5c zephyr/drivers/serial/libdrivers__serial.a(uart_nrfx_uarte.c.obj)
                                         0x74 (size before relaxing)
 .rodata.str1.1
                0x0000000001005581       0x1e zephyr/drivers/serial/libdrivers__serial.a(uart_nrfx_uarte.c.obj)
 .rodata.fprotect_set_permission.str1.1
                0x000000000100559f       0x5e modules/nrf/lib/fprotect/lib..__nrf__lib__fprotect.a(fprotect_acl.c.obj)
                                         0x76 (size before relaxing)
 .rodata.k_sys_fatal_error_handler.str1.1
                0x00000000010055fd       0x16 modules/nrf/lib/fatal_error/lib..__nrf__lib__fatal_error.a(fatal_error.c.obj)
 .rodata.str1.1
                0x0000000001005613        0xc modules/nrf/lib/fatal_error/lib..__nrf__lib__fatal_error.a(fatal_error.c.obj)
 .rodata.bl_boot.str1.1
                0x000000000100561f       0x12 modules/nrf/subsys/bootloader/bl_boot/lib..__nrf__subsys__bootloader__bl_boot.a(bl_boot.c.obj)
 .rodata.validate_firmware.str1.1
                0x0000000001005631      0x2ca modules/nrf/subsys/bootloader/bl_validation/lib..__nrf__subsys__bootloader__bl_validation.a(bl_validation.c.obj)
 .rodata.pcd_fw_copy.str1.1
                0x00000000010058fb       0x5f modules/nrf/subsys/pcd/lib..__nrf__subsys__pcd.a(pcd.c.obj)
 .rodata.str1.1
                0x000000000100595a        0x4 modules/nrf/subsys/pcd/lib..__nrf__subsys__pcd.a(pcd.c.obj)
 .rodata.check_ext_api_requests.str1.1
                0x000000000100595e       0x5c modules/nrf/subsys/fw_info/lib..__nrf__subsys__fw_info.a(fw_info.c.obj)
 .rodata.CSWTCH.4
                0x00000000010059ba        0x4 modules/hal_nordic/nrfx/libmodules__hal_nordic__nrfx.a(system_nrf5340_network.c.obj)
 .rodata.CSWTCH.1
                0x00000000010059be        0x4 modules/hal_nordic/nrfx/libmodules__hal_nordic__nrfx.a(system_nrf5340_network.c.obj)
 .rodata.clock_stop.str1.1
                0x00000000010059c2       0x71 modules/hal_nordic/nrfx/libmodules__hal_nordic__nrfx.a(nrfx_clock.c.obj)
                                         0x89 (size before relaxing)
 .rodata.str1.1
                0x0000000001005a33        0xb modules/hal_nordic/nrfx/libmodules__hal_nordic__nrfx.a(nrfx_clock.c.obj)
 .rodata.str1.1
                0x0000000001005a3e        0xa modules/hal_nordic/nrfx/libmodules__hal_nordic__nrfx.a(nrfx_dppi.c.obj)
 .rodata.partial_word_create.str1.1
                0x0000000001005a48       0x3c modules/hal_nordic/nrfx/libmodules__hal_nordic__nrfx.a(nrfx_nvmc.c.obj)
                                         0x54 (size before relaxing)
 .rodata.z_fatal_error.str1.1
                0x0000000001005a84       0xa8 zephyr/kernel/libkernel.a(fatal.c.obj)
                                         0xc0 (size before relaxing)
 .rodata.str1.1
                0x0000000001005b2c       0x4a zephyr/kernel/libkernel.a(fatal.c.obj)
 .rodata.str1.1
                0x0000000001005b76        0x3 zephyr/kernel/libkernel.a(init.c.obj)
 .rodata.boot_banner.str1.1
                0x0000000001005b79       0x30 zephyr/kernel/libkernel.a(banner.c.obj)
 *(SORT_BY_ALIGNMENT(.gnu.linkonce.r.*))
                0x0000000001005bac                . = ALIGN (0x4)
 *fill*         0x0000000001005ba9        0x3 
                0x0000000001005bac                _fw_info_images_start = .
 *(SORT_BY_ALIGNMENT(.fw_info_images))
 .fw_info_images
                0x0000000001005bac        0x4 modules/nrf/subsys/fw_info/lib..__nrf__subsys__fw_info.a(fw_info.c.obj)
                0x0000000001005bac                self_image
                0x0000000000000001                _fw_info_images_size = ABSOLUTE (((. - _fw_info_images_start) / 0x4))
                0x0000000001005bb0                _ext_apis_start = .
 *(SORT_BY_ALIGNMENT(.ext_apis))
                0x0000000000000000                _ext_apis_size = ABSOLUTE ((. - _ext_apis_start))
                0x0000000001005bb0                _ext_apis_req_start = .
 *(SORT_BY_ALIGNMENT(.ext_apis_req))
                0x0000000000000000                _ext_apis_req_size = ABSOLUTE ((. - _ext_apis_req_start))
                0x0000000001005bb0                . = ALIGN (0x4)
                0x0000000001005bb0                __rodata_region_end = .
                0x0000000001005bb0                . = ALIGN (_region_min_align)
                0x0000000001005bb0                __rom_region_end = ((__rom_region_start + .) - ADDR (rom_start))

/DISCARD/
 *(SORT_BY_ALIGNMENT(.got.plt))
 *(SORT_BY_ALIGNMENT(.igot.plt))
 *(SORT_BY_ALIGNMENT(.got))
 *(SORT_BY_ALIGNMENT(.igot))
                0x0000000021000000                . = 0x21000000
                0x0000000021000000                . = ALIGN (_region_min_align)
                0x0000000021000000                _image_ram_start = .

.ramfunc        0x0000000021000000        0x0 load address 0x0000000001005bb0
                0x0000000021000000                . = ALIGN (_region_min_align)
                0x0000000021000000                __ramfunc_start = .
 *(SORT_BY_ALIGNMENT(.ramfunc))
 *(SORT_BY_ALIGNMENT(.ramfunc.*))
                0x0000000021000000                . = ALIGN (_region_min_align)
                0x0000000021000000                __ramfunc_end = .
                0x0000000000000000                __ramfunc_size = (__ramfunc_end - __ramfunc_start)
                0x0000000001005bb0                __ramfunc_load_start = LOADADDR (.ramfunc)

datas           0x0000000021000000       0x30 load address 0x0000000001005bb0
                0x0000000021000000                __data_region_start = .
                0x0000000021000000                __data_start = .
 *(SORT_BY_ALIGNMENT(.data))
 *(SORT_BY_ALIGNMENT(.data.*))
 .data._char_out
                0x0000000021000000        0x4 zephyr/libzephyr.a(printk.c.obj)
                0x0000000021000000                _char_out
 .data._stdout_hook
                0x0000000021000004        0x4 zephyr/lib/libc/minimal/liblib__libc__minimal.a(stdout_console.c.obj)
 .data.uarte_0_data
                0x0000000021000008       0x1c zephyr/drivers/serial/libdrivers__serial.a(uart_nrfx_uarte.c.obj)
 .data.m_allocated_channels
                0x0000000021000024        0x4 modules/hal_nordic/nrfx/libmodules__hal_nordic__nrfx.a(nrfx_dppi.c.obj)
 .data.timeout_list
                0x0000000021000028        0x8 zephyr/kernel/libkernel.a(timeout.c.obj)
 *(SORT_BY_ALIGNMENT(.kernel.*))
                0x0000000021000030                __data_end = .
                0x0000000000000030                __data_size = (__data_end - __data_start)
                0x0000000001005bb0                __data_load_start = LOADADDR (datas)
                0x0000000001005bb0                __data_region_load_start = LOADADDR (datas)

device_states   0x0000000021000030        0x6 load address 0x0000000001005be0
                0x0000000021000030                __device_states_start = .
 *(SORT_BY_ALIGNMENT(.z_devstate))
 .z_devstate    0x0000000021000030        0x2 zephyr/drivers/clock_control/libdrivers__clock_control.a(clock_control_nrf.c.obj)
 .z_devstate    0x0000000021000032        0x2 zephyr/drivers/flash/libdrivers__flash.a(soc_flash_nrf.c.obj)
 .z_devstate    0x0000000021000034        0x2 zephyr/drivers/serial/libdrivers__serial.a(uart_nrfx_uarte.c.obj)
 *(SORT_BY_ALIGNMENT(.z_devstate.*))
                0x0000000021000036                __device_states_end = .

initshell       0x0000000021000036        0x0 load address 0x0000000001005be6
                0x0000000021000036                __shell_module_start = .
 *(SORT_BY_ALIGNMENT(.shell_module_*))
                0x0000000021000036                __shell_module_end = .
                0x0000000021000036                __shell_cmd_start = .
 *(SORT_BY_ALIGNMENT(.shell_cmd_*))
                0x0000000021000036                __shell_cmd_end = .

log_mpsc_pbuf_area
                0x0000000021000036        0x0 load address 0x0000000001005be6
                0x0000000021000036                _log_mpsc_pbuf_list_start = .
 *(SORT_BY_NAME(SORT_BY_ALIGNMENT(._log_mpsc_pbuf.static.*)))
                0x0000000021000036                _log_mpsc_pbuf_list_end = .

log_msg_ptr_area
                0x0000000021000036        0x0 load address 0x0000000001005be6
                0x0000000021000036                _log_msg_ptr_list_start = .
 *(SORT_BY_NAME(SORT_BY_ALIGNMENT(._log_msg_ptr.static.*)))
                0x0000000021000036                _log_msg_ptr_list_end = .

log_dynamic_sections
                0x0000000021000036        0x0 load address 0x0000000001005be6
                0x0000000021000036                __log_dynamic_start = .
 *(SORT_BY_NAME(SORT_BY_ALIGNMENT(.log_dynamic_*)))
                0x0000000021000036                __log_dynamic_end = .

k_timer_area    0x0000000021000036        0x0 load address 0x0000000001005be6
                0x0000000021000036                _k_timer_list_start = .
 *(SORT_BY_NAME(SORT_BY_ALIGNMENT(._k_timer.static.*)))
                0x0000000021000036                _k_timer_list_end = .

k_mem_slab_area
                0x0000000021000036        0x0 load address 0x0000000001005be6
                0x0000000021000036                _k_mem_slab_list_start = .
 *(SORT_BY_NAME(SORT_BY_ALIGNMENT(._k_mem_slab.static.*)))
                0x0000000021000036                _k_mem_slab_list_end = .

k_heap_area     0x0000000021000036        0x0 load address 0x0000000001005be6
                0x0000000021000036                _k_heap_list_start = .
 *(SORT_BY_NAME(SORT_BY_ALIGNMENT(._k_heap.static.*)))
                0x0000000021000036                _k_heap_list_end = .

k_mutex_area    0x0000000021000036        0x0 load address 0x0000000001005be6
                0x0000000021000036                _k_mutex_list_start = .
 *(SORT_BY_NAME(SORT_BY_ALIGNMENT(._k_mutex.static.*)))
                0x0000000021000036                _k_mutex_list_end = .

k_stack_area    0x0000000021000036        0x0 load address 0x0000000001005be6
                0x0000000021000036                _k_stack_list_start = .
 *(SORT_BY_NAME(SORT_BY_ALIGNMENT(._k_stack.static.*)))
                0x0000000021000036                _k_stack_list_end = .

k_msgq_area     0x0000000021000036        0x0 load address 0x0000000001005be6
                0x0000000021000036                _k_msgq_list_start = .
 *(SORT_BY_NAME(SORT_BY_ALIGNMENT(._k_msgq.static.*)))
                0x0000000021000036                _k_msgq_list_end = .

k_mbox_area     0x0000000021000036        0x0 load address 0x0000000001005be6
                0x0000000021000036                _k_mbox_list_start = .
 *(SORT_BY_NAME(SORT_BY_ALIGNMENT(._k_mbox.static.*)))
                0x0000000021000036                _k_mbox_list_end = .

k_pipe_area     0x0000000021000036        0x0 load address 0x0000000001005be6
                0x0000000021000036                _k_pipe_list_start = .
 *(SORT_BY_NAME(SORT_BY_ALIGNMENT(._k_pipe.static.*)))
                0x0000000021000036                _k_pipe_list_end = .

k_sem_area      0x0000000021000036        0x0 load address 0x0000000001005be6
                0x0000000021000036                _k_sem_list_start = .
 *(SORT_BY_NAME(SORT_BY_ALIGNMENT(._k_sem.static.*)))
                0x0000000021000036                _k_sem_list_end = .

k_event_area    0x0000000021000036        0x0 load address 0x0000000001005be6
                0x0000000021000036                _k_event_list_start = .
 *(SORT_BY_NAME(SORT_BY_ALIGNMENT(._k_event.static.*)))
                0x0000000021000036                _k_event_list_end = .

k_queue_area    0x0000000021000036        0x0 load address 0x0000000001005be6
                0x0000000021000036                _k_queue_list_start = .
 *(SORT_BY_NAME(SORT_BY_ALIGNMENT(._k_queue.static.*)))
                0x0000000021000036                _k_queue_list_end = .

k_condvar_area  0x0000000021000036        0x0 load address 0x0000000001005be6
                0x0000000021000036                _k_condvar_list_start = .
 *(SORT_BY_NAME(SORT_BY_ALIGNMENT(._k_condvar.static.*)))
                0x0000000021000036                _k_condvar_list_end = .

_net_buf_pool_area
                0x0000000021000036        0x0 load address 0x0000000001005be6
                0x0000000021000036                _net_buf_pool_list = .
 *(SORT_BY_NAME(SORT_BY_ALIGNMENT(._net_buf_pool.static.*)))
                0x0000000021000036                __data_region_end = .

bss             0x0000000021000038      0x145
                0x0000000021000038                . = ALIGN (0x4)
                0x0000000021000038                __bss_start = .
                0x0000000021000038                __kernel_ram_start = .
 *(SORT_BY_ALIGNMENT(.bss))
 *(SORT_BY_ALIGNMENT(.bss.*))
 .bss.cc_data   0x0000000021000038       0x10 zephyr/drivers/timer/libdrivers__timer.a(nrf_rtc_timer.c.obj)
 .bss.last_count
                0x0000000021000048        0x8 zephyr/drivers/timer/libdrivers__timer.a(nrf_rtc_timer.c.obj)
 .bss.anchor    0x0000000021000050        0x8 zephyr/drivers/timer/libdrivers__timer.a(nrf_rtc_timer.c.obj)
 .bss.z_main_thread
                0x0000000021000058       0x78 zephyr/kernel/libkernel.a(init.c.obj)
                0x0000000021000058                z_main_thread
 .bss.curr_tick
                0x00000000210000d0        0x8 zephyr/kernel/libkernel.a(timeout.c.obj)
 .bss.timestamps.1
                0x00000000210000d8       0x14 zephyr/libzephyr.a(soc.c.obj)
 .bss.cli.1     0x00000000210000ec       0x10 zephyr/drivers/clock_control/libdrivers__clock_control.a(clock_control_nrf.c.obj)
 .bss.on.2      0x00000000210000fc        0x4 zephyr/drivers/clock_control/libdrivers__clock_control.a(clock_control_nrf.c.obj)
 .bss.data      0x0000000021000100       0x50 zephyr/drivers/clock_control/libdrivers__clock_control.a(clock_control_nrf.c.obj)
 .bss.hfclk_users
                0x0000000021000150        0x4 zephyr/drivers/clock_control/libdrivers__clock_control.a(clock_control_nrf.c.obj)
 .bss.dev_layout
                0x0000000021000154        0x8 zephyr/drivers/flash/libdrivers__flash.a(soc_flash_nrf.c.obj)
 .bss.force_isr_mask
                0x000000002100015c        0x4 zephyr/drivers/timer/libdrivers__timer.a(nrf_rtc_timer.c.obj)
 .bss.int_mask  0x0000000021000160        0x4 zephyr/drivers/timer/libdrivers__timer.a(nrf_rtc_timer.c.obj)
 .bss.overflow_cnt
                0x0000000021000164        0x4 zephyr/drivers/timer/libdrivers__timer.a(nrf_rtc_timer.c.obj)
 .bss.idx.0     0x0000000021000168        0x4 modules/nrf/lib/fprotect/lib..__nrf__lib__fprotect.a(fprotect_acl.c.obj)
 .bss.m_clock_cb
                0x000000002100016c        0x8 modules/hal_nordic/nrfx/libmodules__hal_nordic__nrfx.a(nrfx_clock.c.obj)
 .bss.announce_remaining
                0x0000000021000174        0x4 zephyr/kernel/libkernel.a(timeout.c.obj)
 .bss.timestamps_filled.2
                0x0000000021000178        0x1 zephyr/libzephyr.a(soc.c.obj)
 .bss.current.3
                0x0000000021000179        0x1 zephyr/libzephyr.a(soc.c.obj)
 .bss.uarte0_rx_data
                0x000000002100017a        0x1 zephyr/drivers/serial/libdrivers__serial.a(uart_nrfx_uarte.c.obj)
 .bss.uarte0_char_out
                0x000000002100017b        0x1 zephyr/drivers/serial/libdrivers__serial.a(uart_nrfx_uarte.c.obj)
 .bss.z_sys_post_kernel
                0x000000002100017c        0x1 zephyr/kernel/libkernel.a(init.c.obj)
                0x000000002100017c                z_sys_post_kernel
 *(SORT_BY_ALIGNMENT(COMMON))
 *(SORT_BY_ALIGNMENT(.kernel_bss.*))
                0x0000000021000180                __bss_end = ALIGN (0x4)

noinit          0x0000000021000180      0xc00
 *(SORT_BY_ALIGNMENT(.noinit))
 *(SORT_BY_ALIGNMENT(.noinit.*))
 .noinit."WEST_TOPDIR/zephyr/kernel/init.c".1
                0x0000000021000180      0x800 zephyr/kernel/libkernel.a(init.c.obj)
                0x0000000021000180                z_interrupt_stacks
 .noinit."WEST_TOPDIR/zephyr/kernel/init.c".0
                0x0000000021000980      0x400 zephyr/kernel/libkernel.a(init.c.obj)
                0x0000000021000980                z_main_stack
 *(SORT_BY_ALIGNMENT(.kernel_noinit.*))
                0x0000000021000d80                _image_ram_end = .
                0x0000000021000d80                _end = .
                0x0000000021010000                __kernel_ram_end = 0x21010000
                0x000000000000ffc8                __kernel_ram_size = (__kernel_ram_end - __kernel_ram_start)

/DISCARD/
 *(SORT_BY_ALIGNMENT(.irq_info*))
 *(SORT_BY_ALIGNMENT(.intList*))

.stab
 *(SORT_BY_ALIGNMENT(.stab))

.stabstr
 *(SORT_BY_ALIGNMENT(.stabstr))

.stab.excl
 *(SORT_BY_ALIGNMENT(.stab.excl))

.stab.exclstr
 *(SORT_BY_ALIGNMENT(.stab.exclstr))

.stab.index
 *(SORT_BY_ALIGNMENT(.stab.index))

.stab.indexstr
 *(SORT_BY_ALIGNMENT(.stab.indexstr))

.gnu.build.attributes
 *(SORT_BY_ALIGNMENT(.gnu.build.attributes) SORT_BY_ALIGNMENT(.gnu.build.attributes.*))

.comment        0x0000000000000000       0x40
 *(SORT_BY_ALIGNMENT(.comment))
 .comment       0x0000000000000000       0x20 zephyr/CMakeFiles/zephyr_final.dir/dev_handles.c.obj
                                         0x21 (size before relaxing)
 .comment       0x0000000000000020       0x21 zephyr/CMakeFiles/zephyr_final.dir/isr_tables.c.obj
 .comment       0x0000000000000020       0x21 app/libapp.a(main.c.obj)
 .comment       0x0000000000000020       0x21 zephyr/libzephyr.a(cbprintf_packaged.c.obj)
 .comment       0x0000000000000020       0x21 zephyr/libzephyr.a(printk.c.obj)
 .comment       0x0000000000000020       0x21 zephyr/libzephyr.a(onoff.c.obj)
 .comment       0x0000000000000020       0x21 zephyr/libzephyr.a(notify.c.obj)
 .comment       0x0000000000000020       0x21 zephyr/libzephyr.a(cbprintf_complete.c.obj)
 .comment       0x0000000000000020       0x21 zephyr/libzephyr.a(assert.c.obj)
 .comment       0x0000000000000020       0x21 zephyr/libzephyr.a(configs.c.obj)
 .comment       0x0000000000000020       0x21 zephyr/libzephyr.a(soc.c.obj)
 .comment       0x0000000000000020       0x21 zephyr/libzephyr.a(log_minimal.c.obj)
 .comment       0x0000000000000020       0x21 zephyr/libzephyr.a(stream_flash.c.obj)
 .comment       0x0000000000000020       0x21 zephyr/arch/arch/arm/core/aarch32/libarch__arm__core__aarch32.a(fatal.c.obj)
 .comment       0x0000000000000020       0x21 zephyr/arch/arch/arm/core/aarch32/libarch__arm__core__aarch32.a(irq_manage.c.obj)
 .comment       0x0000000000000020       0x21 zephyr/arch/arch/arm/core/aarch32/libarch__arm__core__aarch32.a(nmi.c.obj)
 .comment       0x0000000000000020       0x21 zephyr/arch/arch/arm/core/aarch32/libarch__arm__core__aarch32.a(prep_c.c.obj)
 .comment       0x0000000000000020       0x21 zephyr/arch/arch/arm/core/aarch32/libarch__arm__core__aarch32.a(thread.c.obj)
 .comment       0x0000000000000020       0x21 zephyr/arch/arch/arm/core/aarch32/cortex_m/libarch__arm__core__aarch32__cortex_m.a(fault.c.obj)
 .comment       0x0000000000000020       0x21 zephyr/arch/arch/arm/core/aarch32/cortex_m/libarch__arm__core__aarch32__cortex_m.a(irq_init.c.obj)
 .comment       0x0000000000000020       0x21 zephyr/arch/arch/arm/core/aarch32/cortex_m/libarch__arm__core__aarch32__cortex_m.a(scb.c.obj)
 .comment       0x0000000000000020       0x21 zephyr/lib/libc/minimal/liblib__libc__minimal.a(string.c.obj)
 .comment       0x0000000000000020       0x21 zephyr/lib/libc/minimal/liblib__libc__minimal.a(stdout_console.c.obj)
 .comment       0x0000000000000020       0x21 zephyr/drivers/clock_control/libdrivers__clock_control.a(clock_control_nrf.c.obj)
 .comment       0x0000000000000020       0x21 zephyr/drivers/console/libdrivers__console.a(uart_console.c.obj)
 .comment       0x0000000000000020       0x21 zephyr/drivers/flash/libdrivers__flash.a(soc_flash_nrf.c.obj)
 .comment       0x0000000000000020       0x21 zephyr/drivers/flash/libdrivers__flash.a(flash_page_layout.c.obj)
 .comment       0x0000000000000020       0x21 zephyr/drivers/pinctrl/libdrivers__pinctrl.a(common.c.obj)
 .comment       0x0000000000000020       0x21 zephyr/drivers/pinctrl/libdrivers__pinctrl.a(pinctrl_nrf.c.obj)
 .comment       0x0000000000000020       0x21 zephyr/drivers/serial/libdrivers__serial.a(uart_nrfx_uarte.c.obj)
 .comment       0x0000000000000020       0x21 zephyr/drivers/timer/libdrivers__timer.a(nrf_rtc_timer.c.obj)
 .comment       0x0000000000000020       0x21 modules/nrf/lib/fprotect/lib..__nrf__lib__fprotect.a(fprotect_acl.c.obj)
 .comment       0x0000000000000020       0x21 modules/nrf/lib/fatal_error/lib..__nrf__lib__fatal_error.a(fatal_error.c.obj)
 .comment       0x0000000000000020       0x21 modules/nrf/subsys/bootloader/bl_boot/lib..__nrf__subsys__bootloader__bl_boot.a(bl_boot.c.obj)
 .comment       0x0000000000000020       0x21 modules/nrf/subsys/bootloader/bl_crypto/lib..__nrf__subsys__bootloader__bl_crypto.a(bl_crypto.c.obj)
 .comment       0x0000000000000020       0x21 modules/nrf/subsys/bootloader/bl_crypto/lib..__nrf__subsys__bootloader__bl_crypto.a(bl_crypto_oberon_hash.c.obj)
 .comment       0x0000000000000020       0x21 modules/nrf/subsys/bootloader/bl_validation/lib..__nrf__subsys__bootloader__bl_validation.a(bl_validation.c.obj)
 .comment       0x0000000000000020       0x21 modules/nrf/subsys/bootloader/bl_storage/lib..__nrf__subsys__bootloader__bl_storage.a(bl_storage.c.obj)
 .comment       0x0000000000000020       0x21 modules/nrf/subsys/pcd/lib..__nrf__subsys__pcd.a(pcd.c.obj)
 .comment       0x0000000000000020       0x21 modules/nrf/subsys/fw_info/lib..__nrf__subsys__fw_info.a(fw_info.c.obj)
 .comment       0x0000000000000020       0x21 modules/hal_nordic/nrfx/libmodules__hal_nordic__nrfx.a(system_nrf5340_network.c.obj)
 .comment       0x0000000000000020       0x21 modules/hal_nordic/nrfx/libmodules__hal_nordic__nrfx.a(nrfx_glue.c.obj)
 .comment       0x0000000000000020       0x21 modules/hal_nordic/nrfx/libmodules__hal_nordic__nrfx.a(nrfx_flag32_allocator.c.obj)
 .comment       0x0000000000000020       0x21 modules/hal_nordic/nrfx/libmodules__hal_nordic__nrfx.a(nrfx_clock.c.obj)
 .comment       0x0000000000000020       0x21 modules/hal_nordic/nrfx/libmodules__hal_nordic__nrfx.a(nrfx_dppi.c.obj)
 .comment       0x0000000000000020       0x21 modules/hal_nordic/nrfx/libmodules__hal_nordic__nrfx.a(nrfx_nvmc.c.obj)
 .comment       0x0000000000000020       0x21 zephyr/kernel/libkernel.a(device.c.obj)
 .comment       0x0000000000000020       0x21 zephyr/kernel/libkernel.a(fatal.c.obj)
 .comment       0x0000000000000020       0x21 zephyr/kernel/libkernel.a(init.c.obj)
 .comment       0x0000000000000020       0x21 zephyr/kernel/libkernel.a(thread.c.obj)
 .comment       0x0000000000000020       0x21 zephyr/kernel/libkernel.a(xip.c.obj)
 .comment       0x0000000000000020       0x21 zephyr/kernel/libkernel.a(timeout.c.obj)
 .comment       0x0000000000000020       0x21 zephyr/kernel/libkernel.a(banner.c.obj)
 .comment       0x0000000000000020       0x21 zephyr/CMakeFiles/offsets.dir/./arch/arm/core/offsets/offsets.c.obj
 .comment       0x0000000000000020       0x20 C:/ncs/v2.4.2/nrfxlib/crypto/nrf_oberon/lib/cortex-m33+nodsp/soft-float/liboberon_3.0.13.a(ocrypto_sha256.c.obj)
                                         0x21 (size before relaxing)

.debug
 *(SORT_BY_ALIGNMENT(.debug))

.line
 *(SORT_BY_ALIGNMENT(.line))

.debug_srcinfo
 *(SORT_BY_ALIGNMENT(.debug_srcinfo))

.debug_sfnames
 *(SORT_BY_ALIGNMENT(.debug_sfnames))

.debug_aranges  0x0000000000000000     0x1038
 *(SORT_BY_ALIGNMENT(.debug_aranges))
 .debug_aranges
                0x0000000000000000       0x20 zephyr/libzephyr.a(soc_nrf_common.S.obj)
 .debug_aranges
                0x0000000000000020       0x30 zephyr/arch/arch/arm/core/aarch32/libarch__arm__core__aarch32.a(cpu_idle.S.obj)
 .debug_aranges
                0x0000000000000050       0x20 zephyr/arch/arch/arm/core/aarch32/libarch__arm__core__aarch32.a(nmi_on_reset.S.obj)
 .debug_aranges
                0x0000000000000070       0x28 zephyr/arch/arch/arm/core/aarch32/libarch__arm__core__aarch32.a(swap_helper.S.obj)
 .debug_aranges
                0x0000000000000098       0x20 zephyr/arch/arch/arm/core/aarch32/libarch__arm__core__aarch32.a(isr_wrapper.S.obj)
 .debug_aranges
                0x00000000000000b8       0x20 zephyr/arch/arch/arm/core/aarch32/cortex_m/libarch__arm__core__aarch32__cortex_m.a(exc_exit.S.obj)
 .debug_aranges
                0x00000000000000d8       0x20 zephyr/arch/arch/arm/core/aarch32/cortex_m/libarch__arm__core__aarch32__cortex_m.a(fault_s.S.obj)
 .debug_aranges
                0x00000000000000f8       0x20 zephyr/arch/arch/arm/core/aarch32/cortex_m/libarch__arm__core__aarch32__cortex_m.a(reset.S.obj)
 .debug_aranges
                0x0000000000000118       0x18 zephyr/CMakeFiles/zephyr_final.dir/dev_handles.c.obj
 .debug_aranges
                0x0000000000000130       0x18 zephyr/CMakeFiles/zephyr_final.dir/isr_tables.c.obj
 .debug_aranges
                0x0000000000000148       0x20 app/libapp.a(main.c.obj)
 .debug_aranges
                0x0000000000000168       0x40 zephyr/libzephyr.a(cbprintf_packaged.c.obj)
 .debug_aranges
                0x00000000000001a8       0x68 zephyr/libzephyr.a(printk.c.obj)
 .debug_aranges
                0x0000000000000210       0x90 zephyr/libzephyr.a(onoff.c.obj)
 .debug_aranges
                0x00000000000002a0       0x28 zephyr/libzephyr.a(notify.c.obj)
 .debug_aranges
                0x00000000000002c8       0x30 zephyr/libzephyr.a(cbprintf_complete.c.obj)
 .debug_aranges
                0x00000000000002f8       0x28 zephyr/libzephyr.a(assert.c.obj)
 .debug_aranges
                0x0000000000000320       0x20 zephyr/libzephyr.a(configs.c.obj)
 .debug_aranges
                0x0000000000000340       0x30 zephyr/libzephyr.a(soc.c.obj)
 .debug_aranges
                0x0000000000000370       0x30 zephyr/libzephyr.a(log_minimal.c.obj)
 .debug_aranges
                0x00000000000003a0       0x50 zephyr/libzephyr.a(stream_flash.c.obj)
 .debug_aranges
                0x00000000000003f0       0x30 zephyr/arch/arch/arm/core/aarch32/libarch__arm__core__aarch32.a(fatal.c.obj)
 .debug_aranges
                0x0000000000000420       0x40 zephyr/arch/arch/arm/core/aarch32/libarch__arm__core__aarch32.a(irq_manage.c.obj)
 .debug_aranges
                0x0000000000000460       0x20 zephyr/arch/arch/arm/core/aarch32/libarch__arm__core__aarch32.a(nmi.c.obj)
 .debug_aranges
                0x0000000000000480       0x20 zephyr/arch/arch/arm/core/aarch32/libarch__arm__core__aarch32.a(prep_c.c.obj)
 .debug_aranges
                0x00000000000004a0       0x38 zephyr/arch/arch/arm/core/aarch32/libarch__arm__core__aarch32.a(thread.c.obj)
 .debug_aranges
                0x00000000000004d8       0x40 zephyr/arch/arch/arm/core/aarch32/cortex_m/libarch__arm__core__aarch32__cortex_m.a(fault.c.obj)
 .debug_aranges
                0x0000000000000518       0x20 zephyr/arch/arch/arm/core/aarch32/cortex_m/libarch__arm__core__aarch32__cortex_m.a(irq_init.c.obj)
 .debug_aranges
                0x0000000000000538       0x30 zephyr/arch/arch/arm/core/aarch32/cortex_m/libarch__arm__core__aarch32__cortex_m.a(scb.c.obj)
 .debug_aranges
                0x0000000000000568       0x98 zephyr/lib/libc/minimal/liblib__libc__minimal.a(string.c.obj)
 .debug_aranges
                0x0000000000000600       0x58 zephyr/lib/libc/minimal/liblib__libc__minimal.a(stdout_console.c.obj)
 .debug_aranges
                0x0000000000000658       0xc0 zephyr/drivers/clock_control/libdrivers__clock_control.a(clock_control_nrf.c.obj)
 .debug_aranges
                0x0000000000000718       0x30 zephyr/drivers/console/libdrivers__console.a(uart_console.c.obj)
 .debug_aranges
                0x0000000000000748       0x50 zephyr/drivers/flash/libdrivers__flash.a(soc_flash_nrf.c.obj)
 .debug_aranges
                0x0000000000000798       0x40 zephyr/drivers/flash/libdrivers__flash.a(flash_page_layout.c.obj)
 .debug_aranges
                0x00000000000007d8       0x20 zephyr/drivers/pinctrl/libdrivers__pinctrl.a(common.c.obj)
 .debug_aranges
                0x00000000000007f8       0x28 zephyr/drivers/pinctrl/libdrivers__pinctrl.a(pinctrl_nrf.c.obj)
 .debug_aranges
                0x0000000000000820       0x58 zephyr/drivers/serial/libdrivers__serial.a(uart_nrfx_uarte.c.obj)
 .debug_aranges
                0x0000000000000878       0xb8 zephyr/drivers/timer/libdrivers__timer.a(nrf_rtc_timer.c.obj)
 .debug_aranges
                0x0000000000000930       0x40 modules/nrf/lib/fprotect/lib..__nrf__lib__fprotect.a(fprotect_acl.c.obj)
 .debug_aranges
                0x0000000000000970       0x20 modules/nrf/lib/fatal_error/lib..__nrf__lib__fatal_error.a(fatal_error.c.obj)
 .debug_aranges
                0x0000000000000990       0x20 modules/nrf/subsys/bootloader/bl_boot/lib..__nrf__subsys__bootloader__bl_boot.a(bl_boot.c.obj)
 .debug_aranges
                0x00000000000009b0       0x50 modules/nrf/subsys/bootloader/bl_crypto/lib..__nrf__subsys__bootloader__bl_crypto.a(bl_crypto.c.obj)
 .debug_aranges
                0x0000000000000a00       0x38 modules/nrf/subsys/bootloader/bl_crypto/lib..__nrf__subsys__bootloader__bl_crypto.a(bl_crypto_oberon_hash.c.obj)
 .debug_aranges
                0x0000000000000a38       0x60 modules/nrf/subsys/bootloader/bl_validation/lib..__nrf__subsys__bootloader__bl_validation.a(bl_validation.c.obj)
 .debug_aranges
                0x0000000000000a98       0x70 modules/nrf/subsys/bootloader/bl_storage/lib..__nrf__subsys__bootloader__bl_storage.a(bl_storage.c.obj)
 .debug_aranges
                0x0000000000000b08       0x40 modules/nrf/subsys/pcd/lib..__nrf__subsys__pcd.a(pcd.c.obj)
 .debug_aranges
                0x0000000000000b48       0x38 modules/nrf/subsys/fw_info/lib..__nrf__subsys__fw_info.a(fw_info.c.obj)
 .debug_aranges
                0x0000000000000b80       0x28 modules/hal_nordic/nrfx/libmodules__hal_nordic__nrfx.a(system_nrf5340_network.c.obj)
 .debug_aranges
                0x0000000000000ba8       0x30 modules/hal_nordic/nrfx/libmodules__hal_nordic__nrfx.a(nrfx_glue.c.obj)
 .debug_aranges
                0x0000000000000bd8       0x30 modules/hal_nordic/nrfx/libmodules__hal_nordic__nrfx.a(nrfx_flag32_allocator.c.obj)
 .debug_aranges
                0x0000000000000c08       0x78 modules/hal_nordic/nrfx/libmodules__hal_nordic__nrfx.a(nrfx_clock.c.obj)
 .debug_aranges
                0x0000000000000c80       0x78 modules/hal_nordic/nrfx/libmodules__hal_nordic__nrfx.a(nrfx_dppi.c.obj)
 .debug_aranges
                0x0000000000000cf8       0xb8 modules/hal_nordic/nrfx/libmodules__hal_nordic__nrfx.a(nrfx_nvmc.c.obj)
 .debug_aranges
                0x0000000000000db0       0x50 zephyr/kernel/libkernel.a(device.c.obj)
 .debug_aranges
                0x0000000000000e00       0x60 zephyr/kernel/libkernel.a(fatal.c.obj)
 .debug_aranges
                0x0000000000000e60       0x48 zephyr/kernel/libkernel.a(init.c.obj)
 .debug_aranges
                0x0000000000000ea8       0xa0 zephyr/kernel/libkernel.a(thread.c.obj)
 .debug_aranges
                0x0000000000000f48       0x20 zephyr/kernel/libkernel.a(xip.c.obj)
 .debug_aranges
                0x0000000000000f68       0x90 zephyr/kernel/libkernel.a(timeout.c.obj)
 .debug_aranges
                0x0000000000000ff8       0x20 zephyr/kernel/libkernel.a(banner.c.obj)
 .debug_aranges
                0x0000000000001018       0x20 zephyr/CMakeFiles/offsets.dir/./arch/arm/core/offsets/offsets.c.obj

.debug_pubnames
 *(SORT_BY_ALIGNMENT(.debug_pubnames))

.debug_info     0x0000000000000000    0x483a0
 *(SORT_BY_ALIGNMENT(.debug_info) SORT_BY_ALIGNMENT(.gnu.linkonce.wi.*))
 .debug_info    0x0000000000000000       0xe4 zephyr/CMakeFiles/zephyr_final.dir/dev_handles.c.obj
 .debug_info    0x00000000000000e4      0x17d zephyr/CMakeFiles/zephyr_final.dir/isr_tables.c.obj
 .debug_info    0x0000000000000261      0x6ed app/libapp.a(main.c.obj)
 .debug_info    0x000000000000094e     0x1f3d zephyr/libzephyr.a(cbprintf_packaged.c.obj)
 .debug_info    0x000000000000288b      0x6de zephyr/libzephyr.a(printk.c.obj)
 .debug_info    0x0000000000002f69     0x25f5 zephyr/libzephyr.a(onoff.c.obj)
 .debug_info    0x000000000000555e      0x38f zephyr/libzephyr.a(notify.c.obj)
 .debug_info    0x00000000000058ed     0x1063 zephyr/libzephyr.a(cbprintf_complete.c.obj)
 .debug_info    0x0000000000006950      0x186 zephyr/libzephyr.a(assert.c.obj)
 .debug_info    0x0000000000006ad6       0x38 zephyr/libzephyr.a(configs.c.obj)
 .debug_info    0x0000000000006b0e      0xb95 zephyr/libzephyr.a(soc.c.obj)
 .debug_info    0x00000000000076a3       0x23 zephyr/libzephyr.a(soc_nrf_common.S.obj)
 .debug_info    0x00000000000076c6      0x3d2 zephyr/libzephyr.a(log_minimal.c.obj)
 .debug_info    0x0000000000007a98     0x4e59 zephyr/libzephyr.a(stream_flash.c.obj)
 .debug_info    0x000000000000c8f1       0x22 zephyr/arch/arch/arm/core/aarch32/libarch__arm__core__aarch32.a(cpu_idle.S.obj)
 .debug_info    0x000000000000c913     0x2490 zephyr/arch/arch/arm/core/aarch32/libarch__arm__core__aarch32.a(fatal.c.obj)
 .debug_info    0x000000000000eda3      0xa37 zephyr/arch/arch/arm/core/aarch32/libarch__arm__core__aarch32.a(irq_manage.c.obj)
 .debug_info    0x000000000000f7da       0xb6 zephyr/arch/arch/arm/core/aarch32/libarch__arm__core__aarch32.a(nmi.c.obj)
 .debug_info    0x000000000000f890       0x23 zephyr/arch/arch/arm/core/aarch32/libarch__arm__core__aarch32.a(nmi_on_reset.S.obj)
 .debug_info    0x000000000000f8b3      0x49c zephyr/arch/arch/arm/core/aarch32/libarch__arm__core__aarch32.a(prep_c.c.obj)
 .debug_info    0x000000000000fd4f       0x22 zephyr/arch/arch/arm/core/aarch32/libarch__arm__core__aarch32.a(swap_helper.S.obj)
 .debug_info    0x000000000000fd71      0x9be zephyr/arch/arch/arm/core/aarch32/libarch__arm__core__aarch32.a(thread.c.obj)
 .debug_info    0x000000000001072f       0x23 zephyr/arch/arch/arm/core/aarch32/libarch__arm__core__aarch32.a(isr_wrapper.S.obj)
 .debug_info    0x0000000000010752       0x23 zephyr/arch/arch/arm/core/aarch32/cortex_m/libarch__arm__core__aarch32__cortex_m.a(exc_exit.S.obj)
 .debug_info    0x0000000000010775     0xb6a6 zephyr/arch/arch/arm/core/aarch32/cortex_m/libarch__arm__core__aarch32__cortex_m.a(fault.c.obj)
 .debug_info    0x000000000001be1b       0x23 zephyr/arch/arch/arm/core/aarch32/cortex_m/libarch__arm__core__aarch32__cortex_m.a(fault_s.S.obj)
 .debug_info    0x000000000001be3e      0x65e zephyr/arch/arch/arm/core/aarch32/cortex_m/libarch__arm__core__aarch32__cortex_m.a(irq_init.c.obj)
 .debug_info    0x000000000001c49c       0x23 zephyr/arch/arch/arm/core/aarch32/cortex_m/libarch__arm__core__aarch32__cortex_m.a(reset.S.obj)
 .debug_info    0x000000000001c4bf      0x882 zephyr/arch/arch/arm/core/aarch32/cortex_m/libarch__arm__core__aarch32__cortex_m.a(scb.c.obj)