Archive member included to satisfy reference by file (symbol)

app/libapp.a(main.c.obj)      (--whole-archive)
app/libapp.a(flash_map_extended.c.obj)
                              (--whole-archive)
app/libapp.a(os.c.obj)        (--whole-archive)
app/libapp.a(keys.c.obj)      (--whole-archive)
app/libapp.a(boot_serial_extensions.c.obj)
                              (--whole-archive)
app/libapp.a(image_validate.c.obj)
                              (--whole-archive)
app/libapp.a(tlv.c.obj)       (--whole-archive)
app/libapp.a(encrypted.c.obj)
                              (--whole-archive)
app/libapp.a(image_rsa.c.obj)
                              (--whole-archive)
app/libapp.a(image_ec256.c.obj)
                              (--whole-archive)
app/libapp.a(image_ed25519.c.obj)
                              (--whole-archive)
app/libapp.a(bootutil_misc.c.obj)
                              (--whole-archive)
app/libapp.a(fault_injection_hardening.c.obj)
                              (--whole-archive)
app/libapp.a(loader.c.obj)    (--whole-archive)
app/libapp.a(swap_misc.c.obj)
                              (--whole-archive)
app/libapp.a(swap_scratch.c.obj)
                              (--whole-archive)
app/libapp.a(swap_move.c.obj)
                              (--whole-archive)
app/libapp.a(caps.c.obj)      (--whole-archive)
app/libapp.a(autogen-pubkey.c.obj)
                              (--whole-archive)
app/libapp.a(arm_cleanup.c.obj)
                              (--whole-archive)
app/libapp.a(nrf_cleanup.c.obj)
                              (--whole-archive)
zephyr/libzephyr.a(cbprintf_packaged.c.obj)
                              (--whole-archive)
zephyr/libzephyr.a(dec.c.obj)
                              (--whole-archive)
zephyr/libzephyr.a(fdtable.c.obj)
                              (--whole-archive)
zephyr/libzephyr.a(hex.c.obj)
                              (--whole-archive)
zephyr/libzephyr.a(printk.c.obj)
                              (--whole-archive)
zephyr/libzephyr.a(rb.c.obj)  (--whole-archive)
zephyr/libzephyr.a(sem.c.obj)
                              (--whole-archive)
zephyr/libzephyr.a(thread_entry.c.obj)
                              (--whole-archive)
zephyr/libzephyr.a(timeutil.c.obj)
                              (--whole-archive)
zephyr/libzephyr.a(heap.c.obj)
                              (--whole-archive)
zephyr/libzephyr.a(heap-validate.c.obj)
                              (--whole-archive)
zephyr/libzephyr.a(bitarray.c.obj)
                              (--whole-archive)
zephyr/libzephyr.a(multi_heap.c.obj)
                              (--whole-archive)
zephyr/libzephyr.a(onoff.c.obj)
                              (--whole-archive)
zephyr/libzephyr.a(notify.c.obj)
                              (--whole-archive)
zephyr/libzephyr.a(crc32c_sw.c.obj)
                              (--whole-archive)
zephyr/libzephyr.a(crc32_sw.c.obj)
                              (--whole-archive)
zephyr/libzephyr.a(crc16_sw.c.obj)
                              (--whole-archive)
zephyr/libzephyr.a(crc8_sw.c.obj)
                              (--whole-archive)
zephyr/libzephyr.a(crc7_sw.c.obj)
                              (--whole-archive)
zephyr/libzephyr.a(cbprintf_complete.c.obj)
                              (--whole-archive)
zephyr/libzephyr.a(cbprintf.c.obj)
                              (--whole-archive)
zephyr/libzephyr.a(assert.c.obj)
                              (--whole-archive)
zephyr/libzephyr.a(configs.c.obj)
                              (--whole-archive)
zephyr/libzephyr.a(soc.c.obj)
                              (--whole-archive)
zephyr/libzephyr.a(soc_nrf_common.S.obj)
                              (--whole-archive)
zephyr/libzephyr.a(validate_base_addresses.c.obj)
                              (--whole-archive)
zephyr/libzephyr.a(validate_enabled_instances.c.obj)
                              (--whole-archive)
zephyr/libzephyr.a(flash_map.c.obj)
                              (--whole-archive)
zephyr/libzephyr.a(flash_map_layout.c.obj)
                              (--whole-archive)
zephyr/libzephyr.a(tracing_none.c.obj)
                              (--whole-archive)
zephyr/libzephyr.a(flash_map_partition_manager.c.obj)
                              (--whole-archive)
zephyr/libzephyr.a(nrf_cc3xx_platform_abort_zephyr.c.obj)
                              (--whole-archive)
zephyr/libzephyr.a(nrf_cc3xx_platform_no_mutex_zephyr.c.obj)
                              (--whole-archive)
zephyr/arch/common/libarch__common.a(sw_isr_common.c.obj)
                              (--whole-archive)
zephyr/arch/arch/arm/core/aarch32/libarch__arm__core__aarch32.a(cpu_idle.S.obj)
                              (--whole-archive)
zephyr/arch/arch/arm/core/aarch32/libarch__arm__core__aarch32.a(fatal.c.obj)
                              (--whole-archive)
zephyr/arch/arch/arm/core/aarch32/libarch__arm__core__aarch32.a(irq_manage.c.obj)
                              (--whole-archive)
[...]
Memory Configuration

Name             Origin             Length             Attributes
FLASH            0x0000000000000000 0x0000000000008000 xr
RAM              0x0000000020002000 0x000000000006e000 xw
IDT_LIST         0x00000000fffff7ff 0x0000000000000800 xw
*default*        0x0000000000000000 0xffffffffffffffff

Linker script and memory map

LOAD zephyr/CMakeFiles/zephyr_final.dir/misc/empty_file.c.obj
LOAD zephyr/CMakeFiles/zephyr_final.dir/dev_handles.c.obj
LOAD zephyr/CMakeFiles/zephyr_final.dir/isr_tables.c.obj
LOAD app/libapp.a
LOAD zephyr/libzephyr.a
LOAD zephyr/arch/common/libarch__common.a
LOAD zephyr/arch/arch/arm/core/aarch32/libarch__arm__core__aarch32.a
LOAD zephyr/arch/arch/arm/core/aarch32/cortex_m/libarch__arm__core__aarch32__cortex_m.a
LOAD zephyr/arch/arch/arm/core/aarch32/cortex_m/cmse/libarch__arm__core__aarch32__cortex_m__cmse.a
LOAD zephyr/arch/arch/arm/core/aarch32/mpu/libarch__arm__core__aarch32__mpu.a
LOAD zephyr/lib/libc/minimal/liblib__libc__minimal.a
LOAD zephyr/soc/arm/common/cortex_m/libsoc__arm__common__cortex_m.a
LOAD zephyr/drivers/clock_control/libdrivers__clock_control.a
LOAD zephyr/drivers/flash/libdrivers__flash.a
LOAD zephyr/drivers/pinctrl/libdrivers__pinctrl.a
LOAD zephyr/drivers/timer/libdrivers__timer.a
LOAD modules/nrf/lib/fprotect/lib..__nrf__lib__fprotect.a
LOAD modules/nrf/subsys/pcd/lib..__nrf__subsys__pcd.a
LOAD modules/nrf/modules/mcuboot/hooks/lib..__nrf__modules__mcuboot__hooks.a
LOAD modules/nrf/drivers/hw_cc310/lib..__nrf__drivers__hw_cc310.a
LOAD modules/mcuboot/boot/bootutil/zephyr/libmcuboot_util.a
LOAD modules/mbedtls/libmodules__mbedtls.a
LOAD modules/hal_nordic/nrfx/libmodules__hal_nordic__nrfx.a
LOAD zephyr/kernel/libkernel.a
LOAD zephyr/CMakeFiles/offsets.dir/./arch/arm/core/offsets/offsets.c.obj
LOAD c:/ncs/toolchains/31f4403e35/opt/zephyr-sdk/arm-zephyr-eabi/bin/../lib/gcc/arm-zephyr-eabi/12.2.0/thumb/v8-m.main/nofp\libgcc.a
LOAD zephyr/arch/common/libisr_tables.a
LOAD C:/ncs/v2.4.2/nrfxlib/crypto/nrf_cc312_platform/lib/cortex-m33/soft-float/no-interrupts/libnrf_cc312_platform_0.9.17.a
                0x0000000000000020                _region_min_align = 0x20

.rel.plt        0x0000000000000000        0x0
 *(SORT_BY_ALIGNMENT(.rel.plt))
                [!provide]                        PROVIDE (__rel_iplt_start = .)
 *(SORT_BY_ALIGNMENT(.rel.iplt))
 .rel.iplt      0x0000000000000000        0x0 zephyr/CMakeFiles/zephyr_final.dir/isr_tables.c.obj
                [!provide]                        PROVIDE (__rel_iplt_end = .)

.rela.plt       0x0000000000000000        0x0
 *(SORT_BY_ALIGNMENT(.rela.plt))
                [!provide]                        PROVIDE (__rela_iplt_start = .)
 *(SORT_BY_ALIGNMENT(.rela.iplt))
                [!provide]                        PROVIDE (__rela_iplt_end = .)

.rel.dyn
 *(SORT_BY_ALIGNMENT(.rel.*))

.rela.dyn
 *(SORT_BY_ALIGNMENT(.rela.*))

/DISCARD/
 *(SORT_BY_ALIGNMENT(.plt))

/DISCARD/
 *(SORT_BY_ALIGNMENT(.iplt))
                0x0000000000000000                __rom_region_start = 0x0

rom_start       0x0000000000000000      0x154
                0x0000000000000000                . = 0x0
                0x0000000000000000                . = ALIGN (0x4)
                0x0000000000000000                . = ALIGN (0x80)
                0x0000000000000000                . = ALIGN (0x200)
                0x0000000000000000                _vector_start = .
 *(SORT_BY_ALIGNMENT(.exc_vector_table))
 *(SORT_BY_ALIGNMENT(.exc_vector_table.*))
 .exc_vector_table._vector_table_section
                0x0000000000000000       0x40 zephyr/arch/arch/arm/core/aarch32/cortex_m/libarch__arm__core__aarch32__cortex_m.a(vector_table.S.obj)
                0x0000000000000000                _vector_table
 *(SORT_BY_ALIGNMENT(.vectors))
                0x0000000000000154                _vector_end = .
                0x0000000000000040                . = ALIGN (0x4)
 *(SORT_BY_ALIGNMENT(.gnu.linkonce.irq_vector_table*))
 .gnu.linkonce.irq_vector_table
                0x0000000000000040      0x114 zephyr/CMakeFiles/zephyr_final.dir/isr_tables.c.obj
                0x0000000000000040                _irq_vector_table
                0x0000000000000154                _vector_end = .

text            0x0000000000000154     0x6a48
                0x0000000000000154                __text_region_start = .
 *(SORT_BY_ALIGNMENT(.text))
 .text          0x0000000000000154       0x30 c:/ncs/toolchains/31f4403e35/opt/zephyr-sdk/arm-zephyr-eabi/bin/../lib/gcc/arm-zephyr-eabi/12.2.0/thumb/v8-m.main/nofp\libgcc.a(_aeabi_uldivmod.o)
                0x0000000000000154                __aeabi_uldivmod
 .text          0x0000000000000184        0x4 c:/ncs/toolchains/31f4403e35/opt/zephyr-sdk/arm-zephyr-eabi/bin/../lib/gcc/arm-zephyr-eabi/12.2.0/thumb/v8-m.main/nofp\libgcc.a(_dvmd_tls.o)
                0x0000000000000184                __aeabi_idiv0
                0x0000000000000184                __aeabi_ldiv0
 .text          0x0000000000000188      0x29c c:/ncs/toolchains/31f4403e35/opt/zephyr-sdk/arm-zephyr-eabi/bin/../lib/gcc/arm-zephyr-eabi/12.2.0/thumb/v8-m.main/nofp\libgcc.a(_udivmoddi4.o)
                0x0000000000000188                __udivmoddi4
 *(SORT_BY_ALIGNMENT(.text.*))
 .text.main     0x0000000000000424       0xc8 app/libapp.a(main.c.obj)
                0x0000000000000424                main
 .text.os_heap_init
                0x00000000000004ec       0x10 app/libapp.a(os.c.obj)
                0x00000000000004ec                os_heap_init
 .text.bootutil_img_validate
                0x00000000000004fc      0x1d8 app/libapp.a(image_validate.c.obj)
                0x00000000000004fc                bootutil_img_validate
 .text.bootutil_verify_sig
                0x00000000000006d4      0x1c8 app/libapp.a(image_rsa.c.obj)
                0x00000000000006d4                bootutil_verify_sig
 .text.boot_validate_slot.isra.0
                0x000000000000089c      0x184 app/libapp.a(loader.c.obj)
 .text.boot_copy_region
                0x0000000000000a20       0xac app/libapp.a(loader.c.obj)
                0x0000000000000a20                boot_copy_region
 .text.context_boot_go
                0x0000000000000acc      0x644 app/libapp.a(loader.c.obj)
                0x0000000000000acc                context_boot_go
 .text.boot_go  0x0000000000001110       0x20 app/libapp.a(loader.c.obj)
                0x0000000000001110                boot_go
 .text.cleanup_arm_nvic
                0x0000000000001130       0x38 app/libapp.a(arm_cleanup.c.obj)
                0x0000000000001130                cleanup_arm_nvic
 .text.nrf_cleanup_peripheral
                0x0000000000001168       0x90 app/libapp.a(nrf_cleanup.c.obj)
                0x0000000000001168                nrf_cleanup_peripheral
 .text.process_event
                0x00000000000011f8      0x21c zephyr/libzephyr.a(onoff.c.obj)
 .text.nrf_gpio_pin_control_select.constprop.0
                0x0000000000001414       0x1c zephyr/libzephyr.a(soc.c.obj)
 .text.nordicsemi_nrf53_init
                0x0000000000001430       0x50 zephyr/libzephyr.a(soc.c.obj)
 .text.z_arm_on_enter_cpu_idle
                0x0000000000001480       0x64 zephyr/libzephyr.a(soc.c.obj)
                0x0000000000001480                z_arm_on_enter_cpu_idle
 .text.arch_busy_wait
                0x00000000000014e4       0x24 zephyr/libzephyr.a(soc.c.obj)
                0x00000000000014e4                arch_busy_wait
 .text.z_arm_platform_init
                0x0000000000001508        0x4 zephyr/libzephyr.a(soc_nrf_common.S.obj)
                0x0000000000001508                z_arm_platform_init
 .text.flash_area_open
                0x000000000000150c       0x50 zephyr/libzephyr.a(flash_map.c.obj)
                0x000000000000150c                flash_area_open
 .text.flash_area_get_sectors
                0x000000000000155c       0x60 zephyr/libzephyr.a(flash_map_layout.c.obj)
                0x000000000000155c                flash_area_get_sectors
 .text.nrf_cc3xx_platform_abort_init
                0x00000000000015bc        0xc zephyr/libzephyr.a(nrf_cc3xx_platform_abort_zephyr.c.obj)
                0x00000000000015bc                nrf_cc3xx_platform_abort_init
 .text.z_arm_cpu_idle_init
                0x00000000000015c8        0xc zephyr/arch/arch/arm/core/aarch32/libarch__arm__core__aarch32.a(cpu_idle.S.obj)
                0x00000000000015c8                z_arm_cpu_idle_init
 .text.arch_cpu_atomic_idle
                0x00000000000015d4       0x24 zephyr/arch/arch/arm/core/aarch32/libarch__arm__core__aarch32.a(cpu_idle.S.obj)
                0x00000000000015d4                arch_cpu_atomic_idle
 .text.arch_irq_enable
                0x00000000000015f8       0x1c zephyr/arch/arch/arm/core/aarch32/libarch__arm__core__aarch32.a(irq_manage.c.obj)
                0x00000000000015f8                arch_irq_enable
 .text.arch_irq_disable
                0x0000000000001614       0x28 zephyr/arch/arch/arm/core/aarch32/libarch__arm__core__aarch32.a(irq_manage.c.obj)
                0x0000000000001614                arch_irq_disable
 .text.arch_irq_is_enabled
                0x000000000000163c       0x1c zephyr/arch/arch/arm/core/aarch32/libarch__arm__core__aarch32.a(irq_manage.c.obj)
                0x000000000000163c                arch_irq_is_enabled
 .text.z_arm_irq_priority_set
                0x0000000000001658       0x2c zephyr/arch/arch/arm/core/aarch32/libarch__arm__core__aarch32.a(irq_manage.c.obj)
                0x0000000000001658                z_arm_irq_priority_set
 .text.z_SysNmiOnReset
                0x0000000000001684        0x8 zephyr/arch/arch/arm/core/aarch32/libarch__arm__core__aarch32.a(nmi_on_reset.S.obj)
                0x0000000000001684                z_SysNmiOnReset
 .text.z_arm_prep_c
                0x000000000000168c       0x38 zephyr/arch/arch/arm/core/aarch32/libarch__arm__core__aarch32.a(prep_c.c.obj)
                0x000000000000168c                z_arm_prep_c
 .text.z_arm_svc
                0x00000000000016c4       0x20 zephyr/arch/arch/arm/core/aarch32/libarch__arm__core__aarch32.a(swap_helper.S.obj)
                0x00000000000016c4                z_arm_svc
 .text.z_arm_switch_to_main_no_multithreading
                0x00000000000016e4       0x3c zephyr/arch/arch/arm/core/aarch32/libarch__arm__core__aarch32.a(thread.c.obj)
                0x00000000000016e4                z_arm_switch_to_main_no_multithreading
 .text._isr_wrapper
                0x0000000000001720       0x28 zephyr/arch/arch/arm/core/aarch32/libarch__arm__core__aarch32.a(isr_wrapper.S.obj)
                0x0000000000001720                _isr_wrapper
 .text._HandlerModeExit
                0x0000000000001748        0x4 zephyr/arch/arch/arm/core/aarch32/cortex_m/libarch__arm__core__aarch32__cortex_m.a(exc_exit.S.obj)
                0x0000000000001748                z_arm_int_exit
                0x0000000000001748                z_arm_exc_exit
 .text.usage_fault.constprop.0
                0x000000000000174c       0x5c zephyr/arch/arch/arm/core/aarch32/cortex_m/libarch__arm__core__aarch32__cortex_m.a(fault.c.obj)
 .text.bus_fault.constprop.0
                0x00000000000017a8       0x6c zephyr/arch/arch/arm/core/aarch32/cortex_m/libarch__arm__core__aarch32__cortex_m.a(fault.c.obj)
 .text.mem_manage_fault.constprop.0
                0x0000000000001814       0x78 zephyr/arch/arch/arm/core/aarch32/cortex_m/libarch__arm__core__aarch32__cortex_m.a(fault.c.obj)
 .text.z_arm_fault
                0x000000000000188c      0x118 zephyr/arch/arch/arm/core/aarch32/cortex_m/libarch__arm__core__aarch32__cortex_m.a(fault.c.obj)
                0x000000000000188c                z_arm_fault
 .text.z_arm_fault_init
                0x00000000000019a4       0x18 zephyr/arch/arch/arm/core/aarch32/cortex_m/libarch__arm__core__aarch32__cortex_m.a(fault.c.obj)
                0x00000000000019a4                z_arm_fault_init
 .text.__fault  0x00000000000019bc       0x14 zephyr/arch/arch/arm/core/aarch32/cortex_m/libarch__arm__core__aarch32__cortex_m.a(fault_s.S.obj)
                0x00000000000019bc                z_arm_usage_fault
                0x00000000000019bc                z_arm_mpu_fault
                0x00000000000019bc                z_arm_exc_spurious
                0x00000000000019bc                z_arm_debug_monitor
                0x00000000000019bc                z_arm_hard_fault
                0x00000000000019bc                z_arm_bus_fault
 .text.z_arm_interrupt_init
                0x00000000000019d0       0x18 zephyr/arch/arch/arm/core/aarch32/cortex_m/libarch__arm__core__aarch32__cortex_m.a(irq_init.c.obj)
                0x00000000000019d0                z_arm_interrupt_init
 .text._reset_section
                0x00000000000019e8       0x60 zephyr/arch/arch/arm/core/aarch32/cortex_m/libarch__arm__core__aarch32__cortex_m.a(reset.S.obj)
                0x00000000000019e8                __start
                0x00000000000019e8                z_arm_reset
 .text.z_arm_clear_arm_mpu_config
                0x0000000000001a48       0x24 zephyr/arch/arch/arm/core/aarch32/cortex_m/libarch__arm__core__aarch32__cortex_m.a(scb.c.obj)
                0x0000000000001a48                z_arm_clear_arm_mpu_config
 .text.z_arm_init_arch_hw_at_boot
                0x0000000000001a6c       0x4c zephyr/arch/arch/arm/core/aarch32/cortex_m/libarch__arm__core__aarch32__cortex_m.a(scb.c.obj)
                0x0000000000001a6c                z_arm_init_arch_hw_at_boot
 .text.z_arm_configure_static_mpu_regions
                0x0000000000001ab8       0x18 zephyr/arch/arch/arm/core/aarch32/mpu/libarch__arm__core__aarch32__mpu.a(arm_core_mpu.c.obj)
                0x0000000000001ab8                z_arm_configure_static_mpu_regions
 .text.region_init
                0x0000000000001ad0       0x34 zephyr/arch/arch/arm/core/aarch32/mpu/libarch__arm__core__aarch32__mpu.a(arm_mpu.c.obj)
 .text.mpu_configure_regions_and_partition.constprop.0
                0x0000000000001b04      0x14c zephyr/arch/arch/arm/core/aarch32/mpu/libarch__arm__core__aarch32__mpu.a(arm_mpu.c.obj)
 .text.arm_core_mpu_enable
                0x0000000000001c50       0x18 zephyr/arch/arch/arm/core/aarch32/mpu/libarch__arm__core__aarch32__mpu.a(arm_mpu.c.obj)
                0x0000000000001c50                arm_core_mpu_enable
 .text.arm_core_mpu_disable
                0x0000000000001c68       0x14 zephyr/arch/arch/arm/core/aarch32/mpu/libarch__arm__core__aarch32__mpu.a(arm_mpu.c.obj)
                0x0000000000001c68                arm_core_mpu_disable
 .text.arm_core_mpu_configure_static_mpu_regions
                0x0000000000001c7c       0x14 zephyr/arch/arch/arm/core/aarch32/mpu/libarch__arm__core__aarch32__mpu.a(arm_mpu.c.obj)
                0x0000000000001c7c                arm_core_mpu_configure_static_mpu_regions
 .text.z_arm_mpu_init
                0x0000000000001c90       0x4c zephyr/arch/arch/arm/core/aarch32/mpu/libarch__arm__core__aarch32__mpu.a(arm_mpu.c.obj)
                0x0000000000001c90                z_arm_mpu_init
 .text.onoff_stop
                0x0000000000001cdc       0x30 zephyr/drivers/clock_control/libdrivers__clock_control.a(clock_control_nrf.c.obj)
 .text.onoff_start
                0x0000000000001d0c       0x44 zephyr/drivers/clock_control/libdrivers__clock_control.a(clock_control_nrf.c.obj)
 .text.generic_hfclk_stop
                0x0000000000001d50       0x34 zephyr/drivers/clock_control/libdrivers__clock_control.a(clock_control_nrf.c.obj)
 .text.clk_init
                0x0000000000001d84       0x64 zephyr/drivers/clock_control/libdrivers__clock_control.a(clock_control_nrf.c.obj)
 .text.clkstarted_handle.constprop.0
                0x0000000000001de8       0x34 zephyr/drivers/clock_control/libdrivers__clock_control.a(clock_control_nrf.c.obj)
 .text.clock_event_handler
                0x0000000000001e1c       0x30 zephyr/drivers/clock_control/libdrivers__clock_control.a(clock_control_nrf.c.obj)
 .text.generic_hfclk_start
                0x0000000000001e4c       0x64 zephyr/drivers/clock_control/libdrivers__clock_control.a(clock_control_nrf.c.obj)
 .text.z_nrf_clock_control_lf_on
                0x0000000000001eb0       0xf0 zephyr/drivers/clock_control/libdrivers__clock_control.a(clock_control_nrf.c.obj)
                0x0000000000001eb0                z_nrf_clock_control_lf_on
 .text.qspi_get_zephyr_ret_code
                0x0000000000001fa0       0x1c zephyr/drivers/flash/libdrivers__flash.a(nrf_qspi_nor.c.obj)
 .text.qspi_nor_pages_layout
                0x0000000000001fbc       0x10 zephyr/drivers/flash/libdrivers__flash.a(nrf_qspi_nor.c.obj)
 .text.qspi_flash_get_parameters
                0x0000000000001fcc        0x8 zephyr/drivers/flash/libdrivers__flash.a(nrf_qspi_nor.c.obj)
 .text.qspi_wait_for_completion.isra.0
                0x0000000000001fd4       0x38 zephyr/drivers/flash/libdrivers__flash.a(nrf_qspi_nor.c.obj)
 .text.qspi_device_init
                0x000000000000200c       0x44 zephyr/drivers/flash/libdrivers__flash.a(nrf_qspi_nor.c.obj)
 .text.qspi_device_uninit
                0x0000000000002050       0x40 zephyr/drivers/flash/libdrivers__flash.a(nrf_qspi_nor.c.obj)
 .text.qspi_nor_erase
                0x0000000000002090       0xec zephyr/drivers/flash/libdrivers__flash.a(nrf_qspi_nor.c.obj)
 .text.qspi_nor_write
                0x000000000000217c      0x124 zephyr/drivers/flash/libdrivers__flash.a(nrf_qspi_nor.c.obj)
 .text.qspi_nor_read
                0x00000000000022a0      0x150 zephyr/drivers/flash/libdrivers__flash.a(nrf_qspi_nor.c.obj)
 .text.qspi_nor_init
                0x00000000000023f0      0x138 zephyr/drivers/flash/libdrivers__flash.a(nrf_qspi_nor.c.obj)
 .text.flash_sim_page_layout
                0x0000000000002528       0x10 zephyr/drivers/flash/libdrivers__flash.a(flash_simulator.c.obj)
 .text.flash_sim_get_parameters
                0x0000000000002538        0x8 zephyr/drivers/flash/libdrivers__flash.a(flash_simulator.c.obj)
 .text.flash_sim_write
                0x0000000000002540       0x78 zephyr/drivers/flash/libdrivers__flash.a(flash_simulator.c.obj)
 .text.flash_sim_read
                0x00000000000025b8       0x28 zephyr/drivers/flash/libdrivers__flash.a(flash_simulator.c.obj)
 .text.flash_sim_erase
                0x00000000000025e0       0x4c zephyr/drivers/flash/libdrivers__flash.a(flash_simulator.c.obj)
 .text.flash_init
                0x000000000000262c       0x18 zephyr/drivers/flash/libdrivers__flash.a(flash_simulator.c.obj)
 .text.z_impl_flash_simulator_get_memory
                0x0000000000002644       0x10 zephyr/drivers/flash/libdrivers__flash.a(flash_simulator.c.obj)
                0x0000000000002644                z_impl_flash_simulator_get_memory
 .text.flash_nrf_pages_layout
                0x0000000000002654       0x10 zephyr/drivers/flash/libdrivers__flash.a(soc_flash_nrf.c.obj)
 .text.flash_nrf_get_parameters
                0x0000000000002664        0x8 zephyr/drivers/flash/libdrivers__flash.a(soc_flash_nrf.c.obj)
 .text.nrf_flash_init
                0x000000000000266c       0x18 zephyr/drivers/flash/libdrivers__flash.a(soc_flash_nrf.c.obj)
 .text.flash_nrf_write
                0x0000000000002684       0x4c zephyr/drivers/flash/libdrivers__flash.a(soc_flash_nrf.c.obj)
 .text.pinctrl_configure_pins
                0x00000000000026d0      0x180 zephyr/drivers/pinctrl/libdrivers__pinctrl.a(pinctrl_nrf.c.obj)
                0x00000000000026d0                pinctrl_configure_pins
 .text.compare_int_lock
                0x0000000000002850       0x40 zephyr/drivers/timer/libdrivers__timer.a(nrf_rtc_timer.c.obj)
 .text.compare_int_unlock
                0x0000000000002890       0x4c zephyr/drivers/timer/libdrivers__timer.a(nrf_rtc_timer.c.obj)
 .text.z_nrf_rtc_timer_read
                0x00000000000028dc       0x44 zephyr/drivers/timer/libdrivers__timer.a(nrf_rtc_timer.c.obj)
                0x00000000000028dc                z_nrf_rtc_timer_read
 .text.compare_set
                0x0000000000002920      0x114 zephyr/drivers/timer/libdrivers__timer.a(nrf_rtc_timer.c.obj)
 .text.sys_clock_driver_init
                0x0000000000002a34       0x8c zephyr/drivers/timer/libdrivers__timer.a(nrf_rtc_timer.c.obj)
 .text.sys_clock_timeout_handler
                0x0000000000002ac0       0x70 zephyr/drivers/timer/libdrivers__timer.a(nrf_rtc_timer.c.obj)
 .text.rtc_nrf_isr
                0x0000000000002b30       0xd0 zephyr/drivers/timer/libdrivers__timer.a(nrf_rtc_timer.c.obj)
                0x0000000000002b30                rtc_nrf_isr
 .text.sys_clock_disable
                0x0000000000002c00       0x30 zephyr/drivers/timer/libdrivers__timer.a(nrf_rtc_timer.c.obj)
                0x0000000000002c00                sys_clock_disable
 .text.fprotect_area
                0x0000000000002c30       0x3c modules/nrf/lib/fprotect/lib..__nrf__lib__fprotect.a(fprotect_spu.c.obj)
                0x0000000000002c30                fprotect_area
 .text.pcd_fw_copy_status_get
                0x0000000000002c6c       0x24 modules/nrf/subsys/pcd/lib..__nrf__subsys__pcd.a(pcd.c.obj)
                0x0000000000002c6c                pcd_fw_copy_status_get
 .text.network_core_finished_check_handler
                0x0000000000002c90       0x20 modules/nrf/subsys/pcd/lib..__nrf__subsys__pcd.a(pcd.c.obj)
 .text.pcd_network_core_update_initiate
                0x0000000000002cb0       0x5c modules/nrf/subsys/pcd/lib..__nrf__subsys__pcd.a(pcd.c.obj)
                0x0000000000002cb0                pcd_network_core_update_initiate
 .text.pcd_network_core_update
                0x0000000000002d0c       0x6c modules/nrf/subsys/pcd/lib..__nrf__subsys__pcd.a(pcd.c.obj)
                0x0000000000002d0c                pcd_network_core_update
 .text.pcd_lock_ram
                0x0000000000002d78       0x10 modules/nrf/subsys/pcd/lib..__nrf__subsys__pcd.a(pcd.c.obj)
                0x0000000000002d78                pcd_lock_ram
 .text.boot_read_image_header_hook
                0x0000000000002d88       0x2c modules/nrf/modules/mcuboot/hooks/lib..__nrf__modules__mcuboot__hooks.a(nrf53_hooks.c.obj)
                0x0000000000002d88                boot_read_image_header_hook
 .text.boot_image_check_hook
                0x0000000000002db4       0x14 modules/nrf/modules/mcuboot/hooks/lib..__nrf__modules__mcuboot__hooks.a(nrf53_hooks.c.obj)
                0x0000000000002db4                boot_image_check_hook
 .text.network_core_update
                0x0000000000002dc8       0x50 modules/nrf/modules/mcuboot/hooks/lib..__nrf__modules__mcuboot__hooks.a(nrf53_hooks.c.obj)
                0x0000000000002dc8                network_core_update
 .text.boot_write_magic
                0x0000000000002e18       0x40 modules/mcuboot/boot/bootutil/zephyr/libmcuboot_util.a(bootutil_public.c.obj)
                0x0000000000002e18                boot_write_magic
 .text.boot_read_swap_state
                0x0000000000002e58       0xac modules/mcuboot/boot/bootutil/zephyr/libmcuboot_util.a(bootutil_public.c.obj)
                0x0000000000002e58                boot_read_swap_state
 .text.boot_swap_type_multi
                0x0000000000002f04       0xcc modules/mcuboot/boot/bootutil/zephyr/libmcuboot_util.a(bootutil_public.c.obj)
                0x0000000000002f04                boot_swap_type_multi
 .text.verify_header
                0x0000000000002fd0       0x40 modules/mbedtls/libmodules__mbedtls.a(memory_buffer_alloc.c.obj)
 .text.verify_chain
                0x0000000000003010       0x3c modules/mbedtls/libmodules__mbedtls.a(memory_buffer_alloc.c.obj)
 .text.buffer_alloc_calloc
                0x000000000000304c      0x114 modules/mbedtls/libmodules__mbedtls.a(memory_buffer_alloc.c.obj)
 .text.buffer_alloc_free
                0x0000000000003160      0x124 modules/mbedtls/libmodules__mbedtls.a(memory_buffer_alloc.c.obj)
 .text.mbedtls_memory_buffer_alloc_init
                0x0000000000003284       0x68 modules/mbedtls/libmodules__mbedtls.a(memory_buffer_alloc.c.obj)
                0x0000000000003284                mbedtls_memory_buffer_alloc_init
 .text.mbedtls_calloc
                0x00000000000032ec        0xc modules/mbedtls/libmodules__mbedtls.a(platform.c.obj)
                0x00000000000032ec                mbedtls_calloc
 .text.mbedtls_free
                0x00000000000032f8        0xc modules/mbedtls/libmodules__mbedtls.a(platform.c.obj)
                0x00000000000032f8                mbedtls_free
 .text.mbedtls_platform_set_calloc_free
                0x0000000000003304       0x14 modules/mbedtls/libmodules__mbedtls.a(platform.c.obj)
                0x0000000000003304                mbedtls_platform_set_calloc_free
 .text.rsa_check_context.constprop.0
                0x0000000000003318       0xb8 modules/mbedtls/libmodules__mbedtls.a(rsa.c.obj)
 .text.mbedtls_rsa_check_pubkey
                0x00000000000033d0       0x4c modules/mbedtls/libmodules__mbedtls.a(rsa.c.obj)
                0x00000000000033d0                mbedtls_rsa_check_pubkey
 .text.mbedtls_rsa_public
                0x000000000000341c       0x90 modules/mbedtls/libmodules__mbedtls.a(rsa.c.obj)
                0x000000000000341c                mbedtls_rsa_public
 .text.mbedtls_sha256_starts
                0x00000000000034ac       0xcc modules/mbedtls/libmodules__mbedtls.a(sha256.c.obj)
                0x00000000000034ac                mbedtls_sha256_starts
 .text.mbedtls_internal_sha256_process
                0x0000000000003578      0x148 modules/mbedtls/libmodules__mbedtls.a(sha256.c.obj)
                0x0000000000003578                mbedtls_internal_sha256_process
 .text.nrf53_errata_42
                0x00000000000036c0       0x24 modules/hal_nordic/nrfx/libmodules__hal_nordic__nrfx.a(system_nrf5340_application.c.obj)
 .text.SystemInit
                0x00000000000036e4      0x1c4 modules/hal_nordic/nrfx/libmodules__hal_nordic__nrfx.a(system_nrf5340_application.c.obj)
                0x00000000000036e4                SystemInit
 .text.nrfx_clock_init
                0x00000000000038a8       0x20 modules/hal_nordic/nrfx/libmodules__hal_nordic__nrfx.a(nrfx_clock.c.obj)
                0x00000000000038a8                nrfx_clock_init
 .text.nrfx_power_clock_irq_handler
                0x00000000000038c8       0xb0 modules/hal_nordic/nrfx/libmodules__hal_nordic__nrfx.a(nrfx_clock.c.obj)
                0x00000000000038c8                nrfx_power_clock_irq_handler
 .text.nvmc_readonly_mode_set
                0x0000000000003978       0x14 modules/hal_nordic/nrfx/libmodules__hal_nordic__nrfx.a(nrfx_nvmc.c.obj)
 .text.nvmc_word_write
                0x000000000000398c       0x18 modules/hal_nordic/nrfx/libmodules__hal_nordic__nrfx.a(nrfx_nvmc.c.obj)
 .text.nrfx_nvmc_page_erase
                0x00000000000039a4       0x3c modules/hal_nordic/nrfx/libmodules__hal_nordic__nrfx.a(nrfx_nvmc.c.obj)
                0x00000000000039a4                nrfx_nvmc_page_erase
 .text.nrfx_nvmc_word_write
                0x00000000000039e0       0x20 modules/hal_nordic/nrfx/libmodules__hal_nordic__nrfx.a(nrfx_nvmc.c.obj)
                0x00000000000039e0                nrfx_nvmc_word_write
 .text.qspi_xfer
                0x0000000000003a00       0xfc modules/hal_nordic/nrfx/libmodules__hal_nordic__nrfx.a(nrfx_qspi.c.obj)
 .text.qspi_ready_wait
                0x0000000000003afc       0x2c modules/hal_nordic/nrfx/libmodules__hal_nordic__nrfx.a(nrfx_qspi.c.obj)
 .text.qspi_event_xfer_handle.constprop.0
                0x0000000000003b28       0x28 modules/hal_nordic/nrfx/libmodules__hal_nordic__nrfx.a(nrfx_qspi.c.obj)
 .text.nrf_gpio_cfg.constprop.0
                0x0000000000003b50       0x34 modules/hal_nordic/nrfx/libmodules__hal_nordic__nrfx.a(nrfx_qspi.c.obj)
 .text.nrf_qspi_cinstrdata_get.constprop.0
                0x0000000000003b84       0x40 modules/hal_nordic/nrfx/libmodules__hal_nordic__nrfx.a(nrfx_qspi.c.obj)
 .text.nrf_qspi_cinstrdata_set.constprop.0
                0x0000000000003bc4       0x64 modules/hal_nordic/nrfx/libmodules__hal_nordic__nrfx.a(nrfx_qspi.c.obj)
 .text.nrfx_qspi_init
                0x0000000000003c28      0x1d4 modules/hal_nordic/nrfx/libmodules__hal_nordic__nrfx.a(nrfx_qspi.c.obj)
                0x0000000000003c28                nrfx_qspi_init
 .text.nrfx_qspi_cinstr_xfer
                0x0000000000003dfc       0x98 modules/hal_nordic/nrfx/libmodules__hal_nordic__nrfx.a(nrfx_qspi.c.obj)
                0x0000000000003dfc                nrfx_qspi_cinstr_xfer
 .text.nrfx_qspi_mem_busy_check
                0x0000000000003e94       0x44 modules/hal_nordic/nrfx/libmodules__hal_nordic__nrfx.a(nrfx_qspi.c.obj)
                0x0000000000003e94                nrfx_qspi_mem_busy_check
 .text.nrfx_qspi_uninit
                0x0000000000003ed8       0x9c modules/hal_nordic/nrfx/libmodules__hal_nordic__nrfx.a(nrfx_qspi.c.obj)
                0x0000000000003ed8                nrfx_qspi_uninit
 .text.nrfx_qspi_erase
                0x0000000000003f74       0x64 modules/hal_nordic/nrfx/libmodules__hal_nordic__nrfx.a(nrfx_qspi.c.obj)
                0x0000000000003f74                nrfx_qspi_erase
 .text.nrfx_qspi_irq_handler
                0x0000000000003fd8       0x68 modules/hal_nordic/nrfx/libmodules__hal_nordic__nrfx.a(nrfx_qspi.c.obj)
                0x0000000000003fd8                nrfx_qspi_irq_handler
 .text.z_sys_init_run_level
                0x0000000000004040       0x48 zephyr/kernel/libkernel.a(init.c.obj)
 .text.bg_thread_main
                0x0000000000004088       0x30 zephyr/kernel/libkernel.a(init.c.obj)
 .text.z_bss_zero
                0x00000000000040b8       0x18 zephyr/kernel/libkernel.a(init.c.obj)
                0x00000000000040b8                z_bss_zero
 .text.z_cstart
                0x00000000000040d0       0x78 zephyr/kernel/libkernel.a(init.c.obj)
                0x00000000000040d0                z_cstart
 .text.z_data_copy
                0x0000000000004148       0x34 zephyr/kernel/libkernel.a(xip.c.obj)
                0x0000000000004148                z_data_copy
 .text.elapsed  0x000000000000417c       0x14 zephyr/kernel/libkernel.a(timeout.c.obj)
 .text.next_timeout
                0x0000000000004190       0x2c zephyr/kernel/libkernel.a(timeout.c.obj)
 .text.remove_timeout
                0x00000000000041bc       0x2c zephyr/kernel/libkernel.a(timeout.c.obj)
 .text.z_add_timeout
                0x00000000000041e8       0x84 zephyr/kernel/libkernel.a(timeout.c.obj)
                0x00000000000041e8                z_add_timeout
 .text.sys_clock_announce
                0x000000000000426c       0xb4 zephyr/kernel/libkernel.a(timeout.c.obj)
                0x000000000000426c                sys_clock_announce
 .text.z_timer_expiration_handler
                0x0000000000004320       0x68 zephyr/kernel/libkernel.a(timer.c.obj)
                0x0000000000004320                z_timer_expiration_handler
 .text.z_impl_k_timer_start
                0x0000000000004388       0x2c zephyr/kernel/libkernel.a(timer.c.obj)
                0x0000000000004388                z_impl_k_timer_start
 .text.nrf_cc3xx_platform_init_no_rng
                0x00000000000043b4       0x38 C:/ncs/v2.4.2/nrfxlib/crypto/nrf_cc312_platform/lib/cortex-m33/soft-float/no-interrupts/libnrf_cc312_platform_0.9.17.a(nrf_cc3xx_platform.c.obj)
                0x00000000000043b4                nrf_cc3xx_platform_init_no_rng
 .text.nrf_cc3xx_platform_abort
                0x00000000000043ec       0x24 C:/ncs/v2.4.2/nrfxlib/crypto/nrf_cc312_platform/lib/cortex-m33/soft-float/no-interrupts/libnrf_cc312_platform_0.9.17.a(nrf_cc3xx_platform_abort.c.obj)
 .text.CC_PalAbort
                0x0000000000004410       0x44 C:/ncs/v2.4.2/nrfxlib/crypto/nrf_cc312_platform/lib/cortex-m33/soft-float/no-interrupts/libnrf_cc312_platform_0.9.17.a(nrf_cc3xx_platform_abort.c.obj)
                0x0000000000004410                CC_PalAbort
 .text.nrf_cc3xx_platform_set_abort
                0x0000000000004454       0x10 C:/ncs/v2.4.2/nrfxlib/crypto/nrf_cc312_platform/lib/cortex-m33/soft-float/no-interrupts/libnrf_cc312_platform_0.9.17.a(nrf_cc3xx_platform_abort.c.obj)
                0x0000000000004454                nrf_cc3xx_platform_set_abort
 .text.mbedtls_platform_zeroize
                0x0000000000004464       0x14 C:/ncs/v2.4.2/nrfxlib/crypto/nrf_cc312_platform/lib/cortex-m33/soft-float/no-interrupts/libnrf_cc312_platform_0.9.17.a(mbedtls_common.c.obj)
                0x0000000000004464                mbedtls_platform_zeroize
 .text.CC_LibInitNoRng
                0x0000000000004478       0x28 C:/ncs/v2.4.2/nrfxlib/crypto/nrf_cc312_platform/lib/cortex-m33/soft-float/no-interrupts/libnrf_cc312_platform_0.9.17.a(cc_lib.c.obj)
                0x0000000000004478                CC_LibInitNoRng
 .text.CC_HalInit
                0x00000000000044a0        0x4 C:/ncs/v2.4.2/nrfxlib/crypto/nrf_cc312_platform/lib/cortex-m33/soft-float/no-interrupts/libnrf_cc312_platform_0.9.17.a(cc_hal.c.obj)
                0x00000000000044a0                CC_HalInit
 .text.CC_PalInit
                0x00000000000044a4       0x5c C:/ncs/v2.4.2/nrfxlib/crypto/nrf_cc312_platform/lib/cortex-m33/soft-float/no-interrupts/libnrf_cc312_platform_0.9.17.a(cc_pal.c.obj)
                0x00000000000044a4                CC_PalInit
 .text.CC_PalTerminate
                0x0000000000004500       0x34 C:/ncs/v2.4.2/nrfxlib/crypto/nrf_cc312_platform/lib/cortex-m33/soft-float/no-interrupts/libnrf_cc312_platform_0.9.17.a(cc_pal.c.obj)
                0x0000000000004500                CC_PalTerminate
 .text.CC_PalDmaInit
                0x0000000000004534        0x4 C:/ncs/v2.4.2/nrfxlib/crypto/nrf_cc312_platform/lib/cortex-m33/soft-float/no-interrupts/libnrf_cc312_platform_0.9.17.a(cc_pal_dma.c.obj)
                0x0000000000004534                CC_PalDmaInit
 .text.CC_PalDmaTerminate
                0x0000000000004538        0x4 C:/ncs/v2.4.2/nrfxlib/crypto/nrf_cc312_platform/lib/cortex-m33/soft-float/no-interrupts/libnrf_cc312_platform_0.9.17.a(cc_pal_dma.c.obj)
                0x0000000000004538                CC_PalDmaTerminate
 .text.CC_PalMutexCreate
                0x000000000000453c       0x14 C:/ncs/v2.4.2/nrfxlib/crypto/nrf_cc312_platform/lib/cortex-m33/soft-float/no-interrupts/libnrf_cc312_platform_0.9.17.a(cc_pal_mutex.c.obj)
                0x000000000000453c                CC_PalMutexCreate
 .text.CC_PalMutexDestroy
                0x0000000000004550       0x14 C:/ncs/v2.4.2/nrfxlib/crypto/nrf_cc312_platform/lib/cortex-m33/soft-float/no-interrupts/libnrf_cc312_platform_0.9.17.a(cc_pal_mutex.c.obj)
                0x0000000000004550                CC_PalMutexDestroy
 .text.CC_PalPowerSaveModeInit
                0x0000000000004564       0x3c C:/ncs/v2.4.2/nrfxlib/crypto/nrf_cc312_platform/lib/cortex-m33/soft-float/no-interrupts/libnrf_cc312_platform_0.9.17.a(cc_pal_pm.c.obj)
                0x0000000000004564                CC_PalPowerSaveModeInit
 .text.mutex_free
                0x00000000000045a0       0x34 C:/ncs/v2.4.2/nrfxlib/crypto/nrf_cc312_platform/lib/cortex-m33/soft-float/no-interrupts/libnrf_cc312_platform_0.9.17.a(nrf_cc3xx_platform_mutex.c.obj)
 .text.mutex_lock
                0x00000000000045d4       0x48 C:/ncs/v2.4.2/nrfxlib/crypto/nrf_cc312_platform/lib/cortex-m33/soft-float/no-interrupts/libnrf_cc312_platform_0.9.17.a(nrf_cc3xx_platform_mutex.c.obj)
 .text.mutex_unlock
                0x000000000000461c       0x38 C:/ncs/v2.4.2/nrfxlib/crypto/nrf_cc312_platform/lib/cortex-m33/soft-float/no-interrupts/libnrf_cc312_platform_0.9.17.a(nrf_cc3xx_platform_mutex.c.obj)
 .text.mutex_init
                0x0000000000004654       0x20 C:/ncs/v2.4.2/nrfxlib/crypto/nrf_cc312_platform/lib/cortex-m33/soft-float/no-interrupts/libnrf_cc312_platform_0.9.17.a(nrf_cc3xx_platform_mutex.c.obj)
 .text.flash_device_base
                0x0000000000004674        0xc app/libapp.a(flash_map_extended.c.obj)
                0x0000000000004674                flash_device_base
 .text.flash_area_id_from_multi_image_slot
                0x0000000000004680       0x2a app/libapp.a(flash_map_extended.c.obj)
                0x0000000000004680                flash_area_id_from_multi_image_slot
 .text.flash_area_get_device_id
                0x00000000000046aa        0x4 app/libapp.a(flash_map_extended.c.obj)
                0x00000000000046aa                flash_area_get_device_id
 .text.bootutil_tlv_iter_begin
                0x00000000000046ae       0x9c app/libapp.a(tlv.c.obj)
                0x00000000000046ae                bootutil_tlv_iter_begin
 .text.bootutil_tlv_iter_next
                0x000000000000474a       0x98 app/libapp.a(tlv.c.obj)
                0x000000000000474a                bootutil_tlv_iter_next
 .text.boot_fih_memequal
                0x00000000000047e2        0x4 app/libapp.a(bootutil_misc.c.obj)
                0x00000000000047e2                boot_fih_memequal
 .text.boot_trailer_sz
                0x00000000000047e6        0xa app/libapp.a(bootutil_misc.c.obj)
                0x00000000000047e6                boot_trailer_sz
 .text.bootutil_max_image_size
                0x00000000000047f0        0x4 app/libapp.a(bootutil_misc.c.obj)
                0x00000000000047f0                bootutil_max_image_size
 .text.boot_initialize_area
                0x00000000000047f4       0x62 app/libapp.a(loader.c.obj)
 .text.boot_read_sectors
                0x0000000000004856       0x5c app/libapp.a(loader.c.obj)
 .text.boot_read_image_headers
                0x00000000000048b2       0x5e app/libapp.a(loader.c.obj)
 .text.boot_status_reset
                0x0000000000004910       0x12 app/libapp.a(loader.c.obj)
                0x0000000000004910                boot_status_reset
 .text.boot_status_is_reset
                0x0000000000004922       0x1a app/libapp.a(loader.c.obj)
                0x0000000000004922                boot_status_is_reset
 .text.boot_read_image_header
                0x000000000000493c       0x38 app/libapp.a(swap_scratch.c.obj)
                0x000000000000493c                boot_read_image_header
 .text.boot_slots_compatible
                0x0000000000004974       0x88 app/libapp.a(swap_scratch.c.obj)
                0x0000000000004974                boot_slots_compatible
 .text.process_recheck
                0x00000000000049fc       0x38 zephyr/libzephyr.a(onoff.c.obj)
 .text.validate_args
                0x0000000000004a34       0x20 zephyr/libzephyr.a(onoff.c.obj)
 .text.notify_one
                0x0000000000004a54       0x2c zephyr/libzephyr.a(onoff.c.obj)
 .text.transition_complete
                0x0000000000004a80       0x1c zephyr/libzephyr.a(onoff.c.obj)
 .text.onoff_manager_init
                0x0000000000004a9c       0x26 zephyr/libzephyr.a(onoff.c.obj)
                0x0000000000004a9c                onoff_manager_init
 .text.onoff_request
                0x0000000000004ac2       0xb0 zephyr/libzephyr.a(onoff.c.obj)
                0x0000000000004ac2                onoff_request
 .text.sys_notify_validate
                0x0000000000004b72       0x22 zephyr/libzephyr.a(notify.c.obj)
                0x0000000000004b72                sys_notify_validate
 .text.sys_notify_finalize
                0x0000000000004b94       0x1a zephyr/libzephyr.a(notify.c.obj)
                0x0000000000004b94                sys_notify_finalize
 .text._ConfigAbsSyms
                0x0000000000004bae        0x2 zephyr/libzephyr.a(configs.c.obj)
                0x0000000000004bae                _ConfigAbsSyms
 .text.flash_area_close
                0x0000000000004bb0        0x2 zephyr/libzephyr.a(flash_map.c.obj)
                0x0000000000004bb0                flash_area_close
 .text.flash_area_read
                0x0000000000004bb2       0x2a zephyr/libzephyr.a(flash_map.c.obj)
                0x0000000000004bb2                flash_area_read
 .text.flash_area_write
                0x0000000000004bdc       0x2a zephyr/libzephyr.a(flash_map.c.obj)
                0x0000000000004bdc                flash_area_write
 .text.flash_area_erase
                0x0000000000004c06       0x28 zephyr/libzephyr.a(flash_map.c.obj)
                0x0000000000004c06                flash_area_erase
 .text.flash_area_align
                0x0000000000004c2e        0xe zephyr/libzephyr.a(flash_map.c.obj)
                0x0000000000004c2e                flash_area_align
 .text.flash_area_erased_val
                0x0000000000004c3c        0xe zephyr/libzephyr.a(flash_map.c.obj)
                0x0000000000004c3c                flash_area_erased_val
 .text.get_sectors_cb
                0x0000000000004c4a       0x44 zephyr/libzephyr.a(flash_map_layout.c.obj)
 .text.abort_function
                0x0000000000004c8e        0x2 zephyr/libzephyr.a(nrf_cc3xx_platform_abort_zephyr.c.obj)
 .text.nrf_cc3xx_platform_mutex_init
                0x0000000000004c90        0x2 zephyr/libzephyr.a(nrf_cc3xx_platform_no_mutex_zephyr.c.obj)
                0x0000000000004c90                nrf_cc3xx_platform_mutex_init
 .text.z_arm_fatal_error
                0x0000000000004c92        0x4 zephyr/arch/arch/arm/core/aarch32/libarch__arm__core__aarch32.a(fatal.c.obj)
                0x0000000000004c92                z_arm_fatal_error
 .text.z_do_kernel_oops
                0x0000000000004c96        0x8 zephyr/arch/arch/arm/core/aarch32/libarch__arm__core__aarch32.a(fatal.c.obj)
                0x0000000000004c96                z_do_kernel_oops
 .text.z_irq_spurious
                0x0000000000004c9e        0x8 zephyr/arch/arch/arm/core/aarch32/libarch__arm__core__aarch32.a(irq_manage.c.obj)
                0x0000000000004c9e                z_irq_spurious
 .text.z_arm_nmi
                0x0000000000004ca6        0xe zephyr/arch/arch/arm/core/aarch32/libarch__arm__core__aarch32.a(nmi.c.obj)
                0x0000000000004ca6                z_arm_nmi
 .text.arm_cmse_mpu_region_get
                0x0000000000004cb4       0x12 zephyr/arch/arch/arm/core/aarch32/cortex_m/cmse/libarch__arm__core__aarch32__cortex_m__cmse.a(arm_core_cmse.c.obj)
                0x0000000000004cb4                arm_cmse_mpu_region_get
 .text.mpu_configure_region
                0x0000000000004cc6       0x3a zephyr/arch/arch/arm/core/aarch32/mpu/libarch__arm__core__aarch32__mpu.a(arm_mpu.c.obj)
 .text.memcmp   0x0000000000004d00       0x20 zephyr/lib/libc/minimal/liblib__libc__minimal.a(string.c.obj)
                0x0000000000004d00                memcmp
 .text.memmove  0x0000000000004d20       0x2e zephyr/lib/libc/minimal/liblib__libc__minimal.a(string.c.obj)
                0x0000000000004d20                memmove
 .text.memcpy   0x0000000000004d4e       0x16 zephyr/lib/libc/minimal/liblib__libc__minimal.a(string.c.obj)
                0x0000000000004d4e                memcpy
 .text.memset   0x0000000000004d64       0x12 zephyr/lib/libc/minimal/liblib__libc__minimal.a(string.c.obj)
                0x0000000000004d64                memset
 .text.get_status
                0x0000000000004d76       0x12 zephyr/drivers/clock_control/libdrivers__clock_control.a(clock_control_nrf.c.obj)
 .text.set_on_state
                0x0000000000004d88       0x26 zephyr/drivers/clock_control/libdrivers__clock_control.a(clock_control_nrf.c.obj)
 .text.stop     0x0000000000004dae       0x54 zephyr/drivers/clock_control/libdrivers__clock_control.a(clock_control_nrf.c.obj)
 .text.api_stop
                0x0000000000004e02        0x6 zephyr/drivers/clock_control/libdrivers__clock_control.a(clock_control_nrf.c.obj)
 .text.async_start
                0x0000000000004e08       0x5e zephyr/drivers/clock_control/libdrivers__clock_control.a(clock_control_nrf.c.obj)
 .text.api_start
                0x0000000000004e66        0xe zephyr/drivers/clock_control/libdrivers__clock_control.a(clock_control_nrf.c.obj)
 .text.api_blocking_start
                0x0000000000004e74        0x6 zephyr/drivers/clock_control/libdrivers__clock_control.a(clock_control_nrf.c.obj)
 .text.onoff_started_callback
                0x0000000000004e7a       0x12 zephyr/drivers/clock_control/libdrivers__clock_control.a(clock_control_nrf.c.obj)
 .text.hfclkaudio_start
                0x0000000000004e8c        0x6 zephyr/drivers/clock_control/libdrivers__clock_control.a(clock_control_nrf.c.obj)
 .text.hfclk192m_start
                0x0000000000004e92        0x6 zephyr/drivers/clock_control/libdrivers__clock_control.a(clock_control_nrf.c.obj)
 .text.lfclk_start
                0x0000000000004e98        0x6 zephyr/drivers/clock_control/libdrivers__clock_control.a(clock_control_nrf.c.obj)
 .text.hfclkaudio_stop
                0x0000000000004e9e        0x6 zephyr/drivers/clock_control/libdrivers__clock_control.a(clock_control_nrf.c.obj)
 .text.hfclk192m_stop
                0x0000000000004ea4        0x6 zephyr/drivers/clock_control/libdrivers__clock_control.a(clock_control_nrf.c.obj)
 .text.lfclk_stop
                0x0000000000004eaa        0x6 zephyr/drivers/clock_control/libdrivers__clock_control.a(clock_control_nrf.c.obj)
 .text.qspi_handler
                0x0000000000004eb0        0x8 zephyr/drivers/flash/libdrivers__flash.a(nrf_qspi_nor.c.obj)
 .text.qspi_unlock.isra.0
                0x0000000000004eb8       0x10 zephyr/drivers/flash/libdrivers__flash.a(nrf_qspi_nor.c.obj)
 .text.qspi_lock.isra.0
                0x0000000000004ec8       0x10 zephyr/drivers/flash/libdrivers__flash.a(nrf_qspi_nor.c.obj)
 .text.qspi_send_cmd
                0x0000000000004ed8       0x76 zephyr/drivers/flash/libdrivers__flash.a(nrf_qspi_nor.c.obj)
 .text.qspi_nor_write_protection_set
                0x0000000000004f4e       0x2a zephyr/drivers/flash/libdrivers__flash.a(nrf_qspi_nor.c.obj)
 .text.qspi_rdsr.constprop.0
                0x0000000000004f78       0x36 zephyr/drivers/flash/libdrivers__flash.a(nrf_qspi_nor.c.obj)
 .text.is_regular_addr_valid
                0x0000000000004fae       0x22 zephyr/drivers/flash/libdrivers__flash.a(soc_flash_nrf.c.obj)
 .text.flash_nrf_erase
                0x0000000000004fd0       0x4c zephyr/drivers/flash/libdrivers__flash.a(soc_flash_nrf.c.obj)
 .text.flash_nrf_read
                0x000000000000501c       0x28 zephyr/drivers/flash/libdrivers__flash.a(soc_flash_nrf.c.obj)
 .text.flash_page_foreach
                0x0000000000005044       0x58 zephyr/drivers/flash/libdrivers__flash.a(flash_page_layout.c.obj)
                0x0000000000005044                flash_page_foreach
 .text.pinctrl_lookup_state
                0x000000000000509c       0x26 zephyr/drivers/pinctrl/libdrivers__pinctrl.a(common.c.obj)
                0x000000000000509c                pinctrl_lookup_state
 .text.event_clear
                0x00000000000050c2       0x18 zephyr/drivers/timer/libdrivers__timer.a(nrf_rtc_timer.c.obj)
 .text.sys_clock_set_timeout
                0x00000000000050da        0x2 zephyr/drivers/timer/libdrivers__timer.a(nrf_rtc_timer.c.obj)
                0x00000000000050da                sys_clock_set_timeout
 .text.sys_clock_elapsed
                0x00000000000050dc        0x4 zephyr/drivers/timer/libdrivers__timer.a(nrf_rtc_timer.c.obj)
                0x00000000000050dc                sys_clock_elapsed
 .text.sys_clock_cycle_get_32
                0x00000000000050e0        0x8 zephyr/drivers/timer/libdrivers__timer.a(nrf_rtc_timer.c.obj)
                0x00000000000050e0                sys_clock_cycle_get_32
 .text.boot_perform_update_hook
                0x00000000000050e8        0x4 modules/nrf/modules/mcuboot/hooks/lib..__nrf__modules__mcuboot__hooks.a(nrf53_hooks.c.obj)
                0x00000000000050e8                boot_perform_update_hook
 .text.boot_read_swap_state_primary_slot_hook
                0x00000000000050ec       0x18 modules/nrf/modules/mcuboot/hooks/lib..__nrf__modules__mcuboot__hooks.a(nrf53_hooks.c.obj)
                0x00000000000050ec                boot_read_swap_state_primary_slot_hook
 .text.boot_copy_region_post_hook
                0x0000000000005104        0xc modules/nrf/modules/mcuboot/hooks/lib..__nrf__modules__mcuboot__hooks.a(nrf53_hooks.c.obj)
                0x0000000000005104                boot_copy_region_post_hook
 .text.hw_cc3xx_init_internal
                0x0000000000005110        0x4 modules/nrf/drivers/hw_cc310/lib..__nrf__drivers__hw_cc310.a(hw_cc310.c.obj)
 .text.hw_cc3xx_init
                0x0000000000005114       0x12 modules/nrf/drivers/hw_cc310/lib..__nrf__drivers__hw_cc310.a(hw_cc310.c.obj)
 .text.boot_swap_info_off
                0x0000000000005126        0xc modules/mcuboot/boot/bootutil/zephyr/libmcuboot_util.a(bootutil_public.c.obj)
                0x0000000000005126                boot_swap_info_off
 .text.boot_magic_compatible_check
                0x0000000000005132       0x1c modules/mcuboot/boot/bootutil/zephyr/libmcuboot_util.a(bootutil_public.c.obj)
                0x0000000000005132                boot_magic_compatible_check
 .text.bootutil_buffer_is_erased
                0x000000000000514e       0x26 modules/mcuboot/boot/bootutil/zephyr/libmcuboot_util.a(bootutil_public.c.obj)
                0x000000000000514e                bootutil_buffer_is_erased
 .text.boot_read_flag
                0x0000000000005174       0x38 modules/mcuboot/boot/bootutil/zephyr/libmcuboot_util.a(bootutil_public.c.obj)
 .text.boot_read_image_ok
                0x00000000000051ac        0xc modules/mcuboot/boot/bootutil/zephyr/libmcuboot_util.a(bootutil_public.c.obj)
                0x00000000000051ac                boot_read_image_ok
 .text.boot_read_swap_state_by_id
                0x00000000000051b8       0x28 modules/mcuboot/boot/bootutil/zephyr/libmcuboot_util.a(bootutil_public.c.obj)
                0x00000000000051b8                boot_read_swap_state_by_id
 .text._mbedtls_init
                0x00000000000051e0        0x4 modules/mbedtls/libmodules__mbedtls.a(zephyr_init.c.obj)
 .text.mbedtls_asn1_get_len
                0x00000000000051e4       0x98 modules/mbedtls/libmodules__mbedtls.a(asn1parse.c.obj)
                0x00000000000051e4                mbedtls_asn1_get_len
 .text.mbedtls_asn1_get_tag
                0x000000000000527c       0x28 modules/mbedtls/libmodules__mbedtls.a(asn1parse.c.obj)
                0x000000000000527c                mbedtls_asn1_get_tag
 .text.mbedtls_asn1_get_mpi
                0x00000000000052a4       0x26 modules/mbedtls/libmodules__mbedtls.a(asn1parse.c.obj)
                0x00000000000052a4                mbedtls_asn1_get_mpi
 .text.mpi_select
                0x00000000000052ca       0x32 modules/mbedtls/libmodules__mbedtls.a(bignum.c.obj)
 .text.mpi_montmul.isra.0
                0x00000000000052fc       0x1e modules/mbedtls/libmodules__mbedtls.a(bignum.c.obj)
 .text.mbedtls_mpi_init
                0x000000000000531a        0xc modules/mbedtls/libmodules__mbedtls.a(bignum.c.obj)
                0x000000000000531a                mbedtls_mpi_init
 .text.mbedtls_mpi_free
                0x0000000000005326       0x24 modules/mbedtls/libmodules__mbedtls.a(bignum.c.obj)
                0x0000000000005326                mbedtls_mpi_free
 .text.mbedtls_mpi_grow
                0x000000000000534a       0x4e modules/mbedtls/libmodules__mbedtls.a(bignum.c.obj)
                0x000000000000534a                mbedtls_mpi_grow
 .text.mbedtls_mpi_resize_clear
                0x0000000000005398       0x36 modules/mbedtls/libmodules__mbedtls.a(bignum.c.obj)
 .text.mbedtls_mpi_copy
                0x00000000000053ce       0x68 modules/mbedtls/libmodules__mbedtls.a(bignum.c.obj)
                0x00000000000053ce                mbedtls_mpi_copy
 .text.mbedtls_mpi_lset
                0x0000000000005436       0x34 modules/mbedtls/libmodules__mbedtls.a(bignum.c.obj)
                0x0000000000005436                mbedtls_mpi_lset
 .text.mbedtls_mpi_get_bit
                0x000000000000546a       0x20 modules/mbedtls/libmodules__mbedtls.a(bignum.c.obj)
                0x000000000000546a                mbedtls_mpi_get_bit
 .text.mbedtls_mpi_bitlen
                0x000000000000548a        0x8 modules/mbedtls/libmodules__mbedtls.a(bignum.c.obj)
                0x000000000000548a                mbedtls_mpi_bitlen
 .text.mbedtls_mpi_size
                0x0000000000005492        0xc modules/mbedtls/libmodules__mbedtls.a(bignum.c.obj)
                0x0000000000005492                mbedtls_mpi_size
 .text.mbedtls_mpi_read_binary
                0x000000000000549e       0x2c modules/mbedtls/libmodules__mbedtls.a(bignum.c.obj)
                0x000000000000549e                mbedtls_mpi_read_binary
 .text.mbedtls_mpi_write_binary
                0x00000000000054ca        0xc modules/mbedtls/libmodules__mbedtls.a(bignum.c.obj)
                0x00000000000054ca                mbedtls_mpi_write_binary
 .text.mbedtls_mpi_shift_l
                0x00000000000054d6       0xae modules/mbedtls/libmodules__mbedtls.a(bignum.c.obj)
                0x00000000000054d6                mbedtls_mpi_shift_l
 .text.mbedtls_mpi_shift_r
                0x0000000000005584       0x12 modules/mbedtls/libmodules__mbedtls.a(bignum.c.obj)
                0x0000000000005584                mbedtls_mpi_shift_r
 .text.mbedtls_mpi_cmp_abs
                0x0000000000005596       0x6a modules/mbedtls/libmodules__mbedtls.a(bignum.c.obj)
                0x0000000000005596                mbedtls_mpi_cmp_abs
 .text.mbedtls_mpi_cmp_mpi
                0x0000000000005600       0x82 modules/mbedtls/libmodules__mbedtls.a(bignum.c.obj)
                0x0000000000005600                mbedtls_mpi_cmp_mpi
 .text.mbedtls_mpi_cmp_int
                0x0000000000005682       0x26 modules/mbedtls/libmodules__mbedtls.a(bignum.c.obj)
                0x0000000000005682                mbedtls_mpi_cmp_int
 .text.mbedtls_mpi_add_abs
                0x00000000000056a8       0x90 modules/mbedtls/libmodules__mbedtls.a(bignum.c.obj)
                0x00000000000056a8                mbedtls_mpi_add_abs
 .text.mbedtls_mpi_sub_abs
                0x0000000000005738       0x9e modules/mbedtls/libmodules__mbedtls.a(bignum.c.obj)
                0x0000000000005738                mbedtls_mpi_sub_abs
 .text.add_sub_mpi
                0x00000000000057d6       0x5c modules/mbedtls/libmodules__mbedtls.a(bignum.c.obj)
 .text.mbedtls_mpi_add_mpi
                0x0000000000005832        0x6 modules/mbedtls/libmodules__mbedtls.a(bignum.c.obj)
                0x0000000000005832                mbedtls_mpi_add_mpi
 .text.mbedtls_mpi_sub_mpi
                0x0000000000005838        0x8 modules/mbedtls/libmodules__mbedtls.a(bignum.c.obj)
                0x0000000000005838                mbedtls_mpi_sub_mpi
 .text.mbedtls_mpi_mul_int
                0x0000000000005840       0x62 modules/mbedtls/libmodules__mbedtls.a(bignum.c.obj)
                0x0000000000005840                mbedtls_mpi_mul_int
 .text.mbedtls_mpi_div_mpi
                0x00000000000058a2      0x330 modules/mbedtls/libmodules__mbedtls.a(bignum.c.obj)
                0x00000000000058a2                mbedtls_mpi_div_mpi
 .text.mbedtls_mpi_mod_mpi
                0x0000000000005bd2       0x64 modules/mbedtls/libmodules__mbedtls.a(bignum.c.obj)
                0x0000000000005bd2                mbedtls_mpi_mod_mpi
 .text.mbedtls_mpi_exp_mod
                0x0000000000005c36      0x452 modules/mbedtls/libmodules__mbedtls.a(bignum.c.obj)
                0x0000000000005c36                mbedtls_mpi_exp_mod
 .text.mbedtls_mpi_core_clz
                0x0000000000006088       0x20 modules/mbedtls/libmodules__mbedtls.a(bignum_core.c.obj)
                0x0000000000006088                mbedtls_mpi_core_clz
 .text.mbedtls_mpi_core_bitlen
                0x00000000000060a8       0x28 modules/mbedtls/libmodules__mbedtls.a(bignum_core.c.obj)
                0x00000000000060a8                mbedtls_mpi_core_bitlen
 .text.mbedtls_mpi_core_bigendian_to_host
                0x00000000000060d0       0x54 modules/mbedtls/libmodules__mbedtls.a(bignum_core.c.obj)
                0x00000000000060d0                mbedtls_mpi_core_bigendian_to_host
 .text.mbedtls_mpi_core_cond_assign
                0x0000000000006124       0x18 modules/mbedtls/libmodules__mbedtls.a(bignum_core.c.obj)
                0x0000000000006124                mbedtls_mpi_core_cond_assign
 .text.mbedtls_mpi_core_read_be
                0x000000000000613c       0x4a modules/mbedtls/libmodules__mbedtls.a(bignum_core.c.obj)
                0x000000000000613c                mbedtls_mpi_core_read_be
 .text.mbedtls_mpi_core_write_be
                0x0000000000006186       0x64 modules/mbedtls/libmodules__mbedtls.a(bignum_core.c.obj)
                0x0000000000006186                mbedtls_mpi_core_write_be
 .text.mbedtls_mpi_core_shift_r
                0x00000000000061ea       0x74 modules/mbedtls/libmodules__mbedtls.a(bignum_core.c.obj)
                0x00000000000061ea                mbedtls_mpi_core_shift_r
 .text.mbedtls_mpi_core_add
                0x000000000000625e       0x2c modules/mbedtls/libmodules__mbedtls.a(bignum_core.c.obj)
                0x000000000000625e                mbedtls_mpi_core_add
 .text.mbedtls_mpi_core_sub
                0x000000000000628a       0x3a modules/mbedtls/libmodules__mbedtls.a(bignum_core.c.obj)
                0x000000000000628a                mbedtls_mpi_core_sub
 .text.mbedtls_mpi_core_mla
                0x00000000000062c4      0x178 modules/mbedtls/libmodules__mbedtls.a(bignum_core.c.obj)
                0x00000000000062c4                mbedtls_mpi_core_mla
 .text.mbedtls_mpi_core_montmul_init
                0x000000000000643c       0x22 modules/mbedtls/libmodules__mbedtls.a(bignum_core.c.obj)
                0x000000000000643c                mbedtls_mpi_core_montmul_init
 .text.mbedtls_mpi_core_montmul
                0x000000000000645e       0x92 modules/mbedtls/libmodules__mbedtls.a(bignum_core.c.obj)
                0x000000000000645e                mbedtls_mpi_core_montmul
 .text.mbedtls_mpi_core_sub_int
                0x00000000000064f0       0x22 modules/mbedtls/libmodules__mbedtls.a(bignum_core.c.obj)
                0x00000000000064f0                mbedtls_mpi_core_sub_int
 .text.mbedtls_ct_size_bool_eq
                0x0000000000006512        0xc modules/mbedtls/libmodules__mbedtls.a(constant_time.c.obj)
                0x0000000000006512                mbedtls_ct_size_bool_eq
 .text.mbedtls_ct_mpi_uint_cond_assign
                0x000000000000651e       0x24 modules/mbedtls/libmodules__mbedtls.a(constant_time.c.obj)
                0x000000000000651e                mbedtls_ct_mpi_uint_cond_assign
 .text.mbedtls_mpi_safe_cond_assign
                0x0000000000006542       0x5e modules/mbedtls/libmodules__mbedtls.a(constant_time.c.obj)
                0x0000000000006542                mbedtls_mpi_safe_cond_assign
 .text.platform_calloc_uninit
                0x00000000000065a0        0x4 modules/mbedtls/libmodules__mbedtls.a(platform.c.obj)
 .text.platform_exit_uninit
                0x00000000000065a4        0x2 modules/mbedtls/libmodules__mbedtls.a(platform.c.obj)
 .text.platform_free_uninit
                0x00000000000065a6        0x2 modules/mbedtls/libmodules__mbedtls.a(platform.c.obj)
 .text.mbedtls_rsa_import
                0x00000000000065a8       0x86 modules/mbedtls/libmodules__mbedtls.a(rsa.c.obj)
                0x00000000000065a8                mbedtls_rsa_import
 .text.mbedtls_rsa_init
                0x000000000000662e       0x14 modules/mbedtls/libmodules__mbedtls.a(rsa.c.obj)
                0x000000000000662e                mbedtls_rsa_init
 .text.mbedtls_rsa_free
                0x0000000000006642       0x72 modules/mbedtls/libmodules__mbedtls.a(rsa.c.obj)
                0x0000000000006642                mbedtls_rsa_free
 .text.mbedtls_sha256_init
                0x00000000000066b4        0x8 modules/mbedtls/libmodules__mbedtls.a(sha256.c.obj)
                0x00000000000066b4                mbedtls_sha256_init
 .text.mbedtls_sha256_update
                0x00000000000066bc       0x88 modules/mbedtls/libmodules__mbedtls.a(sha256.c.obj)
                0x00000000000066bc                mbedtls_sha256_update
 .text.mbedtls_sha256_finish
                0x0000000000006744      0x104 modules/mbedtls/libmodules__mbedtls.a(sha256.c.obj)
                0x0000000000006744                mbedtls_sha256_finish
 .text.nrfx_isr
                0x0000000000006848        0x2 modules/hal_nordic/nrfx/libmodules__hal_nordic__nrfx.a(nrfx_glue.c.obj)
                0x0000000000006848                nrfx_isr
 .text.nrfx_busy_wait
                0x000000000000684a        0x4 modules/hal_nordic/nrfx/libmodules__hal_nordic__nrfx.a(nrfx_glue.c.obj)
                0x000000000000684a                nrfx_busy_wait
 .text.clock_stop
                0x000000000000684e      0x186 modules/hal_nordic/nrfx/libmodules__hal_nordic__nrfx.a(nrfx_clock.c.obj)
 .text.nrfx_clock_enable
                0x00000000000069d4       0x24 modules/hal_nordic/nrfx/libmodules__hal_nordic__nrfx.a(nrfx_clock.c.obj)
                0x00000000000069d4                nrfx_clock_enable
 .text.nrfx_clock_start
                0x00000000000069f8       0xbe modules/hal_nordic/nrfx/libmodules__hal_nordic__nrfx.a(nrfx_clock.c.obj)
                0x00000000000069f8                nrfx_clock_start
 .text.nrfx_clock_stop
                0x0000000000006ab6        0x4 modules/hal_nordic/nrfx/libmodules__hal_nordic__nrfx.a(nrfx_clock.c.obj)
                0x0000000000006ab6                nrfx_clock_stop
 .text.nrfx_nvmc_flash_size_get
                0x0000000000006aba        0x6 modules/hal_nordic/nrfx/libmodules__hal_nordic__nrfx.a(nrfx_nvmc.c.obj)
                0x0000000000006aba                nrfx_nvmc_flash_size_get
 .text.nrfx_nvmc_flash_page_size_get
                0x0000000000006ac0        0x6 modules/hal_nordic/nrfx/libmodules__hal_nordic__nrfx.a(nrfx_nvmc.c.obj)
                0x0000000000006ac0                nrfx_nvmc_flash_page_size_get
 .text.nrfx_nvmc_flash_page_count_get
                0x0000000000006ac6        0x6 modules/hal_nordic/nrfx/libmodules__hal_nordic__nrfx.a(nrfx_nvmc.c.obj)
                0x0000000000006ac6                nrfx_nvmc_flash_page_count_get
 .text.nrf_gpio_cfg_default
                0x0000000000006acc        0x6 modules/hal_nordic/nrfx/libmodules__hal_nordic__nrfx.a(nrfx_qspi.c.obj)
 .text.nrfx_qspi_write
                0x0000000000006ad2        0x6 modules/hal_nordic/nrfx/libmodules__hal_nordic__nrfx.a(nrfx_qspi.c.obj)
                0x0000000000006ad2                nrfx_qspi_write
 .text.nrfx_qspi_read
                0x0000000000006ad8        0x6 modules/hal_nordic/nrfx/libmodules__hal_nordic__nrfx.a(nrfx_qspi.c.obj)
                0x0000000000006ad8                nrfx_qspi_read
 .text.nrfx_qspi_chip_erase
                0x0000000000006ade        0x8 modules/hal_nordic/nrfx/libmodules__hal_nordic__nrfx.a(nrfx_qspi.c.obj)
                0x0000000000006ade                nrfx_qspi_chip_erase
 .text.z_device_state_init
                0x0000000000006ae6        0x2 zephyr/kernel/libkernel.a(device.c.obj)
                0x0000000000006ae6                z_device_state_init
 .text.z_device_is_ready
                0x0000000000006ae8       0x16 zephyr/kernel/libkernel.a(device.c.obj)
                0x0000000000006ae8                z_device_is_ready
 .text.arch_system_halt
                0x0000000000006afe       0x12 zephyr/kernel/libkernel.a(fatal.c.obj)
                0x0000000000006afe                arch_system_halt
 .text.k_sys_fatal_error_handler
                0x0000000000006b10        0x6 zephyr/kernel/libkernel.a(fatal.c.obj)
                0x0000000000006b10                k_sys_fatal_error_handler
 .text.z_fatal_error
                0x0000000000006b16       0x20 zephyr/kernel/libkernel.a(fatal.c.obj)
                0x0000000000006b16                z_fatal_error
 .text.z_early_memset
                0x0000000000006b36        0x4 zephyr/kernel/libkernel.a(init.c.obj)
                0x0000000000006b36                z_early_memset
 .text.z_early_memcpy
                0x0000000000006b3a        0x4 zephyr/kernel/libkernel.a(init.c.obj)
                0x0000000000006b3a                z_early_memcpy
 .text.k_is_in_isr
                0x0000000000006b3e        0xc zephyr/kernel/libkernel.a(thread.c.obj)
                0x0000000000006b3e                k_is_in_isr
 .text.z_abort_timeout
                0x0000000000006b4a       0x2c zephyr/kernel/libkernel.a(timeout.c.obj)
                0x0000000000006b4a                z_abort_timeout
 .text.z_impl_k_busy_wait
                0x0000000000006b76        0x8 zephyr/kernel/libkernel.a(timeout.c.obj)
                0x0000000000006b76                z_impl_k_busy_wait
 .text.z_impl_k_timer_stop
                0x0000000000006b7e       0x18 zephyr/kernel/libkernel.a(timer.c.obj)
                0x0000000000006b7e                z_impl_k_timer_stop
 .text.boot_banner
                0x0000000000006b96        0x2 zephyr/kernel/libkernel.a(banner.c.obj)
                0x0000000000006b96                boot_banner
 .text._OffsetAbsSyms
                0x0000000000006b98        0x2 zephyr/CMakeFiles/offsets.dir/./arch/arm/core/offsets/offsets.c.obj
                0x0000000000006b98                _OffsetAbsSyms
 *(SORT_BY_ALIGNMENT(.TEXT.*))
 *(SORT_BY_ALIGNMENT(.gnu.linkonce.t.*))
 *(SORT_BY_ALIGNMENT(.glue_7t))
 .glue_7t       0x0000000000006b9a        0x0 linker stubs
 *(SORT_BY_ALIGNMENT(.glue_7))
 .glue_7        0x0000000000006b9a        0x0 linker stubs
 *(SORT_BY_ALIGNMENT(.vfp11_veneer))
 .vfp11_veneer  0x0000000000006b9a        0x0 linker stubs
 *(SORT_BY_ALIGNMENT(.v4_bx))
 .v4_bx         0x0000000000006b9a        0x0 linker stubs
                0x0000000000006b9c                . = ALIGN (0x4)
 *fill*         0x0000000000006b9a        0x2 
                0x0000000000006b9c                __text_region_end = .

.ARM.exidx      0x0000000000006b9c        0x8
                0x0000000000006b9c                __exidx_start = .
 *(SORT_BY_ALIGNMENT(.ARM.exidx*) SORT_BY_ALIGNMENT(gnu.linkonce.armexidx.*))
 .ARM.exidx     0x0000000000006b9c        0x8 c:/ncs/toolchains/31f4403e35/opt/zephyr-sdk/arm-zephyr-eabi/bin/../lib/gcc/arm-zephyr-eabi/12.2.0/thumb/v8-m.main/nofp\libgcc.a(_udivmoddi4.o)
                0x0000000000006ba4                __exidx_end = .
                0x0000000000006ba4                __rodata_region_start = .

initlevel       0x0000000000006ba4       0x48
                0x0000000000006ba4                __init_start = .
                0x0000000000006ba4                __init_EARLY_start = .
 *(SORT_BY_NAME(SORT_BY_ALIGNMENT(.z_init_EARLY[0-9]_*)))
 *(SORT_BY_NAME(SORT_BY_ALIGNMENT(.z_init_EARLY[1-9][0-9]_*)))
                0x0000000000006ba4                __init_PRE_KERNEL_1_start = .
 *(SORT_BY_NAME(SORT_BY_ALIGNMENT(.z_init_PRE_KERNEL_1[0-9]_*)))
 .z_init_PRE_KERNEL_10_
                0x0000000000006ba4        0x8 zephyr/libzephyr.a(soc.c.obj)
 *(SORT_BY_NAME(SORT_BY_ALIGNMENT(.z_init_PRE_KERNEL_1[1-9][0-9]_*)))
 .z_init_PRE_KERNEL_130_
                0x0000000000006bac        0x8 zephyr/drivers/clock_control/libdrivers__clock_control.a(clock_control_nrf.c.obj)
 .z_init_PRE_KERNEL_140_
                0x0000000000006bb4        0x8 modules/nrf/drivers/hw_cc310/lib..__nrf__drivers__hw_cc310.a(hw_cc310.c.obj)
                0x0000000000006bbc                __init_PRE_KERNEL_2_start = .
 *(SORT_BY_NAME(SORT_BY_ALIGNMENT(.z_init_PRE_KERNEL_2[0-9]_*)))
 .z_init_PRE_KERNEL_20_
                0x0000000000006bbc        0x8 zephyr/drivers/timer/libdrivers__timer.a(nrf_rtc_timer.c.obj)
 *(SORT_BY_NAME(SORT_BY_ALIGNMENT(.z_init_PRE_KERNEL_2[1-9][0-9]_*)))
                0x0000000000006bc4                __init_POST_KERNEL_start = .
 *(SORT_BY_NAME(SORT_BY_ALIGNMENT(.z_init_POST_KERNEL[0-9]_*)))
 .z_init_POST_KERNEL0_
                0x0000000000006bc4        0x8 modules/mbedtls/libmodules__mbedtls.a(zephyr_init.c.obj)
 *(SORT_BY_NAME(SORT_BY_ALIGNMENT(.z_init_POST_KERNEL[1-9][0-9]_*)))
 .z_init_POST_KERNEL40_
                0x0000000000006bcc        0x8 modules/nrf/drivers/hw_cc310/lib..__nrf__drivers__hw_cc310.a(hw_cc310.c.obj)
 .z_init_POST_KERNEL50_
                0x0000000000006bd4        0x8 zephyr/drivers/flash/libdrivers__flash.a(flash_simulator.c.obj)
 .z_init_POST_KERNEL50_
                0x0000000000006bdc        0x8 zephyr/drivers/flash/libdrivers__flash.a(soc_flash_nrf.c.obj)
 .z_init_POST_KERNEL80_
                0x0000000000006be4        0x8 zephyr/drivers/flash/libdrivers__flash.a(nrf_qspi_nor.c.obj)
                0x0000000000006bec                __init_APPLICATION_start = .
 *(SORT_BY_NAME(SORT_BY_ALIGNMENT(.z_init_APPLICATION[0-9]_*)))
 *(SORT_BY_NAME(SORT_BY_ALIGNMENT(.z_init_APPLICATION[1-9][0-9]_*)))
                0x0000000000006bec                __init_SMP_start = .
 *(SORT_BY_NAME(SORT_BY_ALIGNMENT(.z_init_SMP[0-9]_*)))
 *(SORT_BY_NAME(SORT_BY_ALIGNMENT(.z_init_SMP[1-9][0-9]_*)))
                0x0000000000006bec                __init_end = .

devices         0x0000000000006bec       0x60
                0x0000000000006bec                __device_start = .
                0x0000000000006bec                __device_EARLY_start = .
 *(SORT_BY_NAME(SORT_BY_ALIGNMENT(.z_device_EARLY[0-9]_*)))
 *(SORT_BY_NAME(SORT_BY_ALIGNMENT(.z_device_EARLY[1-9][0-9]_*)))
                0x0000000000006bec                __device_PRE_KERNEL_1_start = .
 *(SORT_BY_NAME(SORT_BY_ALIGNMENT(.z_device_PRE_KERNEL_1[0-9]_*)))
 *(SORT_BY_NAME(SORT_BY_ALIGNMENT(.z_device_PRE_KERNEL_1[1-9][0-9]_*)))
 .z_device_PRE_KERNEL_130_
                0x0000000000006bec       0x18 zephyr/drivers/clock_control/libdrivers__clock_control.a(clock_control_nrf.c.obj)
                0x0000000000006bec                __device_dts_ord_80
                0x0000000000006c04                __device_PRE_KERNEL_2_start = .
 *(SORT_BY_NAME(SORT_BY_ALIGNMENT(.z_device_PRE_KERNEL_2[0-9]_*)))
 *(SORT_BY_NAME(SORT_BY_ALIGNMENT(.z_device_PRE_KERNEL_2[1-9][0-9]_*)))
                0x0000000000006c04                __device_POST_KERNEL_start = .
 *(SORT_BY_NAME(SORT_BY_ALIGNMENT(.z_device_POST_KERNEL[0-9]_*)))
 *(SORT_BY_NAME(SORT_BY_ALIGNMENT(.z_device_POST_KERNEL[1-9][0-9]_*)))
 .z_device_POST_KERNEL50_
                0x0000000000006c04       0x18 zephyr/drivers/flash/libdrivers__flash.a(flash_simulator.c.obj)
                0x0000000000006c04                __device_dts_ord_75
 .z_device_POST_KERNEL50_
                0x0000000000006c1c       0x18 zephyr/drivers/flash/libdrivers__flash.a(soc_flash_nrf.c.obj)
                0x0000000000006c1c                __device_dts_ord_128
 .z_device_POST_KERNEL80_
                0x0000000000006c34       0x18 zephyr/drivers/flash/libdrivers__flash.a(nrf_qspi_nor.c.obj)
                0x0000000000006c34                __device_dts_ord_141
                0x0000000000006c4c                __device_APPLICATION_start = .
 *(SORT_BY_NAME(SORT_BY_ALIGNMENT(.z_device_APPLICATION[0-9]_*)))
 *(SORT_BY_NAME(SORT_BY_ALIGNMENT(.z_device_APPLICATION[1-9][0-9]_*)))
                0x0000000000006c4c                __device_SMP_start = .
 *(SORT_BY_NAME(SORT_BY_ALIGNMENT(.z_device_SMP[0-9]_*)))
 *(SORT_BY_NAME(SORT_BY_ALIGNMENT(.z_device_SMP[1-9][0-9]_*)))
                0x0000000000006c4c                __device_end = .

sw_isr_table    0x0000000000006c4c      0x228
                0x0000000000006c4c                . = ALIGN (0x4)
 *(SORT_BY_ALIGNMENT(.gnu.linkonce.sw_isr_table*))
 .gnu.linkonce.sw_isr_table
                0x0000000000006c4c      0x228 zephyr/CMakeFiles/zephyr_final.dir/isr_tables.c.obj
                0x0000000000006c4c                _sw_isr_table

initlevel_error
                0x0000000000006ba4        0x0
 *(SORT_BY_NAME(SORT_BY_ALIGNMENT(.z_init_[_A-Z0-9]*)))
                0x0000000000000001                ASSERT ((SIZEOF (initlevel_error) == 0x0), Undefined initialization levels used.)

app_shmem_regions
                0x0000000000006e74        0x0
                0x0000000000006e74                __app_shmem_regions_start = .
 *(SORT_BY_NAME(SORT_BY_ALIGNMENT(.app_regions.*)))
                0x0000000000006e74                __app_shmem_regions_end = .

k_p4wq_initparam_area
                0x0000000000006e74        0x0
                0x0000000000006e74                _k_p4wq_initparam_list_start = .
 *(SORT_BY_NAME(SORT_BY_ALIGNMENT(._k_p4wq_initparam.static.*)))
                0x0000000000006e74                _k_p4wq_initparam_list_end = .

_static_thread_data_area
                0x0000000000006e74        0x0
                0x0000000000006e74                __static_thread_data_list_start = .
 *(SORT_BY_NAME(SORT_BY_ALIGNMENT(.__static_thread_data.static.*)))
                0x0000000000006e74                __static_thread_data_list_end = .

device_handles  0x0000000000006e74       0x18
                0x0000000000006e74                __device_handles_start = .
 *(SORT_BY_NAME(SORT_BY_ALIGNMENT(.__device_handles_pass2*)))
 .__device_handles_pass2
                0x0000000000006e74       0x18 zephyr/CMakeFiles/zephyr_final.dir/dev_handles.c.obj
                0x0000000000006e74                __devicehdl_dts_ord_141
                0x0000000000006e7a                __devicehdl_dts_ord_128
                0x0000000000006e80                __devicehdl_dts_ord_75
                0x0000000000006e86                __devicehdl_dts_ord_80
                0x0000000000006e8c                __device_handles_end = .

ztest           0x0000000000006e8c        0x0
                0x0000000000006e8c                _ztest_expected_result_entry_list_start = .
 *(SORT_BY_NAME(SORT_BY_ALIGNMENT(._ztest_expected_result_entry.static.*)))
                0x0000000000006e8c                _ztest_expected_result_entry_list_end = .
                0x0000000000006e8c                _ztest_suite_node_list_start = .
 *(SORT_BY_NAME(SORT_BY_ALIGNMENT(._ztest_suite_node.static.*)))
                0x0000000000006e8c                _ztest_suite_node_list_end = .
                0x0000000000006e8c                _ztest_unit_test_list_start = .
 *(SORT_BY_NAME(SORT_BY_ALIGNMENT(._ztest_unit_test.static.*)))
                0x0000000000006e8c                _ztest_unit_test_list_end = .
                0x0000000000006e8c                _ztest_test_rule_list_start = .
 *(SORT_BY_NAME(SORT_BY_ALIGNMENT(._ztest_test_rule.static.*)))
                0x0000000000006e8c                _ztest_test_rule_list_end = .

bt_l2cap_fixed_chan_area
                0x0000000000006e8c        0x0
                0x0000000000006e8c                _bt_l2cap_fixed_chan_list_start = .
 *(SORT_BY_NAME(SORT_BY_ALIGNMENT(._bt_l2cap_fixed_chan.static.*)))
                0x0000000000006e8c                _bt_l2cap_fixed_chan_list_end = .

bt_gatt_service_static_area
                0x0000000000006e8c        0x0
                0x0000000000006e8c                _bt_gatt_service_static_list_start = .
 *(SORT_BY_NAME(SORT_BY_ALIGNMENT(._bt_gatt_service_static.static.*)))
                0x0000000000006e8c                _bt_gatt_service_static_list_end = .

log_strings_sections
                0x0000000000006e8c        0x0
                0x0000000000006e8c                __log_strings_start = .
 *(SORT_BY_NAME(SORT_BY_ALIGNMENT(.log_strings*)))
                0x0000000000006e8c                __log_strings_end = .

log_const_sections
                0x0000000000006e8c       0x50
                0x0000000000006e8c                __log_const_start = .
 *(SORT_BY_NAME(SORT_BY_ALIGNMENT(.log_const_*)))
 .log_const_NRFX_CLOCK
                0x0000000000006e8c        0x8 modules/hal_nordic/nrfx/libmodules__hal_nordic__nrfx.a(nrfx_clock.c.obj)
                0x0000000000006e8c                log_const_NRFX_CLOCK
 .log_const_NRFX_WDT
                0x0000000000006e94        0x8 modules/hal_nordic/nrfx/libmodules__hal_nordic__nrfx.a(nrfx_wdt.c.obj)
                0x0000000000006e94                log_const_NRFX_WDT
 .log_const_cbprintf_package
                0x0000000000006e9c        0x8 zephyr/libzephyr.a(cbprintf_packaged.c.obj)
                0x0000000000006e9c                log_const_cbprintf_package
 .log_const_clock_control
                0x0000000000006ea4        0x8 zephyr/drivers/clock_control/libdrivers__clock_control.a(clock_control_nrf.c.obj)
                0x0000000000006ea4                log_const_clock_control
 .log_const_flash_nrf
                0x0000000000006eac        0x8 zephyr/drivers/flash/libdrivers__flash.a(soc_flash_nrf.c.obj)
                0x0000000000006eac                log_const_flash_nrf
 .log_const_mpu
                0x0000000000006eb4        0x8 zephyr/arch/arch/arm/core/aarch32/mpu/libarch__arm__core__aarch32__mpu.a(arm_core_mpu.c.obj)
                0x0000000000006eb4                log_const_mpu
 .log_const_os  0x0000000000006ebc        0x8 zephyr/kernel/libkernel.a(init.c.obj)
                0x0000000000006ebc                log_const_os
 .log_const_pcd
                0x0000000000006ec4        0x8 modules/nrf/subsys/pcd/lib..__nrf__subsys__pcd.a(pcd.c.obj)
                0x0000000000006ec4                log_const_pcd
 .log_const_qspi_nor
                0x0000000000006ecc        0x8 zephyr/drivers/flash/libdrivers__flash.a(nrf_qspi_nor.c.obj)
                0x0000000000006ecc                log_const_qspi_nor
 .log_const_soc
                0x0000000000006ed4        0x8 zephyr/libzephyr.a(soc.c.obj)
                0x0000000000006ed4                log_const_soc
                0x0000000000006edc                __log_const_end = .

log_backend_area
                0x0000000000006edc        0x0
                0x0000000000006edc                _log_backend_list_start = .
 *(SORT_BY_NAME(SORT_BY_ALIGNMENT(._log_backend.static.*)))
                0x0000000000006edc                _log_backend_list_end = .

log_link_area   0x0000000000006edc        0x0
                0x0000000000006edc                _log_link_list_start = .
 *(SORT_BY_NAME(SORT_BY_ALIGNMENT(._log_link.static.*)))
                0x0000000000006edc                _log_link_list_end = .

tracing_backend_area
                0x0000000000006edc        0x0
                0x0000000000006edc                _tracing_backend_list_start = .
 *(SORT_BY_NAME(SORT_BY_ALIGNMENT(._tracing_backend.static.*)))
                0x0000000000006edc                _tracing_backend_list_end = .

zephyr_dbg_info
 *(SORT_BY_ALIGNMENT(.dbg_thread_info))

symbol_to_keep  0x0000000000006edc        0x0
                0x0000000000006edc                __symbol_to_keep_start = .
 *(SORT_BY_NAME(SORT_BY_ALIGNMENT(.symbol_to_keep*)))
                0x0000000000006edc                __symbol_to_keep_end = .

shell_area      0x0000000000006edc        0x0
                0x0000000000006edc                _shell_list_start = .
 *(SORT_BY_NAME(SORT_BY_ALIGNMENT(._shell.static.*)))
                0x0000000000006edc                _shell_list_end = .

shell_root_cmds_sections
                0x0000000000006edc        0x0
                0x0000000000006edc                __shell_root_cmds_start = .
 *(SORT_BY_NAME(SORT_BY_ALIGNMENT(.shell_root_cmd_*)))
                0x0000000000006edc                __shell_root_cmds_end = .

shell_subcmds_sections
                0x0000000000006edc        0x0
                0x0000000000006edc                __shell_subcmds_start = .
 *(SORT_BY_NAME(SORT_BY_ALIGNMENT(.shell_subcmd_*)))
                0x0000000000006edc                __shell_subcmds_end = .

shell_dynamic_subcmds_sections
                0x0000000000006edc        0x0
                0x0000000000006edc                __shell_dynamic_subcmds_start = .
 *(SORT_BY_NAME(SORT_BY_ALIGNMENT(.shell_dynamic_subcmd_*)))
                0x0000000000006edc                __shell_dynamic_subcmds_end = .

font_entry_sections
                0x0000000000006edc        0x0
                0x0000000000006edc                __font_entry_start = .
 *(SORT_BY_NAME(SORT_BY_ALIGNMENT(._cfb_font.*)))
                0x0000000000006edc                __font_entry_end = .

rodata          0x0000000000006ee0      0x5c4
 *(SORT_BY_ALIGNMENT(.rodata))
 *(SORT_BY_ALIGNMENT(.rodata.*))
 .rodata.delay_machine_code.0
                0x0000000000006ee0        0x6 zephyr/libzephyr.a(soc.c.obj)
 *fill*         0x0000000000006ee6        0x2 
 .rodata.bootutil_key_cnt
                0x0000000000006ee8        0x4 app/libapp.a(keys.c.obj)
                0x0000000000006ee8                bootutil_key_cnt
 .rodata.bootutil_keys
                0x0000000000006eec        0x8 app/libapp.a(keys.c.obj)
                0x0000000000006eec                bootutil_keys
 .rodata.rsa_pub_key_len
                0x0000000000006ef4        0x4 app/libapp.a(autogen-pubkey.c.obj)
                0x0000000000006ef4                rsa_pub_key_len
 .rodata.flash_map_entries
                0x0000000000006ef8        0x4 zephyr/libzephyr.a(flash_map_partition_manager.c.obj)
                0x0000000000006ef8                flash_map_entries
 .rodata.default_flash_map
                0x0000000000006efc       0xc0 zephyr/libzephyr.a(flash_map_partition_manager.c.obj)
                0x0000000000006efc                default_flash_map
 .rodata.apis   0x0000000000006fbc        0x8 zephyr/libzephyr.a(nrf_cc3xx_platform_abort_zephyr.c.obj)
 .rodata.static_regions
                0x0000000000006fc4        0xc zephyr/arch/arch/arm/core/aarch32/mpu/libarch__arm__core__aarch32__mpu.a(arm_core_mpu.c.obj)
 .rodata.mpu_config
                0x0000000000006fd0        0x8 zephyr/soc/arm/common/cortex_m/libsoc__arm__common__cortex_m.a(arm_mpu_regions.c.obj)
                0x0000000000006fd0                mpu_config
 .rodata.mpu_regions
                0x0000000000006fd8       0x20 zephyr/soc/arm/common/cortex_m/libsoc__arm__common__cortex_m.a(arm_mpu_regions.c.obj)
 .rodata.transitions.0
                0x0000000000006ff8        0xc zephyr/drivers/clock_control/libdrivers__clock_control.a(clock_control_nrf.c.obj)
 .rodata.config
                0x0000000000007004       0x20 zephyr/drivers/clock_control/libdrivers__clock_control.a(clock_control_nrf.c.obj)
 .rodata.clock_control_api
                0x0000000000007024       0x1c zephyr/drivers/clock_control/libdrivers__clock_control.a(clock_control_nrf.c.obj)
 .rodata.qspi_flash_parameters.0
                0x0000000000007040        0x8 zephyr/drivers/flash/libdrivers__flash.a(nrf_qspi_nor.c.obj)
 .rodata.qspi_nor_dev_config
                0x0000000000007048       0x24 zephyr/drivers/flash/libdrivers__flash.a(nrf_qspi_nor.c.obj)
 .rodata.__pinctrl_dev_config__device_dts_ord_140
                0x000000000000706c        0xc zephyr/drivers/flash/libdrivers__flash.a(nrf_qspi_nor.c.obj)
 .rodata.__pinctrl_states__device_dts_ord_140
                0x0000000000007078        0x8 zephyr/drivers/flash/libdrivers__flash.a(nrf_qspi_nor.c.obj)
 .rodata.__pinctrl_state_pins_0__device_dts_ord_140
                0x0000000000007080       0x18 zephyr/drivers/flash/libdrivers__flash.a(nrf_qspi_nor.c.obj)
 .rodata.qspi_nor_api
                0x0000000000007098       0x14 zephyr/drivers/flash/libdrivers__flash.a(nrf_qspi_nor.c.obj)
 .rodata.dev_layout
                0x00000000000070ac        0x8 zephyr/drivers/flash/libdrivers__flash.a(nrf_qspi_nor.c.obj)
 .rodata.flash_sim_pages_layout
                0x00000000000070b4        0x8 zephyr/drivers/flash/libdrivers__flash.a(flash_simulator.c.obj)
 .rodata.flash_sim_parameters
                0x00000000000070bc        0x8 zephyr/drivers/flash/libdrivers__flash.a(flash_simulator.c.obj)
 .rodata.flash_sim_api
                0x00000000000070c4       0x14 zephyr/drivers/flash/libdrivers__flash.a(flash_simulator.c.obj)
 .rodata.flash_nrf_api
                0x00000000000070d8       0x14 zephyr/drivers/flash/libdrivers__flash.a(soc_flash_nrf.c.obj)
 .rodata.flash_nrf_parameters
                0x00000000000070ec        0x8 zephyr/drivers/flash/libdrivers__flash.a(soc_flash_nrf.c.obj)
 .rodata.K      0x00000000000070f4      0x100 modules/mbedtls/libmodules__mbedtls.a(sha256.c.obj)
 .rodata.levels.0
                0x00000000000071f4       0x18 zephyr/kernel/libkernel.a(init.c.obj)
 .rodata.CSWTCH.10
                0x000000000000720c       0x20 C:/ncs/v2.4.2/nrfxlib/crypto/nrf_cc312_platform/lib/cortex-m33/soft-float/no-interrupts/libnrf_cc312_platform_0.9.17.a(nrf_cc3xx_platform.c.obj)
 .rodata.CC_PalPowerSaveModeInit.str1.4
                0x000000000000722c       0x20 C:/ncs/v2.4.2/nrfxlib/crypto/nrf_cc312_platform/lib/cortex-m33/soft-float/no-interrupts/libnrf_cc312_platform_0.9.17.a(cc_pal_pm.c.obj)
 .rodata.mutex_free.str1.4
                0x000000000000724c       0x26 C:/ncs/v2.4.2/nrfxlib/crypto/nrf_cc312_platform/lib/cortex-m33/soft-float/no-interrupts/libnrf_cc312_platform_0.9.17.a(nrf_cc3xx_platform_mutex.c.obj)
 *fill*         0x0000000000007272        0x2 
 .rodata.mutex_init.str1.4
                0x0000000000007274       0x23 C:/ncs/v2.4.2/nrfxlib/crypto/nrf_cc312_platform/lib/cortex-m33/soft-float/no-interrupts/libnrf_cc312_platform_0.9.17.a(nrf_cc3xx_platform_mutex.c.obj)
 *fill*         0x0000000000007297        0x1 
 .rodata.CSWTCH.2031
                0x0000000000007298       0x16 zephyr/drivers/flash/libdrivers__flash.a(nrf_qspi_nor.c.obj)
 .rodata.boot_img_magic
                0x00000000000072ae       0x10 modules/mcuboot/boot/bootutil/zephyr/libmcuboot_util.a(bootutil_public.c.obj)
                0x00000000000072ae                boot_img_magic
 .rodata.pss_zeros
                0x00000000000072be        0x8 app/libapp.a(image_rsa.c.obj)
 .rodata.rsa_pub_key
                0x00000000000072c6      0x10e app/libapp.a(autogen-pubkey.c.obj)
                0x00000000000072c6                rsa_pub_key
 .rodata.str1.1
                0x00000000000073d4       0x11 zephyr/libzephyr.a(cbprintf_packaged.c.obj)
 .rodata.str1.1
                0x00000000000073e5        0x4 zephyr/libzephyr.a(soc.c.obj)
 .rodata.str1.1
                0x00000000000073e9        0x4 zephyr/arch/arch/arm/core/aarch32/mpu/libarch__arm__core__aarch32__mpu.a(arm_core_mpu.c.obj)
 .rodata.str1.1
                0x00000000000073ed        0xf zephyr/soc/arm/common/cortex_m/libsoc__arm__common__cortex_m.a(arm_mpu_regions.c.obj)
 .rodata.str1.1
                0x00000000000073fc       0x19 zephyr/drivers/clock_control/libdrivers__clock_control.a(clock_control_nrf.c.obj)
 .rodata.str1.1
                0x0000000000007415       0x16 zephyr/drivers/flash/libdrivers__flash.a(nrf_qspi_nor.c.obj)
 .rodata.str1.1
                0x000000000000742b       0x1e zephyr/drivers/flash/libdrivers__flash.a(flash_simulator.c.obj)
 .rodata.str1.1
                0x0000000000007449       0x21 zephyr/drivers/flash/libdrivers__flash.a(soc_flash_nrf.c.obj)
 .rodata.str1.1
                0x000000000000746a        0x4 modules/nrf/subsys/pcd/lib..__nrf__subsys__pcd.a(pcd.c.obj)
 .rodata.boot_swap_tables
                0x000000000000746e       0x12 modules/mcuboot/boot/bootutil/zephyr/libmcuboot_util.a(bootutil_public.c.obj)
 .rodata.CSWTCH.17
                0x0000000000007480        0x4 modules/hal_nordic/nrfx/libmodules__hal_nordic__nrfx.a(system_nrf5340_application.c.obj)
 .rodata.CSWTCH.5
                0x0000000000007484        0x4 modules/hal_nordic/nrfx/libmodules__hal_nordic__nrfx.a(system_nrf5340_application.c.obj)
 .rodata.CSWTCH.3
                0x0000000000007488        0x4 modules/hal_nordic/nrfx/libmodules__hal_nordic__nrfx.a(system_nrf5340_application.c.obj)
 .rodata.str1.1
                0x000000000000748c        0xb modules/hal_nordic/nrfx/libmodules__hal_nordic__nrfx.a(nrfx_clock.c.obj)
 .rodata.str1.1
                0x0000000000007497        0x9 modules/hal_nordic/nrfx/libmodules__hal_nordic__nrfx.a(nrfx_wdt.c.obj)
 .rodata.str1.1
                0x00000000000074a0        0x3 zephyr/kernel/libkernel.a(init.c.obj)
 *(SORT_BY_ALIGNMENT(.gnu.linkonce.r.*))
                0x00000000000074a4                . = ALIGN (0x4)
 *fill*         0x00000000000074a3        0x1 
                0x00000000000074a4                __rodata_region_end = .
                0x00000000000074c0                . = ALIGN (_region_min_align)
                0x00000000000074c0                __rom_region_end = ((__rom_region_start + .) - ADDR (rom_start))

/DISCARD/
 *(SORT_BY_ALIGNMENT(.got.plt))
 *(SORT_BY_ALIGNMENT(.igot.plt))
 *(SORT_BY_ALIGNMENT(.got))
 *(SORT_BY_ALIGNMENT(.igot))
                0x0000000020002000                . = 0x20002000
                0x0000000020002000                . = ALIGN (_region_min_align)
                0x0000000020002000                _image_ram_start = .

.ramfunc        0x0000000020002000        0x0 load address 0x00000000000074a4
                0x0000000020002000                . = ALIGN (_region_min_align)
                0x0000000020002000                __ramfunc_start = .
 *(SORT_BY_ALIGNMENT(.ramfunc))
 *(SORT_BY_ALIGNMENT(.ramfunc.*))
                0x0000000020002000                . = ALIGN (_region_min_align)
                0x0000000020002000                __ramfunc_end = .
                0x0000000000000000                __ramfunc_size = (__ramfunc_end - __ramfunc_start)
                0x00000000000074a4                __ramfunc_load_start = LOADADDR (.ramfunc)

datas           0x0000000020002000       0x88 load address 0x00000000000074a4
                0x0000000020002000                __data_region_start = .
                0x0000000020002000                __data_start = .
 *(SORT_BY_ALIGNMENT(.data))
 *(SORT_BY_ALIGNMENT(.data.*))
 .data.FIH_BOOT_HOOK_REGULAR
                0x0000000020002000        0x4 app/libapp.a(fault_injection_hardening.c.obj)
                0x0000000020002000                FIH_BOOT_HOOK_REGULAR
 .data.FIH_NO_BOOTABLE_IMAGE
                0x0000000020002004        0x4 app/libapp.a(fault_injection_hardening.c.obj)
                0x0000000020002004                FIH_NO_BOOTABLE_IMAGE
 .data.FIH_FAILURE
                0x0000000020002008        0x4 app/libapp.a(fault_injection_hardening.c.obj)
                0x0000000020002008                FIH_FAILURE
 .data.flash_map
                0x000000002000200c        0x4 zephyr/libzephyr.a(flash_map_partition_manager.c.obj)
                0x000000002000200c                flash_map
 .data.mbedtls_exit
                0x0000000020002010        0x4 modules/mbedtls/libmodules__mbedtls.a(platform.c.obj)
                0x0000000020002010                mbedtls_exit
 .data.mbedtls_free_func
                0x0000000020002014        0x4 modules/mbedtls/libmodules__mbedtls.a(platform.c.obj)
                0x0000000020002014                mbedtls_free_func
 .data.mbedtls_calloc_func
                0x0000000020002018        0x4 modules/mbedtls/libmodules__mbedtls.a(platform.c.obj)
                0x0000000020002018                mbedtls_calloc_func
 .data.SystemCoreClock
                0x000000002000201c        0x4 modules/hal_nordic/nrfx/libmodules__hal_nordic__nrfx.a(system_nrf5340_application.c.obj)
                0x000000002000201c                SystemCoreClock
 .data.timeout_list
                0x0000000020002020        0x8 zephyr/kernel/libkernel.a(timeout.c.obj)
 .data.platform_abort_apis
                0x0000000020002028        0x8 C:/ncs/v2.4.2/nrfxlib/crypto/nrf_cc312_platform/lib/cortex-m33/soft-float/no-interrupts/libnrf_cc312_platform_0.9.17.a(nrf_cc3xx_platform_abort.c.obj)
                0x0000000020002028                platform_abort_apis
 .data.pCCRndCryptoMutex
                0x0000000020002030        0x4 C:/ncs/v2.4.2/nrfxlib/crypto/nrf_cc312_platform/lib/cortex-m33/soft-float/no-interrupts/libnrf_cc312_platform_0.9.17.a(cc_pal.c.obj)
                0x0000000020002030                pCCRndCryptoMutex
 .data.CCPowerMutex
                0x0000000020002034        0x4 C:/ncs/v2.4.2/nrfxlib/crypto/nrf_cc312_platform/lib/cortex-m33/soft-float/no-interrupts/libnrf_cc312_platform_0.9.17.a(cc_pal.c.obj)
                0x0000000020002034                CCPowerMutex
 .data.CCRndCryptoMutex
                0x0000000020002038        0x4 C:/ncs/v2.4.2/nrfxlib/crypto/nrf_cc312_platform/lib/cortex-m33/soft-float/no-interrupts/libnrf_cc312_platform_0.9.17.a(cc_pal.c.obj)
                0x0000000020002038                CCRndCryptoMutex
 .data.CCAsymCryptoMutex
                0x000000002000203c        0x4 C:/ncs/v2.4.2/nrfxlib/crypto/nrf_cc312_platform/lib/cortex-m33/soft-float/no-interrupts/libnrf_cc312_platform_0.9.17.a(cc_pal.c.obj)
                0x000000002000203c                CCAsymCryptoMutex
 .data.CCSymCryptoMutex
                0x0000000020002040        0x4 C:/ncs/v2.4.2/nrfxlib/crypto/nrf_cc312_platform/lib/cortex-m33/soft-float/no-interrupts/libnrf_cc312_platform_0.9.17.a(cc_pal.c.obj)
                0x0000000020002040                CCSymCryptoMutex
 .data.platform_mutexes
                0x0000000020002044       0x14 C:/ncs/v2.4.2/nrfxlib/crypto/nrf_cc312_platform/lib/cortex-m33/soft-float/no-interrupts/libnrf_cc312_platform_0.9.17.a(nrf_cc3xx_platform_mutex.c.obj)
                0x0000000020002044                platform_mutexes
 .data.platform_mutex_apis
                0x0000000020002058       0x10 C:/ncs/v2.4.2/nrfxlib/crypto/nrf_cc312_platform/lib/cortex-m33/soft-float/no-interrupts/libnrf_cc312_platform_0.9.17.a(nrf_cc3xx_platform_mutex.c.obj)
                0x0000000020002058                platform_mutex_apis
 .data.power_mutex
                0x0000000020002068        0x8 C:/ncs/v2.4.2/nrfxlib/crypto/nrf_cc312_platform/lib/cortex-m33/soft-float/no-interrupts/libnrf_cc312_platform_0.9.17.a(nrf_cc3xx_platform_mutex.c.obj)
 .data.rng_mutex
                0x0000000020002070        0x8 C:/ncs/v2.4.2/nrfxlib/crypto/nrf_cc312_platform/lib/cortex-m33/soft-float/no-interrupts/libnrf_cc312_platform_0.9.17.a(nrf_cc3xx_platform_mutex.c.obj)
 .data.asym_mutex
                0x0000000020002078        0x8 C:/ncs/v2.4.2/nrfxlib/crypto/nrf_cc312_platform/lib/cortex-m33/soft-float/no-interrupts/libnrf_cc312_platform_0.9.17.a(nrf_cc3xx_platform_mutex.c.obj)
 .data.sym_mutex
                0x0000000020002080        0x8 C:/ncs/v2.4.2/nrfxlib/crypto/nrf_cc312_platform/lib/cortex-m33/soft-float/no-interrupts/libnrf_cc312_platform_0.9.17.a(nrf_cc3xx_platform_mutex.c.obj)
 *(SORT_BY_ALIGNMENT(.kernel.*))
                0x0000000020002088                __data_end = .
                0x0000000000000088                __data_size = (__data_end - __data_start)
                0x00000000000074a4                __data_load_start = LOADADDR (datas)
                0x00000000000074a4                __data_region_load_start = LOADADDR (datas)

device_states   0x0000000020002088        0x8 load address 0x000000000000752c
                0x0000000020002088                __device_states_start = .
 *(SORT_BY_ALIGNMENT(.z_devstate))